Archive member included to satisfy reference by file (symbol)

C:/ST/STM32CubeIDE_1.18.1/STM32CubeIDE/plugins/com.st.stm32cube.ide.mcu.externaltools.gnu-tools-for-stm32.13.3.rel1.win32_1.0.0.202411081344/tools/bin/../lib/gcc/arm-none-eabi/13.3.1/../../../../arm-none-eabi/lib/thumb/v7e-m+fp/hard\libc_nano.a(libc_a-exit.o)
                              C:/ST/STM32CubeIDE_1.18.1/STM32CubeIDE/plugins/com.st.stm32cube.ide.mcu.externaltools.gnu-tools-for-stm32.13.3.rel1.win32_1.0.0.202411081344/tools/bin/../lib/gcc/arm-none-eabi/13.3.1/../../../../arm-none-eabi/lib/thumb/v7e-m+fp/hard/crt0.o (exit)
C:/ST/STM32CubeIDE_1.18.1/STM32CubeIDE/plugins/com.st.stm32cube.ide.mcu.externaltools.gnu-tools-for-stm32.13.3.rel1.win32_1.0.0.202411081344/tools/bin/../lib/gcc/arm-none-eabi/13.3.1/../../../../arm-none-eabi/lib/thumb/v7e-m+fp/hard\libc_nano.a(libc_a-findfp.o)
                              C:/ST/STM32CubeIDE_1.18.1/STM32CubeIDE/plugins/com.st.stm32cube.ide.mcu.externaltools.gnu-tools-for-stm32.13.3.rel1.win32_1.0.0.202411081344/tools/bin/../lib/gcc/arm-none-eabi/13.3.1/../../../../arm-none-eabi/lib/thumb/v7e-m+fp/hard\libc_nano.a(libc_a-exit.o) (__stdio_exit_handler)
C:/ST/STM32CubeIDE_1.18.1/STM32CubeIDE/plugins/com.st.stm32cube.ide.mcu.externaltools.gnu-tools-for-stm32.13.3.rel1.win32_1.0.0.202411081344/tools/bin/../lib/gcc/arm-none-eabi/13.3.1/../../../../arm-none-eabi/lib/thumb/v7e-m+fp/hard\libc_nano.a(libc_a-fwalk.o)
                              C:/ST/STM32CubeIDE_1.18.1/STM32CubeIDE/plugins/com.st.stm32cube.ide.mcu.externaltools.gnu-tools-for-stm32.13.3.rel1.win32_1.0.0.202411081344/tools/bin/../lib/gcc/arm-none-eabi/13.3.1/../../../../arm-none-eabi/lib/thumb/v7e-m+fp/hard\libc_nano.a(libc_a-findfp.o) (_fwalk_sglue)
C:/ST/STM32CubeIDE_1.18.1/STM32CubeIDE/plugins/com.st.stm32cube.ide.mcu.externaltools.gnu-tools-for-stm32.13.3.rel1.win32_1.0.0.202411081344/tools/bin/../lib/gcc/arm-none-eabi/13.3.1/../../../../arm-none-eabi/lib/thumb/v7e-m+fp/hard\libc_nano.a(libc_a-snprintf.o)
                              ./Core/ssd1306/ssd1306_tests.o (snprintf)
C:/ST/STM32CubeIDE_1.18.1/STM32CubeIDE/plugins/com.st.stm32cube.ide.mcu.externaltools.gnu-tools-for-stm32.13.3.rel1.win32_1.0.0.202411081344/tools/bin/../lib/gcc/arm-none-eabi/13.3.1/../../../../arm-none-eabi/lib/thumb/v7e-m+fp/hard\libc_nano.a(libc_a-sprintf.o)
                              ./Core/Src/adc.o (sprintf)
C:/ST/STM32CubeIDE_1.18.1/STM32CubeIDE/plugins/com.st.stm32cube.ide.mcu.externaltools.gnu-tools-for-stm32.13.3.rel1.win32_1.0.0.202411081344/tools/bin/../lib/gcc/arm-none-eabi/13.3.1/../../../../arm-none-eabi/lib/thumb/v7e-m+fp/hard\libc_nano.a(libc_a-stdio.o)
                              C:/ST/STM32CubeIDE_1.18.1/STM32CubeIDE/plugins/com.st.stm32cube.ide.mcu.externaltools.gnu-tools-for-stm32.13.3.rel1.win32_1.0.0.202411081344/tools/bin/../lib/gcc/arm-none-eabi/13.3.1/../../../../arm-none-eabi/lib/thumb/v7e-m+fp/hard\libc_nano.a(libc_a-findfp.o) (__sread)
C:/ST/STM32CubeIDE_1.18.1/STM32CubeIDE/plugins/com.st.stm32cube.ide.mcu.externaltools.gnu-tools-for-stm32.13.3.rel1.win32_1.0.0.202411081344/tools/bin/../lib/gcc/arm-none-eabi/13.3.1/../../../../arm-none-eabi/lib/thumb/v7e-m+fp/hard\libc_nano.a(libc_a-memcmp.o)
                              ./USB_DEVICE/App/usbd_midi_if.o (memcmp)
C:/ST/STM32CubeIDE_1.18.1/STM32CubeIDE/plugins/com.st.stm32cube.ide.mcu.externaltools.gnu-tools-for-stm32.13.3.rel1.win32_1.0.0.202411081344/tools/bin/../lib/gcc/arm-none-eabi/13.3.1/../../../../arm-none-eabi/lib/thumb/v7e-m+fp/hard\libc_nano.a(libc_a-memmove.o)
                              ./Core/ssd1306/ssd1306_tests.o (memmove)
C:/ST/STM32CubeIDE_1.18.1/STM32CubeIDE/plugins/com.st.stm32cube.ide.mcu.externaltools.gnu-tools-for-stm32.13.3.rel1.win32_1.0.0.202411081344/tools/bin/../lib/gcc/arm-none-eabi/13.3.1/../../../../arm-none-eabi/lib/thumb/v7e-m+fp/hard\libc_nano.a(libc_a-memset.o)
                              C:/ST/STM32CubeIDE_1.18.1/STM32CubeIDE/plugins/com.st.stm32cube.ide.mcu.externaltools.gnu-tools-for-stm32.13.3.rel1.win32_1.0.0.202411081344/tools/bin/../lib/gcc/arm-none-eabi/13.3.1/../../../../arm-none-eabi/lib/thumb/v7e-m+fp/hard/crt0.o (memset)
C:/ST/STM32CubeIDE_1.18.1/STM32CubeIDE/plugins/com.st.stm32cube.ide.mcu.externaltools.gnu-tools-for-stm32.13.3.rel1.win32_1.0.0.202411081344/tools/bin/../lib/gcc/arm-none-eabi/13.3.1/../../../../arm-none-eabi/lib/thumb/v7e-m+fp/hard\libc_nano.a(libc_a-closer.o)
                              C:/ST/STM32CubeIDE_1.18.1/STM32CubeIDE/plugins/com.st.stm32cube.ide.mcu.externaltools.gnu-tools-for-stm32.13.3.rel1.win32_1.0.0.202411081344/tools/bin/../lib/gcc/arm-none-eabi/13.3.1/../../../../arm-none-eabi/lib/thumb/v7e-m+fp/hard\libc_nano.a(libc_a-stdio.o) (_close_r)
C:/ST/STM32CubeIDE_1.18.1/STM32CubeIDE/plugins/com.st.stm32cube.ide.mcu.externaltools.gnu-tools-for-stm32.13.3.rel1.win32_1.0.0.202411081344/tools/bin/../lib/gcc/arm-none-eabi/13.3.1/../../../../arm-none-eabi/lib/thumb/v7e-m+fp/hard\libc_nano.a(libc_a-reent.o)
[...]
Memory Configuration

Name             Origin             Length             Attributes
RAM              0x20000000         0x00020000         xrw
FLASH            0x08000000         0x00080000         xr
*default*        0x00000000         0xffffffff

Linker script and memory map

LOAD C:/ST/STM32CubeIDE_1.18.1/STM32CubeIDE/plugins/com.st.stm32cube.ide.mcu.externaltools.gnu-tools-for-stm32.13.3.rel1.win32_1.0.0.202411081344/tools/bin/../lib/gcc/arm-none-eabi/13.3.1/thumb/v7e-m+fp/hard/crti.o
LOAD C:/ST/STM32CubeIDE_1.18.1/STM32CubeIDE/plugins/com.st.stm32cube.ide.mcu.externaltools.gnu-tools-for-stm32.13.3.rel1.win32_1.0.0.202411081344/tools/bin/../lib/gcc/arm-none-eabi/13.3.1/thumb/v7e-m+fp/hard/crtbegin.o
LOAD C:/ST/STM32CubeIDE_1.18.1/STM32CubeIDE/plugins/com.st.stm32cube.ide.mcu.externaltools.gnu-tools-for-stm32.13.3.rel1.win32_1.0.0.202411081344/tools/bin/../lib/gcc/arm-none-eabi/13.3.1/../../../../arm-none-eabi/lib/thumb/v7e-m+fp/hard/crt0.o
LOAD ./Core/Src/adc.o
LOAD ./Core/Src/gpio.o
LOAD ./Core/Src/i2c.o
LOAD ./Core/Src/main.o
LOAD ./Core/Src/stm32f4xx_hal_msp.o
LOAD ./Core/Src/stm32f4xx_it.o
LOAD ./Core/Src/syscalls.o
LOAD ./Core/Src/sysmem.o
LOAD ./Core/Src/system_stm32f4xx.o
LOAD ./Core/Startup/startup_stm32f411ceux.o
LOAD ./Core/ssd1306/ssd1306.o
LOAD ./Core/ssd1306/ssd1306_fonts.o
LOAD ./Core/ssd1306/ssd1306_tests.o
LOAD ./Drivers/STM32F4xx_HAL_Driver/Src/stm32f4xx_hal.o
LOAD ./Drivers/STM32F4xx_HAL_Driver/Src/stm32f4xx_hal_adc.o
LOAD ./Drivers/STM32F4xx_HAL_Driver/Src/stm32f4xx_hal_adc_ex.o
LOAD ./Drivers/STM32F4xx_HAL_Driver/Src/stm32f4xx_hal_cortex.o
LOAD ./Drivers/STM32F4xx_HAL_Driver/Src/stm32f4xx_hal_dma.o
LOAD ./Drivers/STM32F4xx_HAL_Driver/Src/stm32f4xx_hal_dma_ex.o
LOAD ./Drivers/STM32F4xx_HAL_Driver/Src/stm32f4xx_hal_exti.o
LOAD ./Drivers/STM32F4xx_HAL_Driver/Src/stm32f4xx_hal_flash.o
LOAD ./Drivers/STM32F4xx_HAL_Driver/Src/stm32f4xx_hal_flash_ex.o
LOAD ./Drivers/STM32F4xx_HAL_Driver/Src/stm32f4xx_hal_flash_ramfunc.o
LOAD ./Drivers/STM32F4xx_HAL_Driver/Src/stm32f4xx_hal_gpio.o
LOAD ./Drivers/STM32F4xx_HAL_Driver/Src/stm32f4xx_hal_i2c.o
LOAD ./Drivers/STM32F4xx_HAL_Driver/Src/stm32f4xx_hal_i2c_ex.o
LOAD ./Drivers/STM32F4xx_HAL_Driver/Src/stm32f4xx_hal_pcd.o
LOAD ./Drivers/STM32F4xx_HAL_Driver/Src/stm32f4xx_hal_pcd_ex.o
LOAD ./Drivers/STM32F4xx_HAL_Driver/Src/stm32f4xx_hal_pwr.o
LOAD ./Drivers/STM32F4xx_HAL_Driver/Src/stm32f4xx_hal_pwr_ex.o
LOAD ./Drivers/STM32F4xx_HAL_Driver/Src/stm32f4xx_hal_rcc.o
LOAD ./Drivers/STM32F4xx_HAL_Driver/Src/stm32f4xx_hal_rcc_ex.o
LOAD ./Drivers/STM32F4xx_HAL_Driver/Src/stm32f4xx_ll_adc.o
LOAD ./Drivers/STM32F4xx_HAL_Driver/Src/stm32f4xx_ll_usb.o
LOAD ./Middlewares/ST/STM32_USB_Device_Library/Class/AUDIO/Src/usbd_audio.o
LOAD ./Middlewares/ST/STM32_USB_Device_Library/Class/MIDI/Src/usbd_midi.o
LOAD ./Middlewares/ST/STM32_USB_Device_Library/Core/Src/usbd_core.o
LOAD ./Middlewares/ST/STM32_USB_Device_Library/Core/Src/usbd_ctlreq.o
LOAD ./Middlewares/ST/STM32_USB_Device_Library/Core/Src/usbd_ioreq.o
LOAD ./USB_DEVICE/App/usb_device.o
LOAD ./USB_DEVICE/App/usbd_audio_if.o
LOAD ./USB_DEVICE/App/usbd_desc.o
LOAD ./USB_DEVICE/App/usbd_midi_if.o
LOAD ./USB_DEVICE/Target/usbd_conf.o
START GROUP
LOAD C:/ST/STM32CubeIDE_1.18.1/STM32CubeIDE/plugins/com.st.stm32cube.ide.mcu.externaltools.gnu-tools-for-stm32.13.3.rel1.win32_1.0.0.202411081344/tools/bin/../lib/gcc/arm-none-eabi/13.3.1/../../../../arm-none-eabi/lib/thumb/v7e-m+fp/hard\libc_nano.a
LOAD C:/ST/STM32CubeIDE_1.18.1/STM32CubeIDE/plugins/com.st.stm32cube.ide.mcu.externaltools.gnu-tools-for-stm32.13.3.rel1.win32_1.0.0.202411081344/tools/bin/../lib/gcc/arm-none-eabi/13.3.1/../../../../arm-none-eabi/lib/thumb/v7e-m+fp/hard\libm.a
END GROUP
START GROUP
LOAD C:/ST/STM32CubeIDE_1.18.1/STM32CubeIDE/plugins/com.st.stm32cube.ide.mcu.externaltools.gnu-tools-for-stm32.13.3.rel1.win32_1.0.0.202411081344/tools/bin/../lib/gcc/arm-none-eabi/13.3.1/thumb/v7e-m+fp/hard\libgcc.a
LOAD C:/ST/STM32CubeIDE_1.18.1/STM32CubeIDE/plugins/com.st.stm32cube.ide.mcu.externaltools.gnu-tools-for-stm32.13.3.rel1.win32_1.0.0.202411081344/tools/bin/../lib/gcc/arm-none-eabi/13.3.1/../../../../arm-none-eabi/lib/thumb/v7e-m+fp/hard\libc_nano.a
END GROUP
START GROUP
LOAD C:/ST/STM32CubeIDE_1.18.1/STM32CubeIDE/plugins/com.st.stm32cube.ide.mcu.externaltools.gnu-tools-for-stm32.13.3.rel1.win32_1.0.0.202411081344/tools/bin/../lib/gcc/arm-none-eabi/13.3.1/thumb/v7e-m+fp/hard\libgcc.a
LOAD C:/ST/STM32CubeIDE_1.18.1/STM32CubeIDE/plugins/com.st.stm32cube.ide.mcu.externaltools.gnu-tools-for-stm32.13.3.rel1.win32_1.0.0.202411081344/tools/bin/../lib/gcc/arm-none-eabi/13.3.1/../../../../arm-none-eabi/lib/thumb/v7e-m+fp/hard\libc_nano.a
LOAD C:/ST/STM32CubeIDE_1.18.1/STM32CubeIDE/plugins/com.st.stm32cube.ide.mcu.externaltools.gnu-tools-for-stm32.13.3.rel1.win32_1.0.0.202411081344/tools/bin/../lib/gcc/arm-none-eabi/13.3.1/../../../../arm-none-eabi/lib/thumb/v7e-m+fp/hard\libnosys.a
END GROUP
START GROUP
LOAD C:/ST/STM32CubeIDE_1.18.1/STM32CubeIDE/plugins/com.st.stm32cube.ide.mcu.externaltools.gnu-tools-for-stm32.13.3.rel1.win32_1.0.0.202411081344/tools/bin/../lib/gcc/arm-none-eabi/13.3.1/thumb/v7e-m+fp/hard\libgcc.a
LOAD C:/ST/STM32CubeIDE_1.18.1/STM32CubeIDE/plugins/com.st.stm32cube.ide.mcu.externaltools.gnu-tools-for-stm32.13.3.rel1.win32_1.0.0.202411081344/tools/bin/../lib/gcc/arm-none-eabi/13.3.1/../../../../arm-none-eabi/lib/thumb/v7e-m+fp/hard\libc_nano.a
LOAD C:/ST/STM32CubeIDE_1.18.1/STM32CubeIDE/plugins/com.st.stm32cube.ide.mcu.externaltools.gnu-tools-for-stm32.13.3.rel1.win32_1.0.0.202411081344/tools/bin/../lib/gcc/arm-none-eabi/13.3.1/../../../../arm-none-eabi/lib/thumb/v7e-m+fp/hard\libnosys.a
END GROUP
LOAD C:/ST/STM32CubeIDE_1.18.1/STM32CubeIDE/plugins/com.st.stm32cube.ide.mcu.externaltools.gnu-tools-for-stm32.13.3.rel1.win32_1.0.0.202411081344/tools/bin/../lib/gcc/arm-none-eabi/13.3.1/thumb/v7e-m+fp/hard/crtend.o
LOAD C:/ST/STM32CubeIDE_1.18.1/STM32CubeIDE/plugins/com.st.stm32cube.ide.mcu.externaltools.gnu-tools-for-stm32.13.3.rel1.win32_1.0.0.202411081344/tools/bin/../lib/gcc/arm-none-eabi/13.3.1/thumb/v7e-m+fp/hard/crtn.o
                0x20020000                        _estack = (ORIGIN (RAM) + LENGTH (RAM))
                0x00000200                        _Min_Heap_Size = 0x200
                0x00000400                        _Min_Stack_Size = 0x400

.isr_vector     0x08000000      0x198
                0x08000000                        . = ALIGN (0x4)
 *(.isr_vector)
 .isr_vector    0x08000000      0x198 ./Core/Startup/startup_stm32f411ceux.o
                0x08000000                g_pfnVectors
                0x08000198                        . = ALIGN (0x4)

.text           0x080001a0     0x889c
                0x080001a0                        . = ALIGN (0x4)
 *(.text)
 .text          0x080001a0       0x40 C:/ST/STM32CubeIDE_1.18.1/STM32CubeIDE/plugins/com.st.stm32cube.ide.mcu.externaltools.gnu-tools-for-stm32.13.3.rel1.win32_1.0.0.202411081344/tools/bin/../lib/gcc/arm-none-eabi/13.3.1/thumb/v7e-m+fp/hard/crtbegin.o
 .text          0x080001e0       0xa0 C:/ST/STM32CubeIDE_1.18.1/STM32CubeIDE/plugins/com.st.stm32cube.ide.mcu.externaltools.gnu-tools-for-stm32.13.3.rel1.win32_1.0.0.202411081344/tools/bin/../lib/gcc/arm-none-eabi/13.3.1/../../../../arm-none-eabi/lib/thumb/v7e-m+fp/hard\libc_nano.a(libc_a-memchr.o)
                0x080001e0                memchr
 .text          0x08000280       0x30 C:/ST/STM32CubeIDE_1.18.1/STM32CubeIDE/plugins/com.st.stm32cube.ide.mcu.externaltools.gnu-tools-for-stm32.13.3.rel1.win32_1.0.0.202411081344/tools/bin/../lib/gcc/arm-none-eabi/13.3.1/thumb/v7e-m+fp/hard\libgcc.a(_aeabi_uldivmod.o)
                0x08000280                __aeabi_uldivmod
 .text          0x080002b0      0x2f8 C:/ST/STM32CubeIDE_1.18.1/STM32CubeIDE/plugins/com.st.stm32cube.ide.mcu.externaltools.gnu-tools-for-stm32.13.3.rel1.win32_1.0.0.202411081344/tools/bin/../lib/gcc/arm-none-eabi/13.3.1/thumb/v7e-m+fp/hard\libgcc.a(_udivmoddi4.o)
                0x080002b0                __udivmoddi4
 .text          0x080005a8        0x4 C:/ST/STM32CubeIDE_1.18.1/STM32CubeIDE/plugins/com.st.stm32cube.ide.mcu.externaltools.gnu-tools-for-stm32.13.3.rel1.win32_1.0.0.202411081344/tools/bin/../lib/gcc/arm-none-eabi/13.3.1/thumb/v7e-m+fp/hard\libgcc.a(_dvmd_tls.o)
                0x080005a8                __aeabi_idiv0
                0x080005a8                __aeabi_ldiv0
 *(.text*)
 .text.divide_adc_12bit
                0x080005ac       0x50 ./Core/Src/adc.o
                0x080005ac                divide_adc_12bit
 .text.calibrate_adc
                0x080005fc       0x4c ./Core/Src/adc.o
                0x080005fc                calibrate_adc
 .text.touch_fader
                0x08000648      0x1c4 ./Core/Src/adc.o
                0x08000648                touch_fader
 .text.analog   0x0800080c       0x70 ./Core/Src/adc.o
                0x0800080c                analog
 .text.MX_ADC1_Init
                0x0800087c       0xac ./Core/Src/adc.o
                0x0800087c                MX_ADC1_Init
 .text.HAL_ADC_MspInit
                0x08000928       0x88 ./Core/Src/adc.o
                0x08000928                HAL_ADC_MspInit
 .text.MX_GPIO_Init
                0x080009b0       0xc0 ./Core/Src/gpio.o
                0x080009b0                MX_GPIO_Init
 .text.MX_I2C1_Init
                0x08000a70       0x5c ./Core/Src/i2c.o
                0x08000a70                MX_I2C1_Init
 .text.HAL_I2C_MspInit
                0x08000acc       0x90 ./Core/Src/i2c.o
                0x08000acc                HAL_I2C_MspInit
 .text.main     0x08000b5c       0x38 ./Core/Src/main.o
                0x08000b5c                main
 .text.SystemClock_Config
                0x08000b94       0xd0 ./Core/Src/main.o
                0x08000b94                SystemClock_Config
 .text.Error_Handler
                0x08000c64        0xc ./Core/Src/main.o
                0x08000c64                Error_Handler
 .text.HAL_MspInit
                0x08000c70       0x50 ./Core/Src/stm32f4xx_hal_msp.o
                0x08000c70                HAL_MspInit
 .text.NMI_Handler
                0x08000cc0        0x8 ./Core/Src/stm32f4xx_it.o
                0x08000cc0                NMI_Handler
 .text.HardFault_Handler
                0x08000cc8        0x8 ./Core/Src/stm32f4xx_it.o
                0x08000cc8                HardFault_Handler
 .text.MemManage_Handler
                0x08000cd0        0x8 ./Core/Src/stm32f4xx_it.o
                0x08000cd0                MemManage_Handler
 .text.BusFault_Handler
                0x08000cd8        0x8 ./Core/Src/stm32f4xx_it.o
                0x08000cd8                BusFault_Handler
 .text.UsageFault_Handler
                0x08000ce0        0x8 ./Core/Src/stm32f4xx_it.o
                0x08000ce0                UsageFault_Handler
 .text.SVC_Handler
                0x08000ce8        0xe ./Core/Src/stm32f4xx_it.o
                0x08000ce8                SVC_Handler
 .text.DebugMon_Handler
                0x08000cf6        0xe ./Core/Src/stm32f4xx_it.o
                0x08000cf6                DebugMon_Handler
 .text.PendSV_Handler
                0x08000d04        0xe ./Core/Src/stm32f4xx_it.o
                0x08000d04                PendSV_Handler
 .text.SysTick_Handler
                0x08000d12        0xc ./Core/Src/stm32f4xx_it.o
                0x08000d12                SysTick_Handler
 *fill*         0x08000d1e        0x2 
 .text.OTG_FS_IRQHandler
                0x08000d20       0x14 ./Core/Src/stm32f4xx_it.o
                0x08000d20                OTG_FS_IRQHandler
 .text._sbrk    0x08000d34       0x6c ./Core/Src/sysmem.o
                0x08000d34                _sbrk
 .text.SystemInit
                0x08000da0       0x24 ./Core/Src/system_stm32f4xx.o
                0x08000da0                SystemInit
 .text.Reset_Handler
                0x08000dc4       0x50 ./Core/Startup/startup_stm32f411ceux.o
                0x08000dc4                Reset_Handler
 .text.Default_Handler
                0x08000e14        0x2 ./Core/Startup/startup_stm32f411ceux.o
                0x08000e14                RTC_Alarm_IRQHandler
                0x08000e14                EXTI2_IRQHandler
                0x08000e14                SPI4_IRQHandler
                0x08000e14                TIM1_CC_IRQHandler
                0x08000e14                DMA2_Stream5_IRQHandler
                0x08000e14                DMA1_Stream5_IRQHandler
                0x08000e14                PVD_IRQHandler
                0x08000e14                SDIO_IRQHandler
                0x08000e14                TAMP_STAMP_IRQHandler
                0x08000e14                EXTI3_IRQHandler
                0x08000e14                TIM1_UP_TIM10_IRQHandler
                0x08000e14                I2C3_ER_IRQHandler
                0x08000e14                EXTI0_IRQHandler
                0x08000e14                I2C2_EV_IRQHandler
                0x08000e14                DMA1_Stream2_IRQHandler
                0x08000e14                FPU_IRQHandler
                0x08000e14                DMA2_Stream2_IRQHandler
                0x08000e14                SPI1_IRQHandler
                0x08000e14                TIM1_BRK_TIM9_IRQHandler
                0x08000e14                DMA2_Stream3_IRQHandler
                0x08000e14                USART6_IRQHandler
                0x08000e14                DMA2_Stream0_IRQHandler
                0x08000e14                TIM4_IRQHandler
                0x08000e14                I2C1_EV_IRQHandler
                0x08000e14                DMA1_Stream6_IRQHandler
                0x08000e14                DMA1_Stream1_IRQHandler
                0x08000e14                TIM3_IRQHandler
                0x08000e14                RCC_IRQHandler
                0x08000e14                Default_Handler
                0x08000e14                EXTI15_10_IRQHandler
                0x08000e14                ADC_IRQHandler
                0x08000e14                DMA1_Stream7_IRQHandler
                0x08000e14                SPI5_IRQHandler
                0x08000e14                TIM5_IRQHandler
                0x08000e14                DMA2_Stream7_IRQHandler
                0x08000e14                I2C3_EV_IRQHandler
                0x08000e14                EXTI9_5_IRQHandler
                0x08000e14                RTC_WKUP_IRQHandler
                0x08000e14                SPI2_IRQHandler
                0x08000e14                DMA1_Stream0_IRQHandler
                0x08000e14                EXTI4_IRQHandler
                0x08000e14                WWDG_IRQHandler
                0x08000e14                TIM2_IRQHandler
                0x08000e14                OTG_FS_WKUP_IRQHandler
                0x08000e14                TIM1_TRG_COM_TIM11_IRQHandler
                0x08000e14                EXTI1_IRQHandler
                0x08000e14                USART2_IRQHandler
                0x08000e14                I2C2_ER_IRQHandler
                0x08000e14                DMA2_Stream1_IRQHandler
                0x08000e14                FLASH_IRQHandler
                0x08000e14                DMA2_Stream4_IRQHandler
                0x08000e14                USART1_IRQHandler
                0x08000e14                SPI3_IRQHandler
                0x08000e14                DMA1_Stream4_IRQHandler
                0x08000e14                I2C1_ER_IRQHandler
                0x08000e14                DMA2_Stream6_IRQHandler
                0x08000e14                DMA1_Stream3_IRQHandler
 .text.ssd1306_Reset
                0x08000e16        0xe ./Core/ssd1306/ssd1306.o
                0x08000e16                ssd1306_Reset
 .text.ssd1306_WriteCommand
                0x08000e24       0x30 ./Core/ssd1306/ssd1306.o
                0x08000e24                ssd1306_WriteCommand
 .text.ssd1306_WriteData
                0x08000e54       0x34 ./Core/ssd1306/ssd1306.o
                0x08000e54                ssd1306_WriteData
 .text.ssd1306_Init
                0x08000e88       0xd4 ./Core/ssd1306/ssd1306.o
                0x08000e88                ssd1306_Init
 .text.ssd1306_Fill
                0x08000f5c       0x30 ./Core/ssd1306/ssd1306.o
                0x08000f5c                ssd1306_Fill
 .text.ssd1306_UpdateScreen
                0x08000f8c       0x50 ./Core/ssd1306/ssd1306.o
                0x08000f8c                ssd1306_UpdateScreen
 .text.ssd1306_DrawPixel
                0x08000fdc       0xa8 ./Core/ssd1306/ssd1306.o
                0x08000fdc                ssd1306_DrawPixel
 .text.ssd1306_WriteChar
                0x08001084      0x120 ./Core/ssd1306/ssd1306.o
                0x08001084                ssd1306_WriteChar
 .text.ssd1306_WriteString
                0x080011a4       0x4c ./Core/ssd1306/ssd1306.o
                0x080011a4                ssd1306_WriteString
 .text.ssd1306_SetCursor
                0x080011f0       0x30 ./Core/ssd1306/ssd1306.o
                0x080011f0                ssd1306_SetCursor
 .text.ssd1306_SetContrast
                0x08001220       0x26 ./Core/ssd1306/ssd1306.o
                0x08001220                ssd1306_SetContrast
 *fill*         0x08001246        0x2 
 .text.ssd1306_SetDisplayOn
                0x08001248       0x3c ./Core/ssd1306/ssd1306.o
                0x08001248                ssd1306_SetDisplayOn
 .text.HAL_Init
                0x08001284       0x44 ./Drivers/STM32F4xx_HAL_Driver/Src/stm32f4xx_hal.o
                0x08001284                HAL_Init
 .text.HAL_InitTick
                0x080012c8       0x60 ./Drivers/STM32F4xx_HAL_Driver/Src/stm32f4xx_hal.o
                0x080012c8                HAL_InitTick
 .text.HAL_IncTick
                0x08001328       0x28 ./Drivers/STM32F4xx_HAL_Driver/Src/stm32f4xx_hal.o
                0x08001328                HAL_IncTick
 .text.HAL_GetTick
                0x08001350       0x18 ./Drivers/STM32F4xx_HAL_Driver/Src/stm32f4xx_hal.o
                0x08001350                HAL_GetTick
 .text.HAL_Delay
                0x08001368       0x48 ./Drivers/STM32F4xx_HAL_Driver/Src/stm32f4xx_hal.o
                0x08001368                HAL_Delay
 .text.HAL_ADC_Init
                0x080013b0       0x86 ./Drivers/STM32F4xx_HAL_Driver/Src/stm32f4xx_hal_adc.o
                0x080013b0                HAL_ADC_Init
 *fill*         0x08001436        0x2 
 .text.HAL_ADC_Start
                0x08001438      0x168 ./Drivers/STM32F4xx_HAL_Driver/Src/stm32f4xx_hal_adc.o
                0x08001438                HAL_ADC_Start
 .text.HAL_ADC_Stop
                0x080015a0       0x66 ./Drivers/STM32F4xx_HAL_Driver/Src/stm32f4xx_hal_adc.o
                0x080015a0                HAL_ADC_Stop
 .text.HAL_ADC_PollForConversion
                0x08001606      0x116 ./Drivers/STM32F4xx_HAL_Driver/Src/stm32f4xx_hal_adc.o
                0x08001606                HAL_ADC_PollForConversion
 .text.HAL_ADC_GetValue
                0x0800171c       0x1a ./Drivers/STM32F4xx_HAL_Driver/Src/stm32f4xx_hal_adc.o
                0x0800171c                HAL_ADC_GetValue
 *fill*         0x08001736        0x2 
 .text.HAL_ADC_ConfigChannel
                0x08001738      0x264 ./Drivers/STM32F4xx_HAL_Driver/Src/stm32f4xx_hal_adc.o
                0x08001738                HAL_ADC_ConfigChannel
 .text.ADC_Init
                0x0800199c      0x1f8 ./Drivers/STM32F4xx_HAL_Driver/Src/stm32f4xx_hal_adc.o
 .text.__NVIC_SetPriorityGrouping
                0x08001b94       0x48 ./Drivers/STM32F4xx_HAL_Driver/Src/stm32f4xx_hal_cortex.o
 .text.__NVIC_GetPriorityGrouping
                0x08001bdc       0x1c ./Drivers/STM32F4xx_HAL_Driver/Src/stm32f4xx_hal_cortex.o
 .text.__NVIC_EnableIRQ
                0x08001bf8       0x3c ./Drivers/STM32F4xx_HAL_Driver/Src/stm32f4xx_hal_cortex.o
 .text.__NVIC_SetPriority
                0x08001c34       0x54 ./Drivers/STM32F4xx_HAL_Driver/Src/stm32f4xx_hal_cortex.o
 .text.NVIC_EncodePriority
                0x08001c88       0x66 ./Drivers/STM32F4xx_HAL_Driver/Src/stm32f4xx_hal_cortex.o
 *fill*         0x08001cee        0x2 
 .text.SysTick_Config
                0x08001cf0       0x44 ./Drivers/STM32F4xx_HAL_Driver/Src/stm32f4xx_hal_cortex.o
 .text.HAL_NVIC_SetPriorityGrouping
                0x08001d34       0x16 ./Drivers/STM32F4xx_HAL_Driver/Src/stm32f4xx_hal_cortex.o
                0x08001d34                HAL_NVIC_SetPriorityGrouping
 .text.HAL_NVIC_SetPriority
                0x08001d4a       0x38 ./Drivers/STM32F4xx_HAL_Driver/Src/stm32f4xx_hal_cortex.o
                0x08001d4a                HAL_NVIC_SetPriority
 .text.HAL_NVIC_EnableIRQ
                0x08001d82       0x1c ./Drivers/STM32F4xx_HAL_Driver/Src/stm32f4xx_hal_cortex.o
                0x08001d82                HAL_NVIC_EnableIRQ
 .text.HAL_SYSTICK_Config
                0x08001d9e       0x18 ./Drivers/STM32F4xx_HAL_Driver/Src/stm32f4xx_hal_cortex.o
                0x08001d9e                HAL_SYSTICK_Config
 *fill*         0x08001db6        0x2 
 .text.HAL_GPIO_Init
                0x08001db8      0x308 ./Drivers/STM32F4xx_HAL_Driver/Src/stm32f4xx_hal_gpio.o
                0x08001db8                HAL_GPIO_Init
 .text.HAL_GPIO_WritePin
                0x080020c0       0x32 ./Drivers/STM32F4xx_HAL_Driver/Src/stm32f4xx_hal_gpio.o
                0x080020c0                HAL_GPIO_WritePin
 .text.HAL_GPIO_TogglePin
                0x080020f2       0x34 ./Drivers/STM32F4xx_HAL_Driver/Src/stm32f4xx_hal_gpio.o
                0x080020f2                HAL_GPIO_TogglePin
 *fill*         0x08002126        0x2 
 .text.HAL_I2C_Init
                0x08002128      0x288 ./Drivers/STM32F4xx_HAL_Driver/Src/stm32f4xx_hal_i2c.o
                0x08002128                HAL_I2C_Init
 .text.HAL_I2C_Mem_Write
                0x080023b0      0x1f4 ./Drivers/STM32F4xx_HAL_Driver/Src/stm32f4xx_hal_i2c.o
                0x080023b0                HAL_I2C_Mem_Write
 .text.I2C_RequestMemoryWrite
                0x080025a4      0x12c ./Drivers/STM32F4xx_HAL_Driver/Src/stm32f4xx_hal_i2c.o
 .text.I2C_WaitOnFlagUntilTimeout
                0x080026d0       0xf4 ./Drivers/STM32F4xx_HAL_Driver/Src/stm32f4xx_hal_i2c.o
 .text.I2C_WaitOnMasterAddressFlagUntilTimeout
                0x080027c4      0x140 ./Drivers/STM32F4xx_HAL_Driver/Src/stm32f4xx_hal_i2c.o
 .text.I2C_WaitOnTXEFlagUntilTimeout
                0x08002904       0x90 ./Drivers/STM32F4xx_HAL_Driver/Src/stm32f4xx_hal_i2c.o
 .text.I2C_WaitOnBTFFlagUntilTimeout
                0x08002994       0x90 ./Drivers/STM32F4xx_HAL_Driver/Src/stm32f4xx_hal_i2c.o
 .text.I2C_IsAcknowledgeFailed
                0x08002a24       0x5e ./Drivers/STM32F4xx_HAL_Driver/Src/stm32f4xx_hal_i2c.o
 .text.HAL_PCD_Init
                0x08002a82      0x21e ./Drivers/STM32F4xx_HAL_Driver/Src/stm32f4xx_hal_pcd.o
                0x08002a82                HAL_PCD_Init
 .text.HAL_PCD_Start
                0x08002ca0       0x6a ./Drivers/STM32F4xx_HAL_Driver/Src/stm32f4xx_hal_pcd.o
                0x08002ca0                HAL_PCD_Start
 .text.HAL_PCD_IRQHandler
                0x08002d0a      0x942 ./Drivers/STM32F4xx_HAL_Driver/Src/stm32f4xx_hal_pcd.o
                0x08002d0a                HAL_PCD_IRQHandler
 .text.HAL_PCD_SetAddress
                0x0800364c       0x48 ./Drivers/STM32F4xx_HAL_Driver/Src/stm32f4xx_hal_pcd.o
                0x0800364c                HAL_PCD_SetAddress
 .text.HAL_PCD_EP_Open
                0x08003694       0xd4 ./Drivers/STM32F4xx_HAL_Driver/Src/stm32f4xx_hal_pcd.o
                0x08003694                HAL_PCD_EP_Open
 .text.HAL_PCD_EP_Close
                0x08003768       0x94 ./Drivers/STM32F4xx_HAL_Driver/Src/stm32f4xx_hal_pcd.o
                0x08003768                HAL_PCD_EP_Close
 .text.HAL_PCD_EP_Receive
                0x080037fc       0x76 ./Drivers/STM32F4xx_HAL_Driver/Src/stm32f4xx_hal_pcd.o
                0x080037fc                HAL_PCD_EP_Receive
 .text.HAL_PCD_EP_GetRxCount
                0x08003872       0x30 ./Drivers/STM32F4xx_HAL_Driver/Src/stm32f4xx_hal_pcd.o
                0x08003872                HAL_PCD_EP_GetRxCount
 .text.HAL_PCD_EP_Transmit
                0x080038a2       0x74 ./Drivers/STM32F4xx_HAL_Driver/Src/stm32f4xx_hal_pcd.o
                0x080038a2                HAL_PCD_EP_Transmit
 .text.HAL_PCD_EP_SetStall
                0x08003916       0xc6 ./Drivers/STM32F4xx_HAL_Driver/Src/stm32f4xx_hal_pcd.o
                0x08003916                HAL_PCD_EP_SetStall
 .text.HAL_PCD_EP_ClrStall
                0x080039dc       0xac ./Drivers/STM32F4xx_HAL_Driver/Src/stm32f4xx_hal_pcd.o
                0x080039dc                HAL_PCD_EP_ClrStall
 .text.HAL_PCD_EP_Abort
                0x08003a88       0x62 ./Drivers/STM32F4xx_HAL_Driver/Src/stm32f4xx_hal_pcd.o
                0x08003a88                HAL_PCD_EP_Abort
 .text.PCD_WriteEmptyTxFifo
                0x08003aea      0x118 ./Drivers/STM32F4xx_HAL_Driver/Src/stm32f4xx_hal_pcd.o
 *fill*         0x08003c02        0x2 
 .text.PCD_EP_OutXfrComplete_int
                0x08003c04      0x1d0 ./Drivers/STM32F4xx_HAL_Driver/Src/stm32f4xx_hal_pcd.o
 .text.PCD_EP_OutSetupPacket_int
                0x08003dd4       0x8c ./Drivers/STM32F4xx_HAL_Driver/Src/stm32f4xx_hal_pcd.o
 .text.HAL_PCDEx_SetTxFiFo
                0x08003e60       0x8e ./Drivers/STM32F4xx_HAL_Driver/Src/stm32f4xx_hal_pcd_ex.o
                0x08003e60                HAL_PCDEx_SetTxFiFo
 .text.HAL_PCDEx_SetRxFiFo
                0x08003eee       0x22 ./Drivers/STM32F4xx_HAL_Driver/Src/stm32f4xx_hal_pcd_ex.o
                0x08003eee                HAL_PCDEx_SetRxFiFo
 .text.HAL_PCDEx_LPM_Callback
                0x08003f10       0x18 ./Drivers/STM32F4xx_HAL_Driver/Src/stm32f4xx_hal_pcd_ex.o
                0x08003f10                HAL_PCDEx_LPM_Callback
 .text.HAL_RCC_OscConfig
                0x08003f28      0x4f0 ./Drivers/STM32F4xx_HAL_Driver/Src/stm32f4xx_hal_rcc.o
                0x08003f28                HAL_RCC_OscConfig
 .text.HAL_RCC_ClockConfig
                0x08004418      0x1cc ./Drivers/STM32F4xx_HAL_Driver/Src/stm32f4xx_hal_rcc.o
                0x08004418                HAL_RCC_ClockConfig
 .text.HAL_RCC_GetSysClockFreq
                0x080045e4      0x18c ./Drivers/STM32F4xx_HAL_Driver/Src/stm32f4xx_hal_rcc.o
                0x080045e4                HAL_RCC_GetSysClockFreq
 .text.HAL_RCC_GetHCLKFreq
                0x08004770       0x18 ./Drivers/STM32F4xx_HAL_Driver/Src/stm32f4xx_hal_rcc.o
                0x08004770                HAL_RCC_GetHCLKFreq
 .text.HAL_RCC_GetPCLK1Freq
                0x08004788       0x28 ./Drivers/STM32F4xx_HAL_Driver/Src/stm32f4xx_hal_rcc.o
                0x08004788                HAL_RCC_GetPCLK1Freq
 .text.USB_CoreInit
                0x080047b0       0xc8 ./Drivers/STM32F4xx_HAL_Driver/Src/stm32f4xx_ll_usb.o
                0x080047b0                USB_CoreInit
 .text.USB_SetTurnaroundTime
                0x08004878      0x144 ./Drivers/STM32F4xx_HAL_Driver/Src/stm32f4xx_ll_usb.o
                0x08004878                USB_SetTurnaroundTime
 .text.USB_EnableGlobalInt
                0x080049bc       0x22 ./Drivers/STM32F4xx_HAL_Driver/Src/stm32f4xx_ll_usb.o
                0x080049bc                USB_EnableGlobalInt
 .text.USB_DisableGlobalInt
                0x080049de       0x22 ./Drivers/STM32F4xx_HAL_Driver/Src/stm32f4xx_ll_usb.o
                0x080049de                USB_DisableGlobalInt
 .text.USB_SetCurrentMode
                0x08004a00       0x98 ./Drivers/STM32F4xx_HAL_Driver/Src/stm32f4xx_ll_usb.o
                0x08004a00                USB_SetCurrentMode
 .text.USB_DevInit
                0x08004a98      0x2c8 ./Drivers/STM32F4xx_HAL_Driver/Src/stm32f4xx_ll_usb.o
                0x08004a98                USB_DevInit
 .text.USB_FlushTxFifo
                0x08004d60       0x64 ./Drivers/STM32F4xx_HAL_Driver/Src/stm32f4xx_ll_usb.o
                0x08004d60                USB_FlushTxFifo
 .text.USB_FlushRxFifo
                0x08004dc4       0x5c ./Drivers/STM32F4xx_HAL_Driver/Src/stm32f4xx_ll_usb.o
                0x08004dc4                USB_FlushRxFifo
 .text.USB_SetDevSpeed
                0x08004e20       0x32 ./Drivers/STM32F4xx_HAL_Driver/Src/stm32f4xx_ll_usb.o
                0x08004e20                USB_SetDevSpeed
 .text.USB_GetDevSpeed
                0x08004e52       0x4a ./Drivers/STM32F4xx_HAL_Driver/Src/stm32f4xx_ll_usb.o
                0x08004e52                USB_GetDevSpeed
 .text.USB_ActivateEndpoint
                0x08004e9c      0x10e ./Drivers/STM32F4xx_HAL_Driver/Src/stm32f4xx_ll_usb.o
                0x08004e9c                USB_ActivateEndpoint
 *fill*         0x08004faa        0x2 
 .text.USB_DeactivateEndpoint
                0x08004fac      0x1b8 ./Drivers/STM32F4xx_HAL_Driver/Src/stm32f4xx_ll_usb.o
                0x08004fac                USB_DeactivateEndpoint
 .text.USB_EPStartXfer
                0x08005164      0x53c ./Drivers/STM32F4xx_HAL_Driver/Src/stm32f4xx_ll_usb.o
                0x08005164                USB_EPStartXfer
 .text.USB_EPStopXfer
                0x080056a0      0x154 ./Drivers/STM32F4xx_HAL_Driver/Src/stm32f4xx_ll_usb.o
                0x080056a0                USB_EPStopXfer
 .text.USB_WritePacket
                0x080057f4       0x7c ./Drivers/STM32F4xx_HAL_Driver/Src/stm32f4xx_ll_usb.o
                0x080057f4                USB_WritePacket
 .text.USB_ReadPacket
                0x08005870       0xb0 ./Drivers/STM32F4xx_HAL_Driver/Src/stm32f4xx_ll_usb.o
                0x08005870                USB_ReadPacket
 .text.USB_EPSetStall
                0x08005920       0xdc ./Drivers/STM32F4xx_HAL_Driver/Src/stm32f4xx_ll_usb.o
                0x08005920                USB_EPSetStall
 .text.USB_EPClearStall
                0x080059fc       0xcc ./Drivers/STM32F4xx_HAL_Driver/Src/stm32f4xx_ll_usb.o
                0x080059fc                USB_EPClearStall
 .text.USB_SetDevAddress
                0x08005ac8       0x4c ./Drivers/STM32F4xx_HAL_Driver/Src/stm32f4xx_ll_usb.o
                0x08005ac8                USB_SetDevAddress
 .text.USB_DevConnect
                0x08005b14       0x42 ./Drivers/STM32F4xx_HAL_Driver/Src/stm32f4xx_ll_usb.o
                0x08005b14                USB_DevConnect
 .text.USB_DevDisconnect
                0x08005b56       0x42 ./Drivers/STM32F4xx_HAL_Driver/Src/stm32f4xx_ll_usb.o
                0x08005b56                USB_DevDisconnect
 .text.USB_ReadInterrupts
                0x08005b98       0x26 ./Drivers/STM32F4xx_HAL_Driver/Src/stm32f4xx_ll_usb.o
                0x08005b98                USB_ReadInterrupts
 .text.USB_ReadDevAllOutEpInterrupt
                0x08005bbe       0x34 ./Drivers/STM32F4xx_HAL_Driver/Src/stm32f4xx_ll_usb.o
                0x08005bbe                USB_ReadDevAllOutEpInterrupt
 .text.USB_ReadDevAllInEpInterrupt
                0x08005bf2       0x34 ./Drivers/STM32F4xx_HAL_Driver/Src/stm32f4xx_ll_usb.o
                0x08005bf2                USB_ReadDevAllInEpInterrupt
 .text.USB_ReadDevOutEPInterrupt
                0x08005c26       0x3c ./Drivers/STM32F4xx_HAL_Driver/Src/stm32f4xx_ll_usb.o
                0x08005c26                USB_ReadDevOutEPInterrupt
 .text.USB_ReadDevInEPInterrupt
                0x08005c62       0x5c ./Drivers/STM32F4xx_HAL_Driver/Src/stm32f4xx_ll_usb.o
                0x08005c62                USB_ReadDevInEPInterrupt
 .text.USB_GetMode
                0x08005cbe       0x1c ./Drivers/STM32F4xx_HAL_Driver/Src/stm32f4xx_ll_usb.o
                0x08005cbe                USB_GetMode
 .text.USB_ActivateSetup
                0x08005cda       0x46 ./Drivers/STM32F4xx_HAL_Driver/Src/stm32f4xx_ll_usb.o
                0x08005cda                USB_ActivateSetup
 .text.USB_EP0_OutStart
                0x08005d20       0xbc ./Drivers/STM32F4xx_HAL_Driver/Src/stm32f4xx_ll_usb.o
                0x08005d20                USB_EP0_OutStart
 .text.USB_CoreReset
                0x08005ddc       0x62 ./Drivers/STM32F4xx_HAL_Driver/Src/stm32f4xx_ll_usb.o
 .text.USBD_MIDI_Init
                0x08005e3e       0x66 ./Middlewares/ST/STM32_USB_Device_Library/Class/MIDI/Src/usbd_midi.o
                0x08005e3e                USBD_MIDI_Init
 .text.USBD_MIDI_DeInit
                0x08005ea4       0x90 ./Middlewares/ST/STM32_USB_Device_Library/Class/MIDI/Src/usbd_midi.o
                0x08005ea4                USBD_MIDI_DeInit
 .text.USBD_MIDI_DataIn
                0x08005f34       0xc4 ./Middlewares/ST/STM32_USB_Device_Library/Class/MIDI/Src/usbd_midi.o
                0x08005f34                USBD_MIDI_DataIn
 .text.PiscarLedPorCanal
                0x08005ff8       0x2c ./Middlewares/ST/STM32_USB_Device_Library/Class/MIDI/Src/usbd_midi.o
                0x08005ff8                PiscarLedPorCanal
 .text.USBD_MIDI_DataOut
                0x08006024       0xac ./Middlewares/ST/STM32_USB_Device_Library/Class/MIDI/Src/usbd_midi.o
                0x08006024                USBD_MIDI_DataOut
 .text.USBD_MIDI_RegisterInterface
                0x080060d0       0x38 ./Middlewares/ST/STM32_USB_Device_Library/Class/MIDI/Src/usbd_midi.o
                0x080060d0                USBD_MIDI_RegisterInterface
 .text.USBD_MIDI_GetCfgDesc
                0x08006108       0x20 ./Middlewares/ST/STM32_USB_Device_Library/Class/MIDI/Src/usbd_midi.o
                0x08006108                USBD_MIDI_GetCfgDesc
 .text.USBD_Init
                0x08006128       0x60 ./Middlewares/ST/STM32_USB_Device_Library/Core/Src/usbd_core.o
                0x08006128                USBD_Init
 .text.USBD_RegisterClass
                0x08006188       0x6c ./Middlewares/ST/STM32_USB_Device_Library/Core/Src/usbd_core.o
                0x08006188                USBD_RegisterClass
 .text.USBD_Start
                0x080061f4       0x18 ./Middlewares/ST/STM32_USB_Device_Library/Core/Src/usbd_core.o
                0x080061f4                USBD_Start
 .text.USBD_RunTestMode
                0x0800620c       0x16 ./Middlewares/ST/STM32_USB_Device_Library/Core/Src/usbd_core.o
                0x0800620c                USBD_RunTestMode
 .text.USBD_SetClassConfig
                0x08006222       0x38 ./Middlewares/ST/STM32_USB_Device_Library/Core/Src/usbd_core.o
                0x08006222                USBD_SetClassConfig
 .text.USBD_ClrClassConfig
                0x0800625a       0x34 ./Middlewares/ST/STM32_USB_Device_Library/Core/Src/usbd_core.o
                0x0800625a                USBD_ClrClassConfig
 .text.USBD_LL_SetupStage
                0x0800628e       0xaa ./Middlewares/ST/STM32_USB_Device_Library/Core/Src/usbd_core.o
                0x0800628e                USBD_LL_SetupStage
 .text.USBD_LL_DataOutStage
                0x08006338      0x166 ./Middlewares/ST/STM32_USB_Device_Library/Core/Src/usbd_core.o
                0x08006338                USBD_LL_DataOutStage
 .text.USBD_LL_DataInStage
                0x0800649e      0x164 ./Middlewares/ST/STM32_USB_Device_Library/Core/Src/usbd_core.o
                0x0800649e                USBD_LL_DataInStage
 .text.USBD_LL_Reset
                0x08006602       0xa4 ./Middlewares/ST/STM32_USB_Device_Library/Core/Src/usbd_core.o
                0x08006602                USBD_LL_Reset
 .text.USBD_LL_SetSpeed
                0x080066a6       0x20 ./Middlewares/ST/STM32_USB_Device_Library/Core/Src/usbd_core.o
                0x080066a6                USBD_LL_SetSpeed
 .text.USBD_LL_Suspend
                0x080066c6       0x38 ./Middlewares/ST/STM32_USB_Device_Library/Core/Src/usbd_core.o
                0x080066c6                USBD_LL_Suspend
 .text.USBD_LL_Resume
                0x080066fe       0x30 ./Middlewares/ST/STM32_USB_Device_Library/Core/Src/usbd_core.o
                0x080066fe                USBD_LL_Resume
 .text.USBD_LL_SOF
                0x0800672e       0x40 ./Middlewares/ST/STM32_USB_Device_Library/Core/Src/usbd_core.o
                0x0800672e                USBD_LL_SOF
 .text.USBD_LL_IsoINIncomplete
                0x0800676e       0x64 ./Middlewares/ST/STM32_USB_Device_Library/Core/Src/usbd_core.o
                0x0800676e                USBD_LL_IsoINIncomplete
 .text.USBD_LL_IsoOUTIncomplete
                0x080067d2       0x64 ./Middlewares/ST/STM32_USB_Device_Library/Core/Src/usbd_core.o
                0x080067d2                USBD_LL_IsoOUTIncomplete
 .text.USBD_LL_DevConnected
                0x08006836       0x16 ./Middlewares/ST/STM32_USB_Device_Library/Core/Src/usbd_core.o
                0x08006836                USBD_LL_DevConnected
 .text.USBD_LL_DevDisconnected
                0x0800684c       0x46 ./Middlewares/ST/STM32_USB_Device_Library/Core/Src/usbd_core.o
                0x0800684c                USBD_LL_DevDisconnected
 .text.USBD_CoreFindIF
                0x08006892       0x1a ./Middlewares/ST/STM32_USB_Device_Library/Core/Src/usbd_core.o
                0x08006892                USBD_CoreFindIF
 .text.USBD_CoreFindEP
                0x080068ac       0x1a ./Middlewares/ST/STM32_USB_Device_Library/Core/Src/usbd_core.o
                0x080068ac                USBD_CoreFindEP
 .text.SWAPBYTE
                0x080068c6       0x3e ./Middlewares/ST/STM32_USB_Device_Library/Core/Src/usbd_ctlreq.o
 .text.USBD_StdDevReq
                0x08006904       0xe4 ./Middlewares/ST/STM32_USB_Device_Library/Core/Src/usbd_ctlreq.o
                0x08006904                USBD_StdDevReq
 .text.USBD_StdItfReq
                0x080069e8       0xd8 ./Middlewares/ST/STM32_USB_Device_Library/Core/Src/usbd_ctlreq.o
                0x080069e8                USBD_StdItfReq
 .text.USBD_StdEPReq
                0x08006ac0      0x33a ./Middlewares/ST/STM32_USB_Device_Library/Core/Src/usbd_ctlreq.o
                0x08006ac0                USBD_StdEPReq
 *fill*         0x08006dfa        0x2 
 .text.USBD_GetDescriptor
                0x08006dfc      0x2d4 ./Middlewares/ST/STM32_USB_Device_Library/Core/Src/usbd_ctlreq.o
 .text.USBD_SetAddress
                0x080070d0       0x88 ./Middlewares/ST/STM32_USB_Device_Library/Core/Src/usbd_ctlreq.o
 .text.USBD_SetConfig
                0x08007158      0x154 ./Middlewares/ST/STM32_USB_Device_Library/Core/Src/usbd_ctlreq.o
 .text.USBD_GetConfig
                0x080072ac       0x6c ./Middlewares/ST/STM32_USB_Device_Library/Core/Src/usbd_ctlreq.o
 .text.USBD_GetStatus
                0x08007318       0x68 ./Middlewares/ST/STM32_USB_Device_Library/Core/Src/usbd_ctlreq.o
 .text.USBD_SetFeature
                0x08007380       0x52 ./Middlewares/ST/STM32_USB_Device_Library/Core/Src/usbd_ctlreq.o
 .text.USBD_ClrFeature
                0x080073d2       0x44 ./Middlewares/ST/STM32_USB_Device_Library/Core/Src/usbd_ctlreq.o
 .text.USBD_ParseSetupRequest
                0x08007416       0x74 ./Middlewares/ST/STM32_USB_Device_Library/Core/Src/usbd_ctlreq.o
                0x08007416                USBD_ParseSetupRequest
 .text.USBD_CtlError
                0x0800748a       0x22 ./Middlewares/ST/STM32_USB_Device_Library/Core/Src/usbd_ctlreq.o
                0x0800748a                USBD_CtlError
 .text.USBD_GetString
                0x080074ac       0xa4 ./Middlewares/ST/STM32_USB_Device_Library/Core/Src/usbd_ctlreq.o
                0x080074ac                USBD_GetString
 .text.USBD_GetLen
                0x08007550       0x34 ./Middlewares/ST/STM32_USB_Device_Library/Core/Src/usbd_ctlreq.o
 .text.USBD_CtlSendData
                0x08007584       0x36 ./Middlewares/ST/STM32_USB_Device_Library/Core/Src/usbd_ioreq.o
                0x08007584                USBD_CtlSendData
 .text.USBD_CtlContinueSendData
                0x080075ba       0x22 ./Middlewares/ST/STM32_USB_Device_Library/Core/Src/usbd_ioreq.o
                0x080075ba                USBD_CtlContinueSendData
 .text.USBD_CtlContinueRx
                0x080075dc       0x22 ./Middlewares/ST/STM32_USB_Device_Library/Core/Src/usbd_ioreq.o
                0x080075dc                USBD_CtlContinueRx
 .text.USBD_CtlSendStatus
                0x080075fe       0x26 ./Middlewares/ST/STM32_USB_Device_Library/Core/Src/usbd_ioreq.o
                0x080075fe                USBD_CtlSendStatus
 .text.USBD_CtlReceiveStatus
                0x08007624       0x26 ./Middlewares/ST/STM32_USB_Device_Library/Core/Src/usbd_ioreq.o
                0x08007624                USBD_CtlReceiveStatus
 *fill*         0x0800764a        0x2 
 .text.MX_USB_DEVICE_Init
                0x0800764c       0x60 ./USB_DEVICE/App/usb_device.o
                0x0800764c                MX_USB_DEVICE_Init
 .text.USBD_FS_DeviceDescriptor
                0x080076ac       0x24 ./USB_DEVICE/App/usbd_desc.o
                0x080076ac                USBD_FS_DeviceDescriptor
 .text.USBD_FS_LangIDStrDescriptor
                0x080076d0       0x24 ./USB_DEVICE/App/usbd_desc.o
                0x080076d0                USBD_FS_LangIDStrDescriptor
 .text.USBD_FS_ProductStrDescriptor
                0x080076f4       0x3c ./USB_DEVICE/App/usbd_desc.o
                0x080076f4                USBD_FS_ProductStrDescriptor
 .text.USBD_FS_ManufacturerStrDescriptor
                0x08007730       0x28 ./USB_DEVICE/App/usbd_desc.o
                0x08007730                USBD_FS_ManufacturerStrDescriptor
 .text.USBD_FS_SerialStrDescriptor
                0x08007758       0x34 ./USB_DEVICE/App/usbd_desc.o
                0x08007758                USBD_FS_SerialStrDescriptor
 .text.USBD_FS_ConfigStrDescriptor
                0x0800778c       0x3c ./USB_DEVICE/App/usbd_desc.o
                0x0800778c                USBD_FS_ConfigStrDescriptor
 .text.USBD_FS_InterfaceStrDescriptor
                0x080077c8       0x3c ./USB_DEVICE/App/usbd_desc.o
                0x080077c8                USBD_FS_InterfaceStrDescriptor
 .text.Get_SerialNum
                0x08007804       0x58 ./USB_DEVICE/App/usbd_desc.o
 .text.IntToUnicode
                0x0800785c       0x7e ./USB_DEVICE/App/usbd_desc.o
 .text.MIDI_Init_FS
                0x080078da       0x10 ./USB_DEVICE/App/usbd_midi_if.o
                0x080078da                MIDI_Init_FS
 .text.MIDI_DeInit_FS
                0x080078ea       0x10 ./USB_DEVICE/App/usbd_midi_if.o
                0x080078ea                MIDI_DeInit_FS
 *fill*         0x080078fa        0x2 
 .text.MIDI_DataIn_FS
                0x080078fc       0x90 ./USB_DEVICE/App/usbd_midi_if.o
                0x080078fc                MIDI_DataIn_FS
 .text.MIDI_DataOut_FS
                0x0800798c       0xf8 ./USB_DEVICE/App/usbd_midi_if.o
                0x0800798c                MIDI_DataOut_FS
 .text.MIDI_Receive_FS
                0x08007a84       0x1a ./USB_DEVICE/App/usbd_midi_if.o
                0x08007a84                MIDI_Receive_FS
 .text.MIDI_GetState_FS
                0x08007a9e       0x10 ./USB_DEVICE/App/usbd_midi_if.o
                0x08007a9e                MIDI_GetState_FS
 *fill*         0x08007aae        0x2 
 .text.HAL_PCD_MspInit
                0x08007ab0       0xa8 ./USB_DEVICE/Target/usbd_conf.o
                0x08007ab0                HAL_PCD_MspInit
 .text.HAL_PCD_SetupStageCallback
                0x08007b58       0x24 ./USB_DEVICE/Target/usbd_conf.o
                0x08007b58                HAL_PCD_SetupStageCallback
 .text.HAL_PCD_DataOutStageCallback
                0x08007b7c       0x36 ./USB_DEVICE/Target/usbd_conf.o
                0x08007b7c                HAL_PCD_DataOutStageCallback
 .text.HAL_PCD_DataInStageCallback
                0x08007bb2       0x34 ./USB_DEVICE/Target/usbd_conf.o
                0x08007bb2                HAL_PCD_DataInStageCallback
 .text.HAL_PCD_SOFCallback
                0x08007be6       0x1c ./USB_DEVICE/Target/usbd_conf.o
                0x08007be6                HAL_PCD_SOFCallback
 .text.HAL_PCD_ResetCallback
                0x08007c02       0x3c ./USB_DEVICE/Target/usbd_conf.o
                0x08007c02                HAL_PCD_ResetCallback
 *fill*         0x08007c3e        0x2 
 .text.HAL_PCD_SuspendCallback
                0x08007c40       0x4c ./USB_DEVICE/Target/usbd_conf.o
                0x08007c40                HAL_PCD_SuspendCallback
 .text.HAL_PCD_ResumeCallback
                0x08007c8c       0x1c ./USB_DEVICE/Target/usbd_conf.o
                0x08007c8c                HAL_PCD_ResumeCallback
 .text.HAL_PCD_ISOOUTIncompleteCallback
                0x08007ca8       0x24 ./USB_DEVICE/Target/usbd_conf.o
                0x08007ca8                HAL_PCD_ISOOUTIncompleteCallback
 .text.HAL_PCD_ISOINIncompleteCallback
                0x08007ccc       0x24 ./USB_DEVICE/Target/usbd_conf.o
                0x08007ccc                HAL_PCD_ISOINIncompleteCallback
 .text.HAL_PCD_ConnectCallback
                0x08007cf0       0x1c ./USB_DEVICE/Target/usbd_conf.o
                0x08007cf0                HAL_PCD_ConnectCallback
 .text.HAL_PCD_DisconnectCallback
                0x08007d0c       0x1c ./USB_DEVICE/Target/usbd_conf.o
                0x08007d0c                HAL_PCD_DisconnectCallback
 .text.USBD_LL_Init
                0x08007d28       0x98 ./USB_DEVICE/Target/usbd_conf.o
                0x08007d28                USBD_LL_Init
 .text.USBD_LL_Start
                0x08007dc0       0x36 ./USB_DEVICE/Target/usbd_conf.o
                0x08007dc0                USBD_LL_Start
 .text.USBD_LL_OpenEP
                0x08007df6       0x4c ./USB_DEVICE/Target/usbd_conf.o
                0x08007df6                USBD_LL_OpenEP
 .text.USBD_LL_CloseEP
                0x08007e42       0x3e ./USB_DEVICE/Target/usbd_conf.o
                0x08007e42                USBD_LL_CloseEP
 .text.USBD_LL_StallEP
                0x08007e80       0x3e ./USB_DEVICE/Target/usbd_conf.o
                0x08007e80                USBD_LL_StallEP
 .text.USBD_LL_ClearStallEP
                0x08007ebe       0x3e ./USB_DEVICE/Target/usbd_conf.o
                0x08007ebe                USBD_LL_ClearStallEP
 .text.USBD_LL_IsStallEP
                0x08007efc       0x58 ./USB_DEVICE/Target/usbd_conf.o
                0x08007efc                USBD_LL_IsStallEP
 .text.USBD_LL_SetUSBAddress
                0x08007f54       0x3e ./USB_DEVICE/Target/usbd_conf.o
                0x08007f54                USBD_LL_SetUSBAddress
 .text.USBD_LL_Transmit
                0x08007f92       0x42 ./USB_DEVICE/Target/usbd_conf.o
                0x08007f92                USBD_LL_Transmit
 .text.USBD_LL_PrepareReceive
                0x08007fd4       0x42 ./USB_DEVICE/Target/usbd_conf.o
                0x08007fd4                USBD_LL_PrepareReceive
 .text.USBD_LL_GetRxDataSize
                0x08008016       0x26 ./USB_DEVICE/Target/usbd_conf.o
                0x08008016                USBD_LL_GetRxDataSize
 .text.USBD_static_malloc
                0x0800803c       0x1c ./USB_DEVICE/Target/usbd_conf.o
                0x0800803c                USBD_static_malloc
 .text.USBD_static_free
                0x08008058       0x14 ./USB_DEVICE/Target/usbd_conf.o
                0x08008058                USBD_static_free
 .text.USBD_Get_USB_Status
                0x0800806c       0x58 ./USB_DEVICE/Target/usbd_conf.o
                0x0800806c                USBD_Get_USB_Status
 .text.sprintf  0x080080c4       0x44 C:/ST/STM32CubeIDE_1.18.1/STM32CubeIDE/plugins/com.st.stm32cube.ide.mcu.externaltools.gnu-tools-for-stm32.13.3.rel1.win32_1.0.0.202411081344/tools/bin/../lib/gcc/arm-none-eabi/13.3.1/../../../../arm-none-eabi/lib/thumb/v7e-m+fp/hard\libc_nano.a(libc_a-sprintf.o)
                0x080080c4                siprintf
                0x080080c4                sprintf
 .text.memcmp   0x08008108       0x20 C:/ST/STM32CubeIDE_1.18.1/STM32CubeIDE/plugins/com.st.stm32cube.ide.mcu.externaltools.gnu-tools-for-stm32.13.3.rel1.win32_1.0.0.202411081344/tools/bin/../lib/gcc/arm-none-eabi/13.3.1/../../../../arm-none-eabi/lib/thumb/v7e-m+fp/hard\libc_nano.a(libc_a-memcmp.o)
                0x08008108                memcmp
 .text.memmove  0x08008128       0x34 C:/ST/STM32CubeIDE_1.18.1/STM32CubeIDE/plugins/com.st.stm32cube.ide.mcu.externaltools.gnu-tools-for-stm32.13.3.rel1.win32_1.0.0.202411081344/tools/bin/../lib/gcc/arm-none-eabi/13.3.1/../../../../arm-none-eabi/lib/thumb/v7e-m+fp/hard\libc_nano.a(libc_a-memmove.o)
                0x08008128                memmove
 .text.memset   0x0800815c       0x10 C:/ST/STM32CubeIDE_1.18.1/STM32CubeIDE/plugins/com.st.stm32cube.ide.mcu.externaltools.gnu-tools-for-stm32.13.3.rel1.win32_1.0.0.202411081344/tools/bin/../lib/gcc/arm-none-eabi/13.3.1/../../../../arm-none-eabi/lib/thumb/v7e-m+fp/hard\libc_nano.a(libc_a-memset.o)
                0x0800815c                memset
 .text.__errno  0x0800816c        0xc C:/ST/STM32CubeIDE_1.18.1/STM32CubeIDE/plugins/com.st.stm32cube.ide.mcu.externaltools.gnu-tools-for-stm32.13.3.rel1.win32_1.0.0.202411081344/tools/bin/../lib/gcc/arm-none-eabi/13.3.1/../../../../arm-none-eabi/lib/thumb/v7e-m+fp/hard\libc_nano.a(libc_a-errno.o)
                0x0800816c                __errno
 .text.__libc_init_array
                0x08008178       0x48 C:/ST/STM32CubeIDE_1.18.1/STM32CubeIDE/plugins/com.st.stm32cube.ide.mcu.externaltools.gnu-tools-for-stm32.13.3.rel1.win32_1.0.0.202411081344/tools/bin/../lib/gcc/arm-none-eabi/13.3.1/../../../../arm-none-eabi/lib/thumb/v7e-m+fp/hard\libc_nano.a(libc_a-init.o)
                0x08008178                __libc_init_array
 .text.__retarget_lock_acquire_recursive
                0x080081c0        0x2 C:/ST/STM32CubeIDE_1.18.1/STM32CubeIDE/plugins/com.st.stm32cube.ide.mcu.externaltools.gnu-tools-for-stm32.13.3.rel1.win32_1.0.0.202411081344/tools/bin/../lib/gcc/arm-none-eabi/13.3.1/../../../../arm-none-eabi/lib/thumb/v7e-m+fp/hard\libc_nano.a(libc_a-lock.o)
                0x080081c0                __retarget_lock_acquire_recursive
 .text.__retarget_lock_release_recursive
                0x080081c2        0x2 C:/ST/STM32CubeIDE_1.18.1/STM32CubeIDE/plugins/com.st.stm32cube.ide.mcu.externaltools.gnu-tools-for-stm32.13.3.rel1.win32_1.0.0.202411081344/tools/bin/../lib/gcc/arm-none-eabi/13.3.1/../../../../arm-none-eabi/lib/thumb/v7e-m+fp/hard\libc_nano.a(libc_a-lock.o)
                0x080081c2                __retarget_lock_release_recursive
 .text.memcpy   0x080081c4       0x1c C:/ST/STM32CubeIDE_1.18.1/STM32CubeIDE/plugins/com.st.stm32cube.ide.mcu.externaltools.gnu-tools-for-stm32.13.3.rel1.win32_1.0.0.202411081344/tools/bin/../lib/gcc/arm-none-eabi/13.3.1/../../../../arm-none-eabi/lib/thumb/v7e-m+fp/hard\libc_nano.a(libc_a-memcpy-stub.o)
                0x080081c4                memcpy
 .text._free_r  0x080081e0       0x94 C:/ST/STM32CubeIDE_1.18.1/STM32CubeIDE/plugins/com.st.stm32cube.ide.mcu.externaltools.gnu-tools-for-stm32.13.3.rel1.win32_1.0.0.202411081344/tools/bin/../lib/gcc/arm-none-eabi/13.3.1/../../../../arm-none-eabi/lib/thumb/v7e-m+fp/hard\libc_nano.a(libc_a-freer.o)
                0x080081e0                _free_r
 .text.sbrk_aligned
                0x08008274       0x44 C:/ST/STM32CubeIDE_1.18.1/STM32CubeIDE/plugins/com.st.stm32cube.ide.mcu.externaltools.gnu-tools-for-stm32.13.3.rel1.win32_1.0.0.202411081344/tools/bin/../lib/gcc/arm-none-eabi/13.3.1/../../../../arm-none-eabi/lib/thumb/v7e-m+fp/hard\libc_nano.a(libc_a-mallocr.o)
 .text._malloc_r
                0x080082b8      0x100 C:/ST/STM32CubeIDE_1.18.1/STM32CubeIDE/plugins/com.st.stm32cube.ide.mcu.externaltools.gnu-tools-for-stm32.13.3.rel1.win32_1.0.0.202411081344/tools/bin/../lib/gcc/arm-none-eabi/13.3.1/../../../../arm-none-eabi/lib/thumb/v7e-m+fp/hard\libc_nano.a(libc_a-mallocr.o)
                0x080082b8                _malloc_r
 .text.__malloc_lock
                0x080083b8        0xc C:/ST/STM32CubeIDE_1.18.1/STM32CubeIDE/plugins/com.st.stm32cube.ide.mcu.externaltools.gnu-tools-for-stm32.13.3.rel1.win32_1.0.0.202411081344/tools/bin/../lib/gcc/arm-none-eabi/13.3.1/../../../../arm-none-eabi/lib/thumb/v7e-m+fp/hard\libc_nano.a(libc_a-mlock.o)
                0x080083b8                __malloc_lock
 .text.__malloc_unlock
                0x080083c4        0xc C:/ST/STM32CubeIDE_1.18.1/STM32CubeIDE/plugins/com.st.stm32cube.ide.mcu.externaltools.gnu-tools-for-stm32.13.3.rel1.win32_1.0.0.202411081344/tools/bin/../lib/gcc/arm-none-eabi/13.3.1/../../../../arm-none-eabi/lib/thumb/v7e-m+fp/hard\libc_nano.a(libc_a-mlock.o)
                0x080083c4                __malloc_unlock
 .text.__ssputs_r
                0x080083d0       0xb6 C:/ST/STM32CubeIDE_1.18.1/STM32CubeIDE/plugins/com.st.stm32cube.ide.mcu.externaltools.gnu-tools-for-stm32.13.3.rel1.win32_1.0.0.202411081344/tools/bin/../lib/gcc/arm-none-eabi/13.3.1/../../../../arm-none-eabi/lib/thumb/v7e-m+fp/hard\libc_nano.a(libc_a-nano-svfprintf.o)
                0x080083d0                __ssputs_r
 *fill*         0x08008486        0x2 
 .text._svfprintf_r
                0x08008488      0x1f8 C:/ST/STM32CubeIDE_1.18.1/STM32CubeIDE/plugins/com.st.stm32cube.ide.mcu.externaltools.gnu-tools-for-stm32.13.3.rel1.win32_1.0.0.202411081344/tools/bin/../lib/gcc/arm-none-eabi/13.3.1/../../../../arm-none-eabi/lib/thumb/v7e-m+fp/hard\libc_nano.a(libc_a-nano-svfprintf.o)
                0x08008488                _svfiprintf_r
                0x08008488                _svfprintf_r
 .text._printf_common
                0x08008680       0xda C:/ST/STM32CubeIDE_1.18.1/STM32CubeIDE/plugins/com.st.stm32cube.ide.mcu.externaltools.gnu-tools-for-stm32.13.3.rel1.win32_1.0.0.202411081344/tools/bin/../lib/gcc/arm-none-eabi/13.3.1/../../../../arm-none-eabi/lib/thumb/v7e-m+fp/hard\libc_nano.a(libc_a-nano-vfprintf_i.o)
                0x08008680                _printf_common
 *fill*         0x0800875a        0x2 
 .text._printf_i
                0x0800875c      0x23c C:/ST/STM32CubeIDE_1.18.1/STM32CubeIDE/plugins/com.st.stm32cube.ide.mcu.externaltools.gnu-tools-for-stm32.13.3.rel1.win32_1.0.0.202411081344/tools/bin/../lib/gcc/arm-none-eabi/13.3.1/../../../../arm-none-eabi/lib/thumb/v7e-m+fp/hard\libc_nano.a(libc_a-nano-vfprintf_i.o)
                0x0800875c                _printf_i
 .text._sbrk_r  0x08008998       0x20 C:/ST/STM32CubeIDE_1.18.1/STM32CubeIDE/plugins/com.st.stm32cube.ide.mcu.externaltools.gnu-tools-for-stm32.13.3.rel1.win32_1.0.0.202411081344/tools/bin/../lib/gcc/arm-none-eabi/13.3.1/../../../../arm-none-eabi/lib/thumb/v7e-m+fp/hard\libc_nano.a(libc_a-sbrkr.o)
                0x08008998                _sbrk_r
 .text._realloc_r
                0x080089b8       0x5c C:/ST/STM32CubeIDE_1.18.1/STM32CubeIDE/plugins/com.st.stm32cube.ide.mcu.externaltools.gnu-tools-for-stm32.13.3.rel1.win32_1.0.0.202411081344/tools/bin/../lib/gcc/arm-none-eabi/13.3.1/../../../../arm-none-eabi/lib/thumb/v7e-m+fp/hard\libc_nano.a(libc_a-reallocr.o)
                0x080089b8                _realloc_r
 .text._malloc_usable_size_r
                0x08008a14       0x10 C:/ST/STM32CubeIDE_1.18.1/STM32CubeIDE/plugins/com.st.stm32cube.ide.mcu.externaltools.gnu-tools-for-stm32.13.3.rel1.win32_1.0.0.202411081344/tools/bin/../lib/gcc/arm-none-eabi/13.3.1/../../../../arm-none-eabi/lib/thumb/v7e-m+fp/hard\libc_nano.a(libc_a-msizer.o)
                0x08008a14                _malloc_usable_size_r
 *(.glue_7)
 .glue_7        0x08008a24        0x0 linker stubs
 *(.glue_7t)
 .glue_7t       0x08008a24        0x0 linker stubs
 *(.eh_frame)
 .eh_frame      0x08008a24        0x0 C:/ST/STM32CubeIDE_1.18.1/STM32CubeIDE/plugins/com.st.stm32cube.ide.mcu.externaltools.gnu-tools-for-stm32.13.3.rel1.win32_1.0.0.202411081344/tools/bin/../lib/gcc/arm-none-eabi/13.3.1/thumb/v7e-m+fp/hard/crtbegin.o
 *(.init)
 .init          0x08008a24        0x4 C:/ST/STM32CubeIDE_1.18.1/STM32CubeIDE/plugins/com.st.stm32cube.ide.mcu.externaltools.gnu-tools-for-stm32.13.3.rel1.win32_1.0.0.202411081344/tools/bin/../lib/gcc/arm-none-eabi/13.3.1/thumb/v7e-m+fp/hard/crti.o
                0x08008a24                _init
 .init          0x08008a28        0x8 C:/ST/STM32CubeIDE_1.18.1/STM32CubeIDE/plugins/com.st.stm32cube.ide.mcu.externaltools.gnu-tools-for-stm32.13.3.rel1.win32_1.0.0.202411081344/tools/bin/../lib/gcc/arm-none-eabi/13.3.1/thumb/v7e-m+fp/hard/crtn.o
 *(.fini)
 .fini          0x08008a30        0x4 C:/ST/STM32CubeIDE_1.18.1/STM32CubeIDE/plugins/com.st.stm32cube.ide.mcu.externaltools.gnu-tools-for-stm32.13.3.rel1.win32_1.0.0.202411081344/tools/bin/../lib/gcc/arm-none-eabi/13.3.1/thumb/v7e-m+fp/hard/crti.o
                0x08008a30                _fini
 .fini          0x08008a34        0x8 C:/ST/STM32CubeIDE_1.18.1/STM32CubeIDE/plugins/com.st.stm32cube.ide.mcu.externaltools.gnu-tools-for-stm32.13.3.rel1.win32_1.0.0.202411081344/tools/bin/../lib/gcc/arm-none-eabi/13.3.1/thumb/v7e-m+fp/hard/crtn.o
                0x08008a3c                        . = ALIGN (0x4)
                0x08008a3c                        _etext = .

.vfp11_veneer   0x08008a3c        0x0
 .vfp11_veneer  0x08008a3c        0x0 linker stubs

.v4_bx          0x08008a3c        0x0
 .v4_bx         0x08008a3c        0x0 linker stubs

.iplt           0x08008a3c        0x0
 .iplt          0x08008a3c        0x0 C:/ST/STM32CubeIDE_1.18.1/STM32CubeIDE/plugins/com.st.stm32cube.ide.mcu.externaltools.gnu-tools-for-stm32.13.3.rel1.win32_1.0.0.202411081344/tools/bin/../lib/gcc/arm-none-eabi/13.3.1/thumb/v7e-m+fp/hard/crtbegin.o

.rodata         0x08008a3c      0xe28
                0x08008a3c                        . = ALIGN (0x4)
 *(.rodata)
 .rodata        0x08008a3c       0x24 ./Core/Src/adc.o
 .rodata        0x08008a60       0x4f ./USB_DEVICE/App/usbd_desc.o
 *(.rodata*)
 *fill*         0x08008aaf        0x1 
 .rodata.AHBPrescTable
                0x08008ab0       0x10 ./Core/Src/system_stm32f4xx.o
                0x08008ab0                AHBPrescTable
 .rodata.APBPrescTable
                0x08008ac0        0x8 ./Core/Src/system_stm32f4xx.o
                0x08008ac0                APBPrescTable
 .rodata.Font11x18
                0x08008ac8      0xd5c ./Core/ssd1306/ssd1306_fonts.o
 .rodata.Font_11x18
                0x08009824        0xc ./Core/ssd1306/ssd1306_fonts.o
                0x08009824                Font_11x18
 .rodata._svfprintf_r.str1.1
                0x08009830       0x33 C:/ST/STM32CubeIDE_1.18.1/STM32CubeIDE/plugins/com.st.stm32cube.ide.mcu.externaltools.gnu-tools-for-stm32.13.3.rel1.win32_1.0.0.202411081344/tools/bin/../lib/gcc/arm-none-eabi/13.3.1/../../../../arm-none-eabi/lib/thumb/v7e-m+fp/hard\libc_nano.a(libc_a-nano-svfprintf.o)
                                 0x11 (size before relaxing)
 .rodata._printf_i.str1.1
                0x08009863       0x22 C:/ST/STM32CubeIDE_1.18.1/STM32CubeIDE/plugins/com.st.stm32cube.ide.mcu.externaltools.gnu-tools-for-stm32.13.3.rel1.win32_1.0.0.202411081344/tools/bin/../lib/gcc/arm-none-eabi/13.3.1/../../../../arm-none-eabi/lib/thumb/v7e-m+fp/hard\libc_nano.a(libc_a-nano-vfprintf_i.o)
                0x08009888                        . = ALIGN (0x4)
 *fill*         0x08009863        0x1 

.ARM.extab      0x08009864        0x0
                0x08009864                        . = ALIGN (0x4)
 *(.ARM.extab* .gnu.linkonce.armextab.*)
                0x08009864                        . = ALIGN (0x4)

.ARM            0x08009864        0x8
                0x08009864                        . = ALIGN (0x4)
                0x08009864                        __exidx_start = .
 *(.ARM.exidx*)
 .ARM.exidx     0x08009864        0x8 C:/ST/STM32CubeIDE_1.18.1/STM32CubeIDE/plugins/com.st.stm32cube.ide.mcu.externaltools.gnu-tools-for-stm32.13.3.rel1.win32_1.0.0.202411081344/tools/bin/../lib/gcc/arm-none-eabi/13.3.1/../../../../arm-none-eabi/lib/thumb/v7e-m+fp/hard\libc_nano.a(libc_a-memchr.o)
 .ARM.exidx     0x0800986c        0x0 C:/ST/STM32CubeIDE_1.18.1/STM32CubeIDE/plugins/com.st.stm32cube.ide.mcu.externaltools.gnu-tools-for-stm32.13.3.rel1.win32_1.0.0.202411081344/tools/bin/../lib/gcc/arm-none-eabi/13.3.1/thumb/v7e-m+fp/hard\libgcc.a(_udivmoddi4.o)
                                  0x8 (size before relaxing)
                0x0800986c                        __exidx_end = .
                0x0800986c                        . = ALIGN (0x4)

.preinit_array  0x0800986c        0x0
                0x0800986c                        . = ALIGN (0x4)
                0x0800986c                        PROVIDE (__preinit_array_start = .)
 *(.preinit_array*)
                0x0800986c                        PROVIDE (__preinit_array_end = .)
                0x0800986c                        . = ALIGN (0x4)

.init_array     0x0800986c        0x4
                0x0800986c                        . = ALIGN (0x4)
                0x0800986c                        PROVIDE (__init_array_start = .)
 *(SORT_BY_NAME(.init_array.*))
 *(.init_array*)
 .init_array    0x0800986c        0x4 C:/ST/STM32CubeIDE_1.18.1/STM32CubeIDE/plugins/com.st.stm32cube.ide.mcu.externaltools.gnu-tools-for-stm32.13.3.rel1.win32_1.0.0.202411081344/tools/bin/../lib/gcc/arm-none-eabi/13.3.1/thumb/v7e-m+fp/hard/crtbegin.o
                0x08009870                        PROVIDE (__init_array_end = .)
                0x08009870                        . = ALIGN (0x4)

.fini_array     0x08009870        0x4
                0x08009870                        . = ALIGN (0x4)
                [!provide]                        PROVIDE (__fini_array_start = .)
 *(SORT_BY_NAME(.fini_array.*))
 *(.fini_array*)
 .fini_array    0x08009870        0x4 C:/ST/STM32CubeIDE_1.18.1/STM32CubeIDE/plugins/com.st.stm32cube.ide.mcu.externaltools.gnu-tools-for-stm32.13.3.rel1.win32_1.0.0.202411081344/tools/bin/../lib/gcc/arm-none-eabi/13.3.1/thumb/v7e-m+fp/hard/crtbegin.o
                [!provide]                        PROVIDE (__fini_array_end = .)
                0x08009874                        . = ALIGN (0x4)
                0x08009874                        _sidata = LOADADDR (.data)

.rel.dyn        0x08009874        0x0
 .rel.iplt      0x08009874        0x0 C:/ST/STM32CubeIDE_1.18.1/STM32CubeIDE/plugins/com.st.stm32cube.ide.mcu.externaltools.gnu-tools-for-stm32.13.3.rel1.win32_1.0.0.202411081344/tools/bin/../lib/gcc/arm-none-eabi/13.3.1/thumb/v7e-m+fp/hard/crtbegin.o

.data           0x20000000      0x1c4 load address 0x08009874
                0x20000000                        . = ALIGN (0x4)
                0x20000000                        _sdata = .
 *(.data)
 *(.data*)
 .data.SystemCoreClock
                0x20000000        0x4 ./Core/Src/system_stm32f4xx.o
                0x20000000                SystemCoreClock
 .data.uwTickPrio
                0x20000004        0x4 ./Drivers/STM32F4xx_HAL_Driver/Src/stm32f4xx_hal.o
                0x20000004                uwTickPrio
 .data.uwTickFreq
                0x20000008        0x1 ./Drivers/STM32F4xx_HAL_Driver/Src/stm32f4xx_hal.o
                0x20000008                uwTickFreq
 *fill*         0x20000009        0x3 
 .data.USBD_MIDI
                0x2000000c       0x38 ./Middlewares/ST/STM32_USB_Device_Library/Class/MIDI/Src/usbd_midi.o
                0x2000000c                USBD_MIDI
 .data.USBD_MIDI_CfgDesc
                0x20000044       0xc5 ./Middlewares/ST/STM32_USB_Device_Library/Class/MIDI/Src/usbd_midi.o
                0x20000044                USBD_MIDI_CfgDesc
 *fill*         0x20000109        0x3 
 .data.FS_Desc  0x2000010c       0x1c ./USB_DEVICE/App/usbd_desc.o
                0x2000010c                FS_Desc
 .data.USBD_FS_DeviceDesc
                0x20000128       0x12 ./USB_DEVICE/App/usbd_desc.o
                0x20000128                USBD_FS_DeviceDesc
 *fill*         0x2000013a        0x2 
 .data.USBD_LangIDDesc
                0x2000013c        0x4 ./USB_DEVICE/App/usbd_desc.o
                0x2000013c                USBD_LangIDDesc
 .data.USBD_StringSerial
                0x20000140       0x1a ./USB_DEVICE/App/usbd_desc.o
                0x20000140                USBD_StringSerial
 *fill*         0x2000015a        0x2 
 .data.USBD_MIDI_fops_FS
                0x2000015c       0x18 ./USB_DEVICE/App/usbd_midi_if.o
                0x2000015c                USBD_MIDI_fops_FS
 .data._impure_ptr
                0x20000174        0x4 C:/ST/STM32CubeIDE_1.18.1/STM32CubeIDE/plugins/com.st.stm32cube.ide.mcu.externaltools.gnu-tools-for-stm32.13.3.rel1.win32_1.0.0.202411081344/tools/bin/../lib/gcc/arm-none-eabi/13.3.1/../../../../arm-none-eabi/lib/thumb/v7e-m+fp/hard\libc_nano.a(libc_a-impure.o)
                0x20000174                _impure_ptr
 .data._impure_data
                0x20000178       0x4c C:/ST/STM32CubeIDE_1.18.1/STM32CubeIDE/plugins/com.st.stm32cube.ide.mcu.externaltools.gnu-tools-for-stm32.13.3.rel1.win32_1.0.0.202411081344/tools/bin/../lib/gcc/arm-none-eabi/13.3.1/../../../../arm-none-eabi/lib/thumb/v7e-m+fp/hard\libc_nano.a(libc_a-impure.o)
                0x20000178                _impure_data
 *(.RamFunc)
 *(.RamFunc*)
                0x200001c4                        . = ALIGN (0x4)
                0x200001c4                        _edata = .

.igot.plt       0x200001c4        0x0 load address 0x08009a38
 .igot.plt      0x200001c4        0x0 C:/ST/STM32CubeIDE_1.18.1/STM32CubeIDE/plugins/com.st.stm32cube.ide.mcu.externaltools.gnu-tools-for-stm32.13.3.rel1.win32_1.0.0.202411081344/tools/bin/../lib/gcc/arm-none-eabi/13.3.1/thumb/v7e-m+fp/hard/crtbegin.o
                0x200001c4                        . = ALIGN (0x4)

.bss            0x200001c4     0x10c0 load address 0x08009a38
                0x200001c4                        _sbss = .
                0x200001c4                        __bss_start__ = _sbss
 *(.bss)
 .bss           0x200001c4       0x1c C:/ST/STM32CubeIDE_1.18.1/STM32CubeIDE/plugins/com.st.stm32cube.ide.mcu.externaltools.gnu-tools-for-stm32.13.3.rel1.win32_1.0.0.202411081344/tools/bin/../lib/gcc/arm-none-eabi/13.3.1/thumb/v7e-m+fp/hard/crtbegin.o
 *(.bss*)
 .bss.hadc1     0x200001e0       0x48 ./Core/Src/adc.o
                0x200001e0                hadc1
 .bss.AD_last.3
                0x20000228       0x20 ./Core/Src/adc.o
 .bss.debouce.2
                0x20000248       0x10 ./Core/Src/adc.o
 .bss.touch.1   0x20000258        0x8 ./Core/Src/adc.o
 .bss.AD.0      0x20000260       0x20 ./Core/Src/adc.o
 .bss.hi2c1     0x20000280       0x54 ./Core/Src/i2c.o
                0x20000280                hi2c1
 .bss.__sbrk_heap_end
                0x200002d4        0x4 ./Core/Src/sysmem.o
 .bss.SSD1306_Buffer
                0x200002d8      0x400 ./Core/ssd1306/ssd1306.o
 .bss.SSD1306   0x200006d8        0x6 ./Core/ssd1306/ssd1306.o
 *fill*         0x200006de        0x2 
 .bss.uwTick    0x200006e0        0x4 ./Drivers/STM32F4xx_HAL_Driver/Src/stm32f4xx_hal.o
                0x200006e0                uwTick
 .bss.APP_Rx_ptr_in
                0x200006e4        0x4 ./Middlewares/ST/STM32_USB_Device_Library/Class/MIDI/Src/usbd_midi.o
                0x200006e4                APP_Rx_ptr_in
 .bss.APP_Rx_ptr_out
                0x200006e8        0x4 ./Middlewares/ST/STM32_USB_Device_Library/Class/MIDI/Src/usbd_midi.o
                0x200006e8                APP_Rx_ptr_out
 .bss.USB_Tx_State
                0x200006ec        0x1 ./Middlewares/ST/STM32_USB_Device_Library/Class/MIDI/Src/usbd_midi.o
                0x200006ec                USB_Tx_State
 *fill*         0x200006ed        0x3 
 .bss.APP_Rx_Buffer
                0x200006f0       0x40 ./Middlewares/ST/STM32_USB_Device_Library/Class/MIDI/Src/usbd_midi.o
                0x200006f0                APP_Rx_Buffer
 .bss.cfgidx.0  0x20000730        0x1 ./Middlewares/ST/STM32_USB_Device_Library/Core/Src/usbd_ctlreq.o
 *fill*         0x20000731        0x3 
 .bss.hUsbDeviceFS
                0x20000734      0x2dc ./USB_DEVICE/App/usb_device.o
                0x20000734                hUsbDeviceFS
 .bss.USBD_StrDesc
                0x20000a10      0x200 ./USB_DEVICE/App/usbd_desc.o
                0x20000a10                USBD_StrDesc
 .bss.hpcd_USB_OTG_FS
                0x20000c10      0x4e4 ./USB_DEVICE/Target/usbd_conf.o
                0x20000c10                hpcd_USB_OTG_FS
 .bss.mem.0     0x200010f4       0x48 ./USB_DEVICE/Target/usbd_conf.o
 .bss.__sf      0x2000113c      0x138 C:/ST/STM32CubeIDE_1.18.1/STM32CubeIDE/plugins/com.st.stm32cube.ide.mcu.externaltools.gnu-tools-for-stm32.13.3.rel1.win32_1.0.0.202411081344/tools/bin/../lib/gcc/arm-none-eabi/13.3.1/../../../../arm-none-eabi/lib/thumb/v7e-m+fp/hard\libc_nano.a(libc_a-findfp.o)
                0x2000113c                __sf
 .bss.errno     0x20001274        0x4 C:/ST/STM32CubeIDE_1.18.1/STM32CubeIDE/plugins/com.st.stm32cube.ide.mcu.externaltools.gnu-tools-for-stm32.13.3.rel1.win32_1.0.0.202411081344/tools/bin/../lib/gcc/arm-none-eabi/13.3.1/../../../../arm-none-eabi/lib/thumb/v7e-m+fp/hard\libc_nano.a(libc_a-reent.o)
                0x20001274                errno
 .bss.__lock___malloc_recursive_mutex
                0x20001278        0x1 C:/ST/STM32CubeIDE_1.18.1/STM32CubeIDE/plugins/com.st.stm32cube.ide.mcu.externaltools.gnu-tools-for-stm32.13.3.rel1.win32_1.0.0.202411081344/tools/bin/../lib/gcc/arm-none-eabi/13.3.1/../../../../arm-none-eabi/lib/thumb/v7e-m+fp/hard\libc_nano.a(libc_a-lock.o)
                0x20001278                __lock___malloc_recursive_mutex
 *fill*         0x20001279        0x3 
 .bss.__malloc_sbrk_start
                0x2000127c        0x4 C:/ST/STM32CubeIDE_1.18.1/STM32CubeIDE/plugins/com.st.stm32cube.ide.mcu.externaltools.gnu-tools-for-stm32.13.3.rel1.win32_1.0.0.202411081344/tools/bin/../lib/gcc/arm-none-eabi/13.3.1/../../../../arm-none-eabi/lib/thumb/v7e-m+fp/hard\libc_nano.a(libc_a-mallocr.o)
                0x2000127c                __malloc_sbrk_start
 .bss.__malloc_free_list
                0x20001280        0x4 C:/ST/STM32CubeIDE_1.18.1/STM32CubeIDE/plugins/com.st.stm32cube.ide.mcu.externaltools.gnu-tools-for-stm32.13.3.rel1.win32_1.0.0.202411081344/tools/bin/../lib/gcc/arm-none-eabi/13.3.1/../../../../arm-none-eabi/lib/thumb/v7e-m+fp/hard\libc_nano.a(libc_a-mallocr.o)
                0x20001280                __malloc_free_list
 *(COMMON)
                0x20001284                        . = ALIGN (0x4)
                0x20001284                        _ebss = .
                0x20001284                        __bss_end__ = _ebss

._user_heap_stack
                0x20001284      0x604 load address 0x08009a38
                0x20001288                        . = ALIGN (0x8)
 *fill*         0x20001284        0x4 
                [!provide]                        PROVIDE (end = .)
                0x20001288                        PROVIDE (_end = .)
                0x20001488                        . = (. + _Min_Heap_Size)
 *fill*         0x20001288      0x200 
                0x20001888                        . = (. + _Min_Stack_Size)
 *fill*         0x20001488      0x400 
                0x20001888                        . = ALIGN (0x8)

/DISCARD/
 libc.a(*)
 libm.a(*)
 libgcc.a(*)

.ARM.attributes
                0x00000000       0x30
 *(.ARM.attributes)
 .ARM.attributes
                0x00000000       0x22 C:/ST/STM32CubeIDE_1.18.1/STM32CubeIDE/plugins/com.st.stm32cube.ide.mcu.externaltools.gnu-tools-for-stm32.13.3.rel1.win32_1.0.0.202411081344/tools/bin/../lib/gcc/arm-none-eabi/13.3.1/thumb/v7e-m+fp/hard/crti.o
 .ARM.attributes
                0x00000022       0x34 C:/ST/STM32CubeIDE_1.18.1/STM32CubeIDE/plugins/com.st.stm32cube.ide.mcu.externaltools.gnu-tools-for-stm32.13.3.rel1.win32_1.0.0.202411081344/tools/bin/../lib/gcc/arm-none-eabi/13.3.1/thumb/v7e-m+fp/hard/crtbegin.o
 .ARM.attributes
                0x00000056       0x34 ./Core/Src/adc.o
 .ARM.attributes
                0x0000008a       0x34 ./Core/Src/gpio.o
 .ARM.attributes
                0x000000be       0x34 ./Core/Src/i2c.o
 .ARM.attributes
                0x000000f2       0x34 ./Core/Src/main.o
 .ARM.attributes
                0x00000126       0x34 ./Core/Src/stm32f4xx_hal_msp.o
 .ARM.attributes
                0x0000015a       0x34 ./Core/Src/stm32f4xx_it.o
 .ARM.attributes
                0x0000018e       0x34 ./Core/Src/sysmem.o
 .ARM.attributes
                0x000001c2       0x34 ./Core/Src/system_stm32f4xx.o
 .ARM.attributes
                0x000001f6       0x21 ./Core/Startup/startup_stm32f411ceux.o
 .ARM.attributes
                0x00000217       0x34 ./Core/ssd1306/ssd1306.o
 .ARM.attributes
                0x0000024b       0x34 ./Core/ssd1306/ssd1306_fonts.o
 .ARM.attributes
                0x0000027f       0x34 ./Drivers/STM32F4xx_HAL_Driver/Src/stm32f4xx_hal.o
 .ARM.attributes
                0x000002b3       0x34 ./Drivers/STM32F4xx_HAL_Driver/Src/stm32f4xx_hal_adc.o
 .ARM.attributes
                0x000002e7       0x34 ./Drivers/STM32F4xx_HAL_Driver/Src/stm32f4xx_hal_cortex.o
 .ARM.attributes
                0x0000031b       0x34 ./Drivers/STM32F4xx_HAL_Driver/Src/stm32f4xx_hal_gpio.o
 .ARM.attributes
                0x0000034f       0x34 ./Drivers/STM32F4xx_HAL_Driver/Src/stm32f4xx_hal_i2c.o
 .ARM.attributes
                0x00000383       0x34 ./Drivers/STM32F4xx_HAL_Driver/Src/stm32f4xx_hal_pcd.o
 .ARM.attributes
                0x000003b7       0x34 ./Drivers/STM32F4xx_HAL_Driver/Src/stm32f4xx_hal_pcd_ex.o
 .ARM.attributes
                0x000003eb       0x34 ./Drivers/STM32F4xx_HAL_Driver/Src/stm32f4xx_hal_rcc.o
 .ARM.attributes
                0x0000041f       0x34 ./Drivers/STM32F4xx_HAL_Driver/Src/stm32f4xx_ll_usb.o
 .ARM.attributes
                0x00000453       0x34 ./Middlewares/ST/STM32_USB_Device_Library/Class/MIDI/Src/usbd_midi.o
 .ARM.attributes
                0x00000487       0x34 ./Middlewares/ST/STM32_USB_Device_Library/Core/Src/usbd_core.o
 .ARM.attributes
                0x000004bb       0x34 ./Middlewares/ST/STM32_USB_Device_Library/Core/Src/usbd_ctlreq.o
 .ARM.attributes
                0x000004ef       0x34 ./Middlewares/ST/STM32_USB_Device_Library/Core/Src/usbd_ioreq.o
 .ARM.attributes
                0x00000523       0x34 ./USB_DEVICE/App/usb_device.o
 .ARM.attributes
                0x00000557       0x34 ./USB_DEVICE/App/usbd_desc.o
 .ARM.attributes
                0x0000058b       0x34 ./USB_DEVICE/App/usbd_midi_if.o
 .ARM.attributes
                0x000005bf       0x34 ./USB_DEVICE/Target/usbd_conf.o
 .ARM.attributes
                0x000005f3       0x34 C:/ST/STM32CubeIDE_1.18.1/STM32CubeIDE/plugins/com.st.stm32cube.ide.mcu.externaltools.gnu-tools-for-stm32.13.3.rel1.win32_1.0.0.202411081344/tools/bin/../lib/gcc/arm-none-eabi/13.3.1/../../../../arm-none-eabi/lib/thumb/v7e-m+fp/hard\libc_nano.a(libc_a-findfp.o)
 .ARM.attributes
                0x00000627       0x34 C:/ST/STM32CubeIDE_1.18.1/STM32CubeIDE/plugins/com.st.stm32cube.ide.mcu.externaltools.gnu-tools-for-stm32.13.3.rel1.win32_1.0.0.202411081344/tools/bin/../lib/gcc/arm-none-eabi/13.3.1/../../../../arm-none-eabi/lib/thumb/v7e-m+fp/hard\libc_nano.a(libc_a-sprintf.o)
 .ARM.attributes
                0x0000065b       0x34 C:/ST/STM32CubeIDE_1.18.1/STM32CubeIDE/plugins/com.st.stm32cube.ide.mcu.externaltools.gnu-tools-for-stm32.13.3.rel1.win32_1.0.0.202411081344/tools/bin/../lib/gcc/arm-none-eabi/13.3.1/../../../../arm-none-eabi/lib/thumb/v7e-m+fp/hard\libc_nano.a(libc_a-memcmp.o)
 .ARM.attributes
                0x0000068f       0x34 C:/ST/STM32CubeIDE_1.18.1/STM32CubeIDE/plugins/com.st.stm32cube.ide.mcu.externaltools.gnu-tools-for-stm32.13.3.rel1.win32_1.0.0.202411081344/tools/bin/../lib/gcc/arm-none-eabi/13.3.1/../../../../arm-none-eabi/lib/thumb/v7e-m+fp/hard\libc_nano.a(libc_a-memmove.o)
 .ARM.attributes
                0x000006c3       0x34 C:/ST/STM32CubeIDE_1.18.1/STM32CubeIDE/plugins/com.st.stm32cube.ide.mcu.externaltools.gnu-tools-for-stm32.13.3.rel1.win32_1.0.0.202411081344/tools/bin/../lib/gcc/arm-none-eabi/13.3.1/../../../../arm-none-eabi/lib/thumb/v7e-m+fp/hard\libc_nano.a(libc_a-memset.o)
 .ARM.attributes
                0x000006f7       0x34 C:/ST/STM32CubeIDE_1.18.1/STM32CubeIDE/plugins/com.st.stm32cube.ide.mcu.externaltools.gnu-tools-for-stm32.13.3.rel1.win32_1.0.0.202411081344/tools/bin/../lib/gcc/arm-none-eabi/13.3.1/../../../../arm-none-eabi/lib/thumb/v7e-m+fp/hard\libc_nano.a(libc_a-reent.o)
 .ARM.attributes
                0x0000072b       0x34 C:/ST/STM32CubeIDE_1.18.1/STM32CubeIDE/plugins/com.st.stm32cube.ide.mcu.externaltools.gnu-tools-for-stm32.13.3.rel1.win32_1.0.0.202411081344/tools/bin/../lib/gcc/arm-none-eabi/13.3.1/../../../../arm-none-eabi/lib/thumb/v7e-m+fp/hard\libc_nano.a(libc_a-impure.o)
 .ARM.attributes
                0x0000075f       0x34 C:/ST/STM32CubeIDE_1.18.1/STM32CubeIDE/plugins/com.st.stm32cube.ide.mcu.externaltools.gnu-tools-for-stm32.13.3.rel1.win32_1.0.0.202411081344/tools/bin/../lib/gcc/arm-none-eabi/13.3.1/../../../../arm-none-eabi/lib/thumb/v7e-m+fp/hard\libc_nano.a(libc_a-errno.o)
 .ARM.attributes
                0x00000793       0x34 C:/ST/STM32CubeIDE_1.18.1/STM32CubeIDE/plugins/com.st.stm32cube.ide.mcu.externaltools.gnu-tools-for-stm32.13.3.rel1.win32_1.0.0.202411081344/tools/bin/../lib/gcc/arm-none-eabi/13.3.1/../../../../arm-none-eabi/lib/thumb/v7e-m+fp/hard\libc_nano.a(libc_a-init.o)
 .ARM.attributes
                0x000007c7       0x34 C:/ST/STM32CubeIDE_1.18.1/STM32CubeIDE/plugins/com.st.stm32cube.ide.mcu.externaltools.gnu-tools-for-stm32.13.3.rel1.win32_1.0.0.202411081344/tools/bin/../lib/gcc/arm-none-eabi/13.3.1/../../../../arm-none-eabi/lib/thumb/v7e-m+fp/hard\libc_nano.a(libc_a-lock.o)
 .ARM.attributes
                0x000007fb       0x34 C:/ST/STM32CubeIDE_1.18.1/STM32CubeIDE/plugins/com.st.stm32cube.ide.mcu.externaltools.gnu-tools-for-stm32.13.3.rel1.win32_1.0.0.202411081344/tools/bin/../lib/gcc/arm-none-eabi/13.3.1/../../../../arm-none-eabi/lib/thumb/v7e-m+fp/hard\libc_nano.a(libc_a-memcpy-stub.o)
 .ARM.attributes
                0x0000082f       0x34 C:/ST/STM32CubeIDE_1.18.1/STM32CubeIDE/plugins/com.st.stm32cube.ide.mcu.externaltools.gnu-tools-for-stm32.13.3.rel1.win32_1.0.0.202411081344/tools/bin/../lib/gcc/arm-none-eabi/13.3.1/../../../../arm-none-eabi/lib/thumb/v7e-m+fp/hard\libc_nano.a(libc_a-freer.o)
 .ARM.attributes
                0x00000863       0x34 C:/ST/STM32CubeIDE_1.18.1/STM32CubeIDE/plugins/com.st.stm32cube.ide.mcu.externaltools.gnu-tools-for-stm32.13.3.rel1.win32_1.0.0.202411081344/tools/bin/../lib/gcc/arm-none-eabi/13.3.1/../../../../arm-none-eabi/lib/thumb/v7e-m+fp/hard\libc_nano.a(libc_a-mallocr.o)
 .ARM.attributes
                0x00000897       0x34 C:/ST/STM32CubeIDE_1.18.1/STM32CubeIDE/plugins/com.st.stm32cube.ide.mcu.externaltools.gnu-tools-for-stm32.13.3.rel1.win32_1.0.0.202411081344/tools/bin/../lib/gcc/arm-none-eabi/13.3.1/../../../../arm-none-eabi/lib/thumb/v7e-m+fp/hard\libc_nano.a(libc_a-mlock.o)
 .ARM.attributes
                0x000008cb       0x34 C:/ST/STM32CubeIDE_1.18.1/STM32CubeIDE/plugins/com.st.stm32cube.ide.mcu.externaltools.gnu-tools-for-stm32.13.3.rel1.win32_1.0.0.202411081344/tools/bin/../lib/gcc/arm-none-eabi/13.3.1/../../../../arm-none-eabi/lib/thumb/v7e-m+fp/hard\libc_nano.a(libc_a-nano-svfprintf.o)
 .ARM.attributes
                0x000008ff       0x34 C:/ST/STM32CubeIDE_1.18.1/STM32CubeIDE/plugins/com.st.stm32cube.ide.mcu.externaltools.gnu-tools-for-stm32.13.3.rel1.win32_1.0.0.202411081344/tools/bin/../lib/gcc/arm-none-eabi/13.3.1/../../../../arm-none-eabi/lib/thumb/v7e-m+fp/hard\libc_nano.a(libc_a-nano-vfprintf_i.o)
 .ARM.attributes
                0x00000933       0x34 C:/ST/STM32CubeIDE_1.18.1/STM32CubeIDE/plugins/com.st.stm32cube.ide.mcu.externaltools.gnu-tools-for-stm32.13.3.rel1.win32_1.0.0.202411081344/tools/bin/../lib/gcc/arm-none-eabi/13.3.1/../../../../arm-none-eabi/lib/thumb/v7e-m+fp/hard\libc_nano.a(libc_a-sbrkr.o)
 .ARM.attributes
                0x00000967       0x1c C:/ST/STM32CubeIDE_1.18.1/STM32CubeIDE/plugins/com.st.stm32cube.ide.mcu.externaltools.gnu-tools-for-stm32.13.3.rel1.win32_1.0.0.202411081344/tools/bin/../lib/gcc/arm-none-eabi/13.3.1/../../../../arm-none-eabi/lib/thumb/v7e-m+fp/hard\libc_nano.a(libc_a-memchr.o)
 .ARM.attributes
                0x00000983       0x34 C:/ST/STM32CubeIDE_1.18.1/STM32CubeIDE/plugins/com.st.stm32cube.ide.mcu.externaltools.gnu-tools-for-stm32.13.3.rel1.win32_1.0.0.202411081344/tools/bin/../lib/gcc/arm-none-eabi/13.3.1/../../../../arm-none-eabi/lib/thumb/v7e-m+fp/hard\libc_nano.a(libc_a-reallocr.o)
 .ARM.attributes
                0x000009b7       0x34 C:/ST/STM32CubeIDE_1.18.1/STM32CubeIDE/plugins/com.st.stm32cube.ide.mcu.externaltools.gnu-tools-for-stm32.13.3.rel1.win32_1.0.0.202411081344/tools/bin/../lib/gcc/arm-none-eabi/13.3.1/../../../../arm-none-eabi/lib/thumb/v7e-m+fp/hard\libc_nano.a(libc_a-msizer.o)
 .ARM.attributes
                0x000009eb       0x22 C:/ST/STM32CubeIDE_1.18.1/STM32CubeIDE/plugins/com.st.stm32cube.ide.mcu.externaltools.gnu-tools-for-stm32.13.3.rel1.win32_1.0.0.202411081344/tools/bin/../lib/gcc/arm-none-eabi/13.3.1/thumb/v7e-m+fp/hard\libgcc.a(_aeabi_uldivmod.o)
 .ARM.attributes
                0x00000a0d       0x34 C:/ST/STM32CubeIDE_1.18.1/STM32CubeIDE/plugins/com.st.stm32cube.ide.mcu.externaltools.gnu-tools-for-stm32.13.3.rel1.win32_1.0.0.202411081344/tools/bin/../lib/gcc/arm-none-eabi/13.3.1/thumb/v7e-m+fp/hard\libgcc.a(_udivmoddi4.o)
 .ARM.attributes
                0x00000a41       0x22 C:/ST/STM32CubeIDE_1.18.1/STM32CubeIDE/plugins/com.st.stm32cube.ide.mcu.externaltools.gnu-tools-for-stm32.13.3.rel1.win32_1.0.0.202411081344/tools/bin/../lib/gcc/arm-none-eabi/13.3.1/thumb/v7e-m+fp/hard\libgcc.a(_dvmd_tls.o)
 .ARM.attributes
                0x00000a63       0x22 C:/ST/STM32CubeIDE_1.18.1/STM32CubeIDE/plugins/com.st.stm32cube.ide.mcu.externaltools.gnu-tools-for-stm32.13.3.rel1.win32_1.0.0.202411081344/tools/bin/../lib/gcc/arm-none-eabi/13.3.1/thumb/v7e-m+fp/hard/crtn.o
OUTPUT(USB_MIDI_HUI.elf elf32-littlearm)
LOAD linker stubs
LOAD C:/ST/STM32CubeIDE_1.18.1/STM32CubeIDE/plugins/com.st.stm32cube.ide.mcu.externaltools.gnu-tools-for-stm32.13.3.rel1.win32_1.0.0.202411081344/tools/bin/../lib/gcc/arm-none-eabi/13.3.1/../../../../arm-none-eabi/lib/thumb/v7e-m+fp/hard\libc.a
LOAD C:/ST/STM32CubeIDE_1.18.1/STM32CubeIDE/plugins/com.st.stm32cube.ide.mcu.externaltools.gnu-tools-for-stm32.13.3.rel1.win32_1.0.0.202411081344/tools/bin/../lib/gcc/arm-none-eabi/13.3.1/../../../../arm-none-eabi/lib/thumb/v7e-m+fp/hard\libm.a
LOAD C:/ST/STM32CubeIDE_1.18.1/STM32CubeIDE/plugins/com.st.stm32cube.ide.mcu.externaltools.gnu-tools-for-stm32.13.3.rel1.win32_1.0.0.202411081344/tools/bin/../lib/gcc/arm-none-eabi/13.3.1/thumb/v7e-m+fp/hard\libgcc.a

.debug_info     0x00000000    0x12d1c
 .debug_info    0x00000000      0xdff ./Core/Src/adc.o
 .debug_info    0x00000dff      0x433 ./Core/Src/gpio.o
 .debug_info    0x00001232      0x9a5 ./Core/Src/i2c.o
 .debug_info    0x00001bd7      0x5ec ./Core/Src/main.o
 .debug_info    0x000021c3      0x291 ./Core/Src/stm32f4xx_hal_msp.o
 .debug_info    0x00002454      0x627 ./Core/Src/stm32f4xx_it.o
 .debug_info    0x00002a7b      0x168 ./Core/Src/sysmem.o
 .debug_info    0x00002be3      0x53e ./Core/Src/system_stm32f4xx.o
 .debug_info    0x00003121       0x30 ./Core/Startup/startup_stm32f411ceux.o
 .debug_info    0x00003151     0x128b ./Core/ssd1306/ssd1306.o
 .debug_info    0x000043dc      0x188 ./Core/ssd1306/ssd1306_fonts.o
 .debug_info    0x00004564      0x8c4 ./Drivers/STM32F4xx_HAL_Driver/Src/stm32f4xx_hal.o
 .debug_info    0x00004e28      0xcd1 ./Drivers/STM32F4xx_HAL_Driver/Src/stm32f4xx_hal_adc.o
 .debug_info    0x00005af9      0xcfc ./Drivers/STM32F4xx_HAL_Driver/Src/stm32f4xx_hal_cortex.o
 .debug_info    0x000067f5      0x6f9 ./Drivers/STM32F4xx_HAL_Driver/Src/stm32f4xx_hal_gpio.o
 .debug_info    0x00006eee     0x2426 ./Drivers/STM32F4xx_HAL_Driver/Src/stm32f4xx_hal_i2c.o
 .debug_info    0x00009314     0x1577 ./Drivers/STM32F4xx_HAL_Driver/Src/stm32f4xx_hal_pcd.o
 .debug_info    0x0000a88b      0x6ea ./Drivers/STM32F4xx_HAL_Driver/Src/stm32f4xx_hal_pcd_ex.o
 .debug_info    0x0000af75      0x8f0 ./Drivers/STM32F4xx_HAL_Driver/Src/stm32f4xx_hal_rcc.o
 .debug_info    0x0000b865     0x1993 ./Drivers/STM32F4xx_HAL_Driver/Src/stm32f4xx_ll_usb.o
 .debug_info    0x0000d1f8      0xb24 ./Middlewares/ST/STM32_USB_Device_Library/Class/MIDI/Src/usbd_midi.o
 .debug_info    0x0000dd1c      0xe05 ./Middlewares/ST/STM32_USB_Device_Library/Core/Src/usbd_core.o
 .debug_info    0x0000eb21      0xade ./Middlewares/ST/STM32_USB_Device_Library/Core/Src/usbd_ctlreq.o
 .debug_info    0x0000f5ff      0x755 ./Middlewares/ST/STM32_USB_Device_Library/Core/Src/usbd_ioreq.o
 .debug_info    0x0000fd54      0x6c8 ./USB_DEVICE/App/usb_device.o
 .debug_info    0x0001041c      0x458 ./USB_DEVICE/App/usbd_desc.o
 .debug_info    0x00010874      0x8a3 ./USB_DEVICE/App/usbd_midi_if.o
 .debug_info    0x00011117     0x1c05 ./USB_DEVICE/Target/usbd_conf.o

.debug_abbrev   0x00000000     0x3802
 .debug_abbrev  0x00000000      0x279 ./Core/Src/adc.o
 .debug_abbrev  0x00000279      0x151 ./Core/Src/gpio.o
 .debug_abbrev  0x000003ca      0x1f0 ./Core/Src/i2c.o
 .debug_abbrev  0x000005ba      0x1ef ./Core/Src/main.o
 .debug_abbrev  0x000007a9       0xd8 ./Core/Src/stm32f4xx_hal_msp.o
 .debug_abbrev  0x00000881      0x1a4 ./Core/Src/stm32f4xx_it.o
 .debug_abbrev  0x00000a25       0xbc ./Core/Src/sysmem.o
 .debug_abbrev  0x00000ae1      0x11a ./Core/Src/system_stm32f4xx.o
 .debug_abbrev  0x00000bfb       0x24 ./Core/Startup/startup_stm32f411ceux.o
 .debug_abbrev  0x00000c1f      0x334 ./Core/ssd1306/ssd1306.o
 .debug_abbrev  0x00000f53       0xc3 ./Core/ssd1306/ssd1306_fonts.o
 .debug_abbrev  0x00001016      0x24b ./Drivers/STM32F4xx_HAL_Driver/Src/stm32f4xx_hal.o
 .debug_abbrev  0x00001261      0x20e ./Drivers/STM32F4xx_HAL_Driver/Src/stm32f4xx_hal_adc.o
 .debug_abbrev  0x0000146f      0x31d ./Drivers/STM32F4xx_HAL_Driver/Src/stm32f4xx_hal_cortex.o
 .debug_abbrev  0x0000178c      0x1d3 ./Drivers/STM32F4xx_HAL_Driver/Src/stm32f4xx_hal_gpio.o
 .debug_abbrev  0x0000195f      0x2bc ./Drivers/STM32F4xx_HAL_Driver/Src/stm32f4xx_hal_i2c.o
 .debug_abbrev  0x00001c1b      0x2b6 ./Drivers/STM32F4xx_HAL_Driver/Src/stm32f4xx_hal_pcd.o
 .debug_abbrev  0x00001ed1      0x1da ./Drivers/STM32F4xx_HAL_Driver/Src/stm32f4xx_hal_pcd_ex.o
 .debug_abbrev  0x000020ab      0x2b6 ./Drivers/STM32F4xx_HAL_Driver/Src/stm32f4xx_hal_rcc.o
 .debug_abbrev  0x00002361      0x2b3 ./Drivers/STM32F4xx_HAL_Driver/Src/stm32f4xx_ll_usb.o
 .debug_abbrev  0x00002614      0x278 ./Middlewares/ST/STM32_USB_Device_Library/Class/MIDI/Src/usbd_midi.o
 .debug_abbrev  0x0000288c      0x27c ./Middlewares/ST/STM32_USB_Device_Library/Core/Src/usbd_core.o
 .debug_abbrev  0x00002b08      0x26f ./Middlewares/ST/STM32_USB_Device_Library/Core/Src/usbd_ctlreq.o
 .debug_abbrev  0x00002d77      0x19a ./Middlewares/ST/STM32_USB_Device_Library/Core/Src/usbd_ioreq.o
 .debug_abbrev  0x00002f11      0x1a0 ./USB_DEVICE/App/usb_device.o
 .debug_abbrev  0x000030b1      0x1e1 ./USB_DEVICE/App/usbd_desc.o
 .debug_abbrev  0x00003292      0x231 ./USB_DEVICE/App/usbd_midi_if.o
 .debug_abbrev  0x000034c3      0x33f ./USB_DEVICE/Target/usbd_conf.o

.debug_aranges  0x00000000     0x1060
 .debug_aranges
                0x00000000       0x50 ./Core/Src/adc.o
 .debug_aranges
                0x00000050       0x20 ./Core/Src/gpio.o
 .debug_aranges
                0x00000070       0x30 ./Core/Src/i2c.o
 .debug_aranges
                0x000000a0       0x30 ./Core/Src/main.o
 .debug_aranges
                0x000000d0       0x20 ./Core/Src/stm32f4xx_hal_msp.o
 .debug_aranges
                0x000000f0       0x68 ./Core/Src/stm32f4xx_it.o
 .debug_aranges
                0x00000158       0x20 ./Core/Src/sysmem.o
 .debug_aranges
                0x00000178       0x28 ./Core/Src/system_stm32f4xx.o
 .debug_aranges
                0x000001a0       0x28 ./Core/Startup/startup_stm32f411ceux.o
 .debug_aranges
                0x000001c8       0xe8 ./Core/ssd1306/ssd1306.o
 .debug_aranges
                0x000002b0       0x18 ./Core/ssd1306/ssd1306_fonts.o
 .debug_aranges
                0x000002c8       0xf0 ./Drivers/STM32F4xx_HAL_Driver/Src/stm32f4xx_hal.o
 .debug_aranges
                0x000003b8       0xe8 ./Drivers/STM32F4xx_HAL_Driver/Src/stm32f4xx_hal_adc.o
 .debug_aranges
                0x000004a0      0x130 ./Drivers/STM32F4xx_HAL_Driver/Src/stm32f4xx_hal_cortex.o
 .debug_aranges
                0x000005d0       0x58 ./Drivers/STM32F4xx_HAL_Driver/Src/stm32f4xx_hal_gpio.o
 .debug_aranges
                0x00000628      0x2a8 ./Drivers/STM32F4xx_HAL_Driver/Src/stm32f4xx_hal_i2c.o
 .debug_aranges
                0x000008d0      0x148 ./Drivers/STM32F4xx_HAL_Driver/Src/stm32f4xx_hal_pcd.o
 .debug_aranges
                0x00000a18       0x38 ./Drivers/STM32F4xx_HAL_Driver/Src/stm32f4xx_hal_pcd_ex.o
 .debug_aranges
                0x00000a50       0x88 ./Drivers/STM32F4xx_HAL_Driver/Src/stm32f4xx_hal_rcc.o
 .debug_aranges
                0x00000ad8      0x1a0 ./Drivers/STM32F4xx_HAL_Driver/Src/stm32f4xx_ll_usb.o
 .debug_aranges
                0x00000c78       0x50 ./Middlewares/ST/STM32_USB_Device_Library/Class/MIDI/Src/usbd_midi.o
 .debug_aranges
                0x00000cc8       0xd8 ./Middlewares/ST/STM32_USB_Device_Library/Core/Src/usbd_core.o
 .debug_aranges
                0x00000da0       0x90 ./Middlewares/ST/STM32_USB_Device_Library/Core/Src/usbd_ctlreq.o
 .debug_aranges
                0x00000e30       0x50 ./Middlewares/ST/STM32_USB_Device_Library/Core/Src/usbd_ioreq.o
 .debug_aranges
                0x00000e80       0x20 ./USB_DEVICE/App/usb_device.o
 .debug_aranges
                0x00000ea0       0x60 ./USB_DEVICE/App/usbd_desc.o
 .debug_aranges
                0x00000f00       0x50 ./USB_DEVICE/App/usbd_midi_if.o
 .debug_aranges
                0x00000f50      0x110 ./USB_DEVICE/Target/usbd_conf.o

.debug_rnglists
                0x00000000      0xc56
 .debug_rnglists
                0x00000000       0x3a ./Core/Src/adc.o
 .debug_rnglists
                0x0000003a       0x14 ./Core/Src/gpio.o
 .debug_rnglists
                0x0000004e       0x20 ./Core/Src/i2c.o
 .debug_rnglists
                0x0000006e       0x20 ./Core/Src/main.o
 .debug_rnglists
                0x0000008e       0x13 ./Core/Src/stm32f4xx_hal_msp.o
 .debug_rnglists
                0x000000a1       0x49 ./Core/Src/stm32f4xx_it.o
 .debug_rnglists
                0x000000ea       0x13 ./Core/Src/sysmem.o
 .debug_rnglists
                0x000000fd       0x1a ./Core/Src/system_stm32f4xx.o
 .debug_rnglists
                0x00000117       0x19 ./Core/Startup/startup_stm32f411ceux.o
 .debug_rnglists
                0x00000130       0xb4 ./Core/ssd1306/ssd1306.o
 .debug_rnglists
                0x000001e4       0xaf ./Drivers/STM32F4xx_HAL_Driver/Src/stm32f4xx_hal.o
 .debug_rnglists
                0x00000293       0xb5 ./Drivers/STM32F4xx_HAL_Driver/Src/stm32f4xx_hal_adc.o
 .debug_rnglists
                0x00000348       0xe0 ./Drivers/STM32F4xx_HAL_Driver/Src/stm32f4xx_hal_cortex.o
 .debug_rnglists
                0x00000428       0x3f ./Drivers/STM32F4xx_HAL_Driver/Src/stm32f4xx_hal_gpio.o
 .debug_rnglists
                0x00000467      0x23c ./Drivers/STM32F4xx_HAL_Driver/Src/stm32f4xx_hal_i2c.o
 .debug_rnglists
                0x000006a3       0xfa ./Drivers/STM32F4xx_HAL_Driver/Src/stm32f4xx_hal_pcd.o
 .debug_rnglists
                0x0000079d       0x26 ./Drivers/STM32F4xx_HAL_Driver/Src/stm32f4xx_hal_pcd_ex.o
 .debug_rnglists
                0x000007c3       0x66 ./Drivers/STM32F4xx_HAL_Driver/Src/stm32f4xx_hal_rcc.o
 .debug_rnglists
                0x00000829      0x147 ./Drivers/STM32F4xx_HAL_Driver/Src/stm32f4xx_ll_usb.o
 .debug_rnglists
                0x00000970       0x3a ./Middlewares/ST/STM32_USB_Device_Library/Class/MIDI/Src/usbd_midi.o
 .debug_rnglists
                0x000009aa       0xa1 ./Middlewares/ST/STM32_USB_Device_Library/Core/Src/usbd_core.o
 .debug_rnglists
                0x00000a4b       0x6e ./Middlewares/ST/STM32_USB_Device_Library/Core/Src/usbd_ctlreq.o
 .debug_rnglists
                0x00000ab9       0x37 ./Middlewares/ST/STM32_USB_Device_Library/Core/Src/usbd_ioreq.o
 .debug_rnglists
                0x00000af0       0x13 ./USB_DEVICE/App/usb_device.o
 .debug_rnglists
                0x00000b03       0x43 ./USB_DEVICE/App/usbd_desc.o
 .debug_rnglists
                0x00000b46       0x47 ./USB_DEVICE/App/usbd_midi_if.o
 .debug_rnglists
                0x00000b8d       0xc9 ./USB_DEVICE/Target/usbd_conf.o

.debug_macro    0x00000000    0x1aaa6
 .debug_macro   0x00000000      0x400 ./Core/Src/adc.o
 .debug_macro   0x00000400      0xad8 ./Core/Src/adc.o
 .debug_macro   0x00000ed8      0x2a1 ./Core/Src/adc.o
 .debug_macro   0x00001179       0x2e ./Core/Src/adc.o
 .debug_macro   0x000011a7       0x28 ./Core/Src/adc.o
 .debug_macro   0x000011cf       0x22 ./Core/Src/adc.o
 .debug_macro   0x000011f1       0x8e ./Core/Src/adc.o
 .debug_macro   0x0000127f       0x51 ./Core/Src/adc.o
 .debug_macro   0x000012d0      0x103 ./Core/Src/adc.o
 .debug_macro   0x000013d3       0x6a ./Core/Src/adc.o
 .debug_macro   0x0000143d      0x1df ./Core/Src/adc.o
 .debug_macro   0x0000161c       0x1c ./Core/Src/adc.o
 .debug_macro   0x00001638       0x22 ./Core/Src/adc.o
 .debug_macro   0x0000165a       0xfb ./Core/Src/adc.o
 .debug_macro   0x00001755     0x1011 ./Core/Src/adc.o
 .debug_macro   0x00002766      0x11f ./Core/Src/adc.o
 .debug_macro   0x00002885     0xb953 ./Core/Src/adc.o
 .debug_macro   0x0000e1d8       0x6d ./Core/Src/adc.o
 .debug_macro   0x0000e245     0x369a ./Core/Src/adc.o
 .debug_macro   0x000118df      0x190 ./Core/Src/adc.o
 .debug_macro   0x00011a6f       0x5c ./Core/Src/adc.o
 .debug_macro   0x00011acb      0x45c ./Core/Src/adc.o
 .debug_macro   0x00011f27      0x9e9 ./Core/Src/adc.o
 .debug_macro   0x00012910      0x115 ./Core/Src/adc.o
 .debug_macro   0x00012a25      0x11b ./Core/Src/adc.o
 .debug_macro   0x00012b40       0xa5 ./Core/Src/adc.o
 .debug_macro   0x00012be5      0x15f ./Core/Src/adc.o
 .debug_macro   0x00012d44      0x287 ./Core/Src/adc.o
 .debug_macro   0x00012fcb       0x5f ./Core/Src/adc.o
 .debug_macro   0x0001302a      0x236 ./Core/Src/adc.o
 .debug_macro   0x00013260      0x9e1 ./Core/Src/adc.o
 .debug_macro   0x00013c41      0x38b ./Core/Src/adc.o
 .debug_macro   0x00013fcc      0x17d ./Core/Src/adc.o
 .debug_macro   0x00014149       0xf9 ./Core/Src/adc.o
 .debug_macro   0x00014242      0x132 ./Core/Src/adc.o
 .debug_macro   0x00014374      0x264 ./Core/Src/adc.o
 .debug_macro   0x000145d8       0x2e ./Core/Src/adc.o
 .debug_macro   0x00014606      0x1b5 ./Core/Src/adc.o
 .debug_macro   0x000147bb       0x22 ./Core/Src/adc.o
 .debug_macro   0x000147dd       0xd6 ./Core/Src/adc.o
 .debug_macro   0x000148b3      0x127 ./Core/Src/adc.o
 .debug_macro   0x000149da       0x85 ./Core/Src/adc.o
 .debug_macro   0x00014a5f       0x89 ./Core/Src/adc.o
 .debug_macro   0x00014ae8      0x293 ./Core/Src/adc.o
 .debug_macro   0x00014d7b       0xba ./Core/Src/adc.o
 .debug_macro   0x00014e35      0x126 ./Core/Src/adc.o
 .debug_macro   0x00014f5b       0x1c ./Core/Src/adc.o
 .debug_macro   0x00014f77       0x22 ./Core/Src/adc.o
 .debug_macro   0x00014f99       0x61 ./Core/Src/adc.o
 .debug_macro   0x00014ffa       0x2a ./Core/Src/adc.o