Archive member included to satisfy reference by file (symbol)

C:/ST/STM32CubeIDE_1.17.0/STM32CubeIDE/plugins/com.st.stm32cube.ide.mcu.externaltools.gnu-tools-for-stm32.13.3.rel1.win32_1.0.0.202411081344/tools/bin/../lib/gcc/arm-none-eabi/13.3.1/../../../../arm-none-eabi/lib/thumb/v7e-m+fp/hard\libc_nano.a(libc_a-exit.o)
                              C:/ST/STM32CubeIDE_1.17.0/STM32CubeIDE/plugins/com.st.stm32cube.ide.mcu.externaltools.gnu-tools-for-stm32.13.3.rel1.win32_1.0.0.202411081344/tools/bin/../lib/gcc/arm-none-eabi/13.3.1/../../../../arm-none-eabi/lib/thumb/v7e-m+fp/hard/crt0.o (exit)
C:/ST/STM32CubeIDE_1.17.0/STM32CubeIDE/plugins/com.st.stm32cube.ide.mcu.externaltools.gnu-tools-for-stm32.13.3.rel1.win32_1.0.0.202411081344/tools/bin/../lib/gcc/arm-none-eabi/13.3.1/../../../../arm-none-eabi/lib/thumb/v7e-m+fp/hard\libc_nano.a(libc_a-findfp.o)
                              C:/ST/STM32CubeIDE_1.17.0/STM32CubeIDE/plugins/com.st.stm32cube.ide.mcu.externaltools.gnu-tools-for-stm32.13.3.rel1.win32_1.0.0.202411081344/tools/bin/../lib/gcc/arm-none-eabi/13.3.1/../../../../arm-none-eabi/lib/thumb/v7e-m+fp/hard\libc_nano.a(libc_a-exit.o) (__stdio_exit_handler)
C:/ST/STM32CubeIDE_1.17.0/STM32CubeIDE/plugins/com.st.stm32cube.ide.mcu.externaltools.gnu-tools-for-stm32.13.3.rel1.win32_1.0.0.202411081344/tools/bin/../lib/gcc/arm-none-eabi/13.3.1/../../../../arm-none-eabi/lib/thumb/v7e-m+fp/hard\libc_nano.a(libc_a-fwalk.o)
                              C:/ST/STM32CubeIDE_1.17.0/STM32CubeIDE/plugins/com.st.stm32cube.ide.mcu.externaltools.gnu-tools-for-stm32.13.3.rel1.win32_1.0.0.202411081344/tools/bin/../lib/gcc/arm-none-eabi/13.3.1/../../../../arm-none-eabi/lib/thumb/v7e-m+fp/hard\libc_nano.a(libc_a-findfp.o) (_fwalk_sglue)
C:/ST/STM32CubeIDE_1.17.0/STM32CubeIDE/plugins/com.st.stm32cube.ide.mcu.externaltools.gnu-tools-for-stm32.13.3.rel1.win32_1.0.0.202411081344/tools/bin/../lib/gcc/arm-none-eabi/13.3.1/../../../../arm-none-eabi/lib/thumb/v7e-m+fp/hard\libc_nano.a(libc_a-stdio.o)
                              C:/ST/STM32CubeIDE_1.17.0/STM32CubeIDE/plugins/com.st.stm32cube.ide.mcu.externaltools.gnu-tools-for-stm32.13.3.rel1.win32_1.0.0.202411081344/tools/bin/../lib/gcc/arm-none-eabi/13.3.1/../../../../arm-none-eabi/lib/thumb/v7e-m+fp/hard\libc_nano.a(libc_a-findfp.o) (__sread)
C:/ST/STM32CubeIDE_1.17.0/STM32CubeIDE/plugins/com.st.stm32cube.ide.mcu.externaltools.gnu-tools-for-stm32.13.3.rel1.win32_1.0.0.202411081344/tools/bin/../lib/gcc/arm-none-eabi/13.3.1/../../../../arm-none-eabi/lib/thumb/v7e-m+fp/hard\libc_nano.a(libc_a-memset.o)
                              C:/ST/STM32CubeIDE_1.17.0/STM32CubeIDE/plugins/com.st.stm32cube.ide.mcu.externaltools.gnu-tools-for-stm32.13.3.rel1.win32_1.0.0.202411081344/tools/bin/../lib/gcc/arm-none-eabi/13.3.1/../../../../arm-none-eabi/lib/thumb/v7e-m+fp/hard/crt0.o (memset)
C:/ST/STM32CubeIDE_1.17.0/STM32CubeIDE/plugins/com.st.stm32cube.ide.mcu.externaltools.gnu-tools-for-stm32.13.3.rel1.win32_1.0.0.202411081344/tools/bin/../lib/gcc/arm-none-eabi/13.3.1/../../../../arm-none-eabi/lib/thumb/v7e-m+fp/hard\libc_nano.a(libc_a-closer.o)
                              C:/ST/STM32CubeIDE_1.17.0/STM32CubeIDE/plugins/com.st.stm32cube.ide.mcu.externaltools.gnu-tools-for-stm32.13.3.rel1.win32_1.0.0.202411081344/tools/bin/../lib/gcc/arm-none-eabi/13.3.1/../../../../arm-none-eabi/lib/thumb/v7e-m+fp/hard\libc_nano.a(libc_a-stdio.o) (_close_r)
C:/ST/STM32CubeIDE_1.17.0/STM32CubeIDE/plugins/com.st.stm32cube.ide.mcu.externaltools.gnu-tools-for-stm32.13.3.rel1.win32_1.0.0.202411081344/tools/bin/../lib/gcc/arm-none-eabi/13.3.1/../../../../arm-none-eabi/lib/thumb/v7e-m+fp/hard\libc_nano.a(libc_a-reent.o)
                              C:/ST/STM32CubeIDE_1.17.0/STM32CubeIDE/plugins/com.st.stm32cube.ide.mcu.externaltools.gnu-tools-for-stm32.13.3.rel1.win32_1.0.0.202411081344/tools/bin/../lib/gcc/arm-none-eabi/13.3.1/../../../../arm-none-eabi/lib/thumb/v7e-m+fp/hard\libc_nano.a(libc_a-closer.o) (errno)
C:/ST/STM32CubeIDE_1.17.0/STM32CubeIDE/plugins/com.st.stm32cube.ide.mcu.externaltools.gnu-tools-for-stm32.13.3.rel1.win32_1.0.0.202411081344/tools/bin/../lib/gcc/arm-none-eabi/13.3.1/../../../../arm-none-eabi/lib/thumb/v7e-m+fp/hard\libc_nano.a(libc_a-impure.o)
                              C:/ST/STM32CubeIDE_1.17.0/STM32CubeIDE/plugins/com.st.stm32cube.ide.mcu.externaltools.gnu-tools-for-stm32.13.3.rel1.win32_1.0.0.202411081344/tools/bin/../lib/gcc/arm-none-eabi/13.3.1/../../../../arm-none-eabi/lib/thumb/v7e-m+fp/hard\libc_nano.a(libc_a-reent.o) (_impure_ptr)
C:/ST/STM32CubeIDE_1.17.0/STM32CubeIDE/plugins/com.st.stm32cube.ide.mcu.externaltools.gnu-tools-for-stm32.13.3.rel1.win32_1.0.0.202411081344/tools/bin/../lib/gcc/arm-none-eabi/13.3.1/../../../../arm-none-eabi/lib/thumb/v7e-m+fp/hard\libc_nano.a(libc_a-lseekr.o)
[...]
Memory Configuration

Name             Origin             Length             Attributes
RAM              0x20000000         0x00020000         xrw
FLASH            0x08000000         0x00080000         xr
*default*        0x00000000         0xffffffff

Linker script and memory map

LOAD C:/ST/STM32CubeIDE_1.17.0/STM32CubeIDE/plugins/com.st.stm32cube.ide.mcu.externaltools.gnu-tools-for-stm32.13.3.rel1.win32_1.0.0.202411081344/tools/bin/../lib/gcc/arm-none-eabi/13.3.1/thumb/v7e-m+fp/hard/crti.o
LOAD C:/ST/STM32CubeIDE_1.17.0/STM32CubeIDE/plugins/com.st.stm32cube.ide.mcu.externaltools.gnu-tools-for-stm32.13.3.rel1.win32_1.0.0.202411081344/tools/bin/../lib/gcc/arm-none-eabi/13.3.1/thumb/v7e-m+fp/hard/crtbegin.o
LOAD C:/ST/STM32CubeIDE_1.17.0/STM32CubeIDE/plugins/com.st.stm32cube.ide.mcu.externaltools.gnu-tools-for-stm32.13.3.rel1.win32_1.0.0.202411081344/tools/bin/../lib/gcc/arm-none-eabi/13.3.1/../../../../arm-none-eabi/lib/thumb/v7e-m+fp/hard/crt0.o
LOAD ./Core/Src/gpio.o
LOAD ./Core/Src/main.o
LOAD ./Core/Src/stm32f4xx_hal_msp.o
LOAD ./Core/Src/stm32f4xx_it.o
LOAD ./Core/Src/syscalls.o
LOAD ./Core/Src/sysmem.o
LOAD ./Core/Src/system_stm32f4xx.o
LOAD ./Core/Startup/startup_stm32f411ceux.o
LOAD ./Drivers/STM32F4xx_HAL_Driver/Src/stm32f4xx_hal.o
LOAD ./Drivers/STM32F4xx_HAL_Driver/Src/stm32f4xx_hal_cortex.o
LOAD ./Drivers/STM32F4xx_HAL_Driver/Src/stm32f4xx_hal_dma.o
LOAD ./Drivers/STM32F4xx_HAL_Driver/Src/stm32f4xx_hal_dma_ex.o
LOAD ./Drivers/STM32F4xx_HAL_Driver/Src/stm32f4xx_hal_exti.o
LOAD ./Drivers/STM32F4xx_HAL_Driver/Src/stm32f4xx_hal_flash.o
LOAD ./Drivers/STM32F4xx_HAL_Driver/Src/stm32f4xx_hal_flash_ex.o
LOAD ./Drivers/STM32F4xx_HAL_Driver/Src/stm32f4xx_hal_flash_ramfunc.o
LOAD ./Drivers/STM32F4xx_HAL_Driver/Src/stm32f4xx_hal_gpio.o
LOAD ./Drivers/STM32F4xx_HAL_Driver/Src/stm32f4xx_hal_pcd.o
LOAD ./Drivers/STM32F4xx_HAL_Driver/Src/stm32f4xx_hal_pcd_ex.o
LOAD ./Drivers/STM32F4xx_HAL_Driver/Src/stm32f4xx_hal_pwr.o
LOAD ./Drivers/STM32F4xx_HAL_Driver/Src/stm32f4xx_hal_pwr_ex.o
LOAD ./Drivers/STM32F4xx_HAL_Driver/Src/stm32f4xx_hal_rcc.o
LOAD ./Drivers/STM32F4xx_HAL_Driver/Src/stm32f4xx_hal_rcc_ex.o
LOAD ./Drivers/STM32F4xx_HAL_Driver/Src/stm32f4xx_ll_usb.o
LOAD ./Middlewares/ST/STM32_USB_Device_Library/Class/MIDI/Src/usbd_midi.o
LOAD ./Middlewares/ST/STM32_USB_Device_Library/Core/Src/usbd_core.o
LOAD ./Middlewares/ST/STM32_USB_Device_Library/Core/Src/usbd_ctlreq.o
LOAD ./Middlewares/ST/STM32_USB_Device_Library/Core/Src/usbd_ioreq.o
LOAD ./USB_DEVICE/App/usb_device.o
LOAD ./USB_DEVICE/App/usbd_desc.o
LOAD ./USB_DEVICE/App/usbd_midi_if.o
LOAD ./USB_DEVICE/Target/usbd_conf.o
START GROUP
LOAD C:/ST/STM32CubeIDE_1.17.0/STM32CubeIDE/plugins/com.st.stm32cube.ide.mcu.externaltools.gnu-tools-for-stm32.13.3.rel1.win32_1.0.0.202411081344/tools/bin/../lib/gcc/arm-none-eabi/13.3.1/../../../../arm-none-eabi/lib/thumb/v7e-m+fp/hard\libc_nano.a
LOAD C:/ST/STM32CubeIDE_1.17.0/STM32CubeIDE/plugins/com.st.stm32cube.ide.mcu.externaltools.gnu-tools-for-stm32.13.3.rel1.win32_1.0.0.202411081344/tools/bin/../lib/gcc/arm-none-eabi/13.3.1/../../../../arm-none-eabi/lib/thumb/v7e-m+fp/hard\libm.a
END GROUP
START GROUP
LOAD C:/ST/STM32CubeIDE_1.17.0/STM32CubeIDE/plugins/com.st.stm32cube.ide.mcu.externaltools.gnu-tools-for-stm32.13.3.rel1.win32_1.0.0.202411081344/tools/bin/../lib/gcc/arm-none-eabi/13.3.1/thumb/v7e-m+fp/hard\libgcc.a
LOAD C:/ST/STM32CubeIDE_1.17.0/STM32CubeIDE/plugins/com.st.stm32cube.ide.mcu.externaltools.gnu-tools-for-stm32.13.3.rel1.win32_1.0.0.202411081344/tools/bin/../lib/gcc/arm-none-eabi/13.3.1/../../../../arm-none-eabi/lib/thumb/v7e-m+fp/hard\libc_nano.a
END GROUP
START GROUP
LOAD C:/ST/STM32CubeIDE_1.17.0/STM32CubeIDE/plugins/com.st.stm32cube.ide.mcu.externaltools.gnu-tools-for-stm32.13.3.rel1.win32_1.0.0.202411081344/tools/bin/../lib/gcc/arm-none-eabi/13.3.1/thumb/v7e-m+fp/hard\libgcc.a
LOAD C:/ST/STM32CubeIDE_1.17.0/STM32CubeIDE/plugins/com.st.stm32cube.ide.mcu.externaltools.gnu-tools-for-stm32.13.3.rel1.win32_1.0.0.202411081344/tools/bin/../lib/gcc/arm-none-eabi/13.3.1/../../../../arm-none-eabi/lib/thumb/v7e-m+fp/hard\libc_nano.a
LOAD C:/ST/STM32CubeIDE_1.17.0/STM32CubeIDE/plugins/com.st.stm32cube.ide.mcu.externaltools.gnu-tools-for-stm32.13.3.rel1.win32_1.0.0.202411081344/tools/bin/../lib/gcc/arm-none-eabi/13.3.1/../../../../arm-none-eabi/lib/thumb/v7e-m+fp/hard\libnosys.a
END GROUP
START GROUP
LOAD C:/ST/STM32CubeIDE_1.17.0/STM32CubeIDE/plugins/com.st.stm32cube.ide.mcu.externaltools.gnu-tools-for-stm32.13.3.rel1.win32_1.0.0.202411081344/tools/bin/../lib/gcc/arm-none-eabi/13.3.1/thumb/v7e-m+fp/hard\libgcc.a
LOAD C:/ST/STM32CubeIDE_1.17.0/STM32CubeIDE/plugins/com.st.stm32cube.ide.mcu.externaltools.gnu-tools-for-stm32.13.3.rel1.win32_1.0.0.202411081344/tools/bin/../lib/gcc/arm-none-eabi/13.3.1/../../../../arm-none-eabi/lib/thumb/v7e-m+fp/hard\libc_nano.a
LOAD C:/ST/STM32CubeIDE_1.17.0/STM32CubeIDE/plugins/com.st.stm32cube.ide.mcu.externaltools.gnu-tools-for-stm32.13.3.rel1.win32_1.0.0.202411081344/tools/bin/../lib/gcc/arm-none-eabi/13.3.1/../../../../arm-none-eabi/lib/thumb/v7e-m+fp/hard\libnosys.a
END GROUP
LOAD C:/ST/STM32CubeIDE_1.17.0/STM32CubeIDE/plugins/com.st.stm32cube.ide.mcu.externaltools.gnu-tools-for-stm32.13.3.rel1.win32_1.0.0.202411081344/tools/bin/../lib/gcc/arm-none-eabi/13.3.1/thumb/v7e-m+fp/hard/crtend.o
LOAD C:/ST/STM32CubeIDE_1.17.0/STM32CubeIDE/plugins/com.st.stm32cube.ide.mcu.externaltools.gnu-tools-for-stm32.13.3.rel1.win32_1.0.0.202411081344/tools/bin/../lib/gcc/arm-none-eabi/13.3.1/thumb/v7e-m+fp/hard/crtn.o
                0x20020000                        _estack = (ORIGIN (RAM) + LENGTH (RAM))
                0x00000200                        _Min_Heap_Size = 0x200
                0x00000400                        _Min_Stack_Size = 0x400

.isr_vector     0x08000000      0x198
                0x08000000                        . = ALIGN (0x4)
 *(.isr_vector)
 .isr_vector    0x08000000      0x198 ./Core/Startup/startup_stm32f411ceux.o
                0x08000000                g_pfnVectors
                0x08000198                        . = ALIGN (0x4)

.text           0x08000198     0x6184
                0x08000198                        . = ALIGN (0x4)
 *(.text)
 .text          0x08000198       0x40 C:/ST/STM32CubeIDE_1.17.0/STM32CubeIDE/plugins/com.st.stm32cube.ide.mcu.externaltools.gnu-tools-for-stm32.13.3.rel1.win32_1.0.0.202411081344/tools/bin/../lib/gcc/arm-none-eabi/13.3.1/thumb/v7e-m+fp/hard/crtbegin.o
 .text          0x080001d8       0x30 C:/ST/STM32CubeIDE_1.17.0/STM32CubeIDE/plugins/com.st.stm32cube.ide.mcu.externaltools.gnu-tools-for-stm32.13.3.rel1.win32_1.0.0.202411081344/tools/bin/../lib/gcc/arm-none-eabi/13.3.1/thumb/v7e-m+fp/hard\libgcc.a(_aeabi_uldivmod.o)
                0x080001d8                __aeabi_uldivmod
 .text          0x08000208      0x2f8 C:/ST/STM32CubeIDE_1.17.0/STM32CubeIDE/plugins/com.st.stm32cube.ide.mcu.externaltools.gnu-tools-for-stm32.13.3.rel1.win32_1.0.0.202411081344/tools/bin/../lib/gcc/arm-none-eabi/13.3.1/thumb/v7e-m+fp/hard\libgcc.a(_udivmoddi4.o)
                0x08000208                __udivmoddi4
 .text          0x08000500        0x4 C:/ST/STM32CubeIDE_1.17.0/STM32CubeIDE/plugins/com.st.stm32cube.ide.mcu.externaltools.gnu-tools-for-stm32.13.3.rel1.win32_1.0.0.202411081344/tools/bin/../lib/gcc/arm-none-eabi/13.3.1/thumb/v7e-m+fp/hard\libgcc.a(_dvmd_tls.o)
                0x08000500                __aeabi_idiv0
                0x08000500                __aeabi_ldiv0
 *(.text*)
 .text.MX_GPIO_Init
                0x08000504       0x50 ./Core/Src/gpio.o
                0x08000504                MX_GPIO_Init
 .text.main     0x08000554       0x44 ./Core/Src/main.o
                0x08000554                main
 .text.SystemClock_Config
                0x08000598       0xd0 ./Core/Src/main.o
                0x08000598                SystemClock_Config
 .text.Error_Handler
                0x08000668        0xc ./Core/Src/main.o
                0x08000668                Error_Handler
 .text.HAL_MspInit
                0x08000674       0x50 ./Core/Src/stm32f4xx_hal_msp.o
                0x08000674                HAL_MspInit
 .text.NMI_Handler
                0x080006c4        0x8 ./Core/Src/stm32f4xx_it.o
                0x080006c4                NMI_Handler
 .text.HardFault_Handler
                0x080006cc        0x8 ./Core/Src/stm32f4xx_it.o
                0x080006cc                HardFault_Handler
 .text.MemManage_Handler
                0x080006d4        0x8 ./Core/Src/stm32f4xx_it.o
                0x080006d4                MemManage_Handler
 .text.BusFault_Handler
                0x080006dc        0x8 ./Core/Src/stm32f4xx_it.o
                0x080006dc                BusFault_Handler
 .text.UsageFault_Handler
                0x080006e4        0x8 ./Core/Src/stm32f4xx_it.o
                0x080006e4                UsageFault_Handler
 .text.SVC_Handler
                0x080006ec        0xe ./Core/Src/stm32f4xx_it.o
                0x080006ec                SVC_Handler
 .text.DebugMon_Handler
                0x080006fa        0xe ./Core/Src/stm32f4xx_it.o
                0x080006fa                DebugMon_Handler
 .text.PendSV_Handler
                0x08000708        0xe ./Core/Src/stm32f4xx_it.o
                0x08000708                PendSV_Handler
 .text.SysTick_Handler
                0x08000716        0xc ./Core/Src/stm32f4xx_it.o
                0x08000716                SysTick_Handler
 *fill*         0x08000722        0x2 
 .text.OTG_FS_IRQHandler
                0x08000724       0x14 ./Core/Src/stm32f4xx_it.o
                0x08000724                OTG_FS_IRQHandler
 .text.SystemInit
                0x08000738       0x24 ./Core/Src/system_stm32f4xx.o
                0x08000738                SystemInit
 .text.Reset_Handler
                0x0800075c       0x50 ./Core/Startup/startup_stm32f411ceux.o
                0x0800075c                Reset_Handler
 .text.Default_Handler
                0x080007ac        0x2 ./Core/Startup/startup_stm32f411ceux.o
                0x080007ac                RTC_Alarm_IRQHandler
                0x080007ac                EXTI2_IRQHandler
                0x080007ac                SPI4_IRQHandler
                0x080007ac                TIM1_CC_IRQHandler
                0x080007ac                DMA2_Stream5_IRQHandler
                0x080007ac                DMA1_Stream5_IRQHandler
                0x080007ac                PVD_IRQHandler
                0x080007ac                SDIO_IRQHandler
                0x080007ac                TAMP_STAMP_IRQHandler
                0x080007ac                EXTI3_IRQHandler
                0x080007ac                TIM1_UP_TIM10_IRQHandler
                0x080007ac                I2C3_ER_IRQHandler
                0x080007ac                EXTI0_IRQHandler
                0x080007ac                I2C2_EV_IRQHandler
                0x080007ac                DMA1_Stream2_IRQHandler
                0x080007ac                FPU_IRQHandler
                0x080007ac                DMA2_Stream2_IRQHandler
                0x080007ac                SPI1_IRQHandler
                0x080007ac                TIM1_BRK_TIM9_IRQHandler
                0x080007ac                DMA2_Stream3_IRQHandler
                0x080007ac                USART6_IRQHandler
                0x080007ac                DMA2_Stream0_IRQHandler
                0x080007ac                TIM4_IRQHandler
                0x080007ac                I2C1_EV_IRQHandler
                0x080007ac                DMA1_Stream6_IRQHandler
                0x080007ac                DMA1_Stream1_IRQHandler
                0x080007ac                TIM3_IRQHandler
                0x080007ac                RCC_IRQHandler
                0x080007ac                Default_Handler
                0x080007ac                EXTI15_10_IRQHandler
                0x080007ac                ADC_IRQHandler
                0x080007ac                DMA1_Stream7_IRQHandler
                0x080007ac                SPI5_IRQHandler
                0x080007ac                TIM5_IRQHandler
                0x080007ac                DMA2_Stream7_IRQHandler
                0x080007ac                I2C3_EV_IRQHandler
                0x080007ac                EXTI9_5_IRQHandler
                0x080007ac                RTC_WKUP_IRQHandler
                0x080007ac                SPI2_IRQHandler
                0x080007ac                DMA1_Stream0_IRQHandler
                0x080007ac                EXTI4_IRQHandler
                0x080007ac                WWDG_IRQHandler
                0x080007ac                TIM2_IRQHandler
                0x080007ac                OTG_FS_WKUP_IRQHandler
                0x080007ac                TIM1_TRG_COM_TIM11_IRQHandler
                0x080007ac                EXTI1_IRQHandler
                0x080007ac                USART2_IRQHandler
                0x080007ac                I2C2_ER_IRQHandler
                0x080007ac                DMA2_Stream1_IRQHandler
                0x080007ac                FLASH_IRQHandler
                0x080007ac                DMA2_Stream4_IRQHandler
                0x080007ac                USART1_IRQHandler
                0x080007ac                SPI3_IRQHandler
                0x080007ac                DMA1_Stream4_IRQHandler
                0x080007ac                I2C1_ER_IRQHandler
                0x080007ac                DMA2_Stream6_IRQHandler
                0x080007ac                DMA1_Stream3_IRQHandler
 *fill*         0x080007ae        0x2 
 .text.HAL_Init
                0x080007b0       0x44 ./Drivers/STM32F4xx_HAL_Driver/Src/stm32f4xx_hal.o
                0x080007b0                HAL_Init
 .text.HAL_InitTick
                0x080007f4       0x60 ./Drivers/STM32F4xx_HAL_Driver/Src/stm32f4xx_hal.o
                0x080007f4                HAL_InitTick
 .text.HAL_IncTick
                0x08000854       0x28 ./Drivers/STM32F4xx_HAL_Driver/Src/stm32f4xx_hal.o
                0x08000854                HAL_IncTick
 .text.HAL_GetTick
                0x0800087c       0x18 ./Drivers/STM32F4xx_HAL_Driver/Src/stm32f4xx_hal.o
                0x0800087c                HAL_GetTick
 .text.HAL_Delay
                0x08000894       0x48 ./Drivers/STM32F4xx_HAL_Driver/Src/stm32f4xx_hal.o
                0x08000894                HAL_Delay
 .text.__NVIC_SetPriorityGrouping
                0x080008dc       0x48 ./Drivers/STM32F4xx_HAL_Driver/Src/stm32f4xx_hal_cortex.o
 .text.__NVIC_GetPriorityGrouping
                0x08000924       0x1c ./Drivers/STM32F4xx_HAL_Driver/Src/stm32f4xx_hal_cortex.o
 .text.__NVIC_EnableIRQ
                0x08000940       0x3c ./Drivers/STM32F4xx_HAL_Driver/Src/stm32f4xx_hal_cortex.o
 .text.__NVIC_SetPriority
                0x0800097c       0x54 ./Drivers/STM32F4xx_HAL_Driver/Src/stm32f4xx_hal_cortex.o
 .text.NVIC_EncodePriority
                0x080009d0       0x66 ./Drivers/STM32F4xx_HAL_Driver/Src/stm32f4xx_hal_cortex.o
 *fill*         0x08000a36        0x2 
 .text.SysTick_Config
                0x08000a38       0x44 ./Drivers/STM32F4xx_HAL_Driver/Src/stm32f4xx_hal_cortex.o
 .text.HAL_NVIC_SetPriorityGrouping
                0x08000a7c       0x16 ./Drivers/STM32F4xx_HAL_Driver/Src/stm32f4xx_hal_cortex.o
                0x08000a7c                HAL_NVIC_SetPriorityGrouping
 .text.HAL_NVIC_SetPriority
                0x08000a92       0x38 ./Drivers/STM32F4xx_HAL_Driver/Src/stm32f4xx_hal_cortex.o
                0x08000a92                HAL_NVIC_SetPriority
 .text.HAL_NVIC_EnableIRQ
                0x08000aca       0x1c ./Drivers/STM32F4xx_HAL_Driver/Src/stm32f4xx_hal_cortex.o
                0x08000aca                HAL_NVIC_EnableIRQ
 .text.HAL_SYSTICK_Config
                0x08000ae6       0x18 ./Drivers/STM32F4xx_HAL_Driver/Src/stm32f4xx_hal_cortex.o
                0x08000ae6                HAL_SYSTICK_Config
 *fill*         0x08000afe        0x2 
 .text.HAL_GPIO_Init
                0x08000b00      0x308 ./Drivers/STM32F4xx_HAL_Driver/Src/stm32f4xx_hal_gpio.o
                0x08000b00                HAL_GPIO_Init
 .text.HAL_PCD_Init
                0x08000e08      0x21e ./Drivers/STM32F4xx_HAL_Driver/Src/stm32f4xx_hal_pcd.o
                0x08000e08                HAL_PCD_Init
 .text.HAL_PCD_Start
                0x08001026       0x6a ./Drivers/STM32F4xx_HAL_Driver/Src/stm32f4xx_hal_pcd.o
                0x08001026                HAL_PCD_Start
 .text.HAL_PCD_IRQHandler
                0x08001090      0x942 ./Drivers/STM32F4xx_HAL_Driver/Src/stm32f4xx_hal_pcd.o
                0x08001090                HAL_PCD_IRQHandler
 .text.HAL_PCD_SetAddress
                0x080019d2       0x48 ./Drivers/STM32F4xx_HAL_Driver/Src/stm32f4xx_hal_pcd.o
                0x080019d2                HAL_PCD_SetAddress
 .text.HAL_PCD_EP_Open
                0x08001a1a       0xd4 ./Drivers/STM32F4xx_HAL_Driver/Src/stm32f4xx_hal_pcd.o
                0x08001a1a                HAL_PCD_EP_Open
 .text.HAL_PCD_EP_Close
                0x08001aee       0x94 ./Drivers/STM32F4xx_HAL_Driver/Src/stm32f4xx_hal_pcd.o
                0x08001aee                HAL_PCD_EP_Close
 .text.HAL_PCD_EP_Receive
                0x08001b82       0x76 ./Drivers/STM32F4xx_HAL_Driver/Src/stm32f4xx_hal_pcd.o
                0x08001b82                HAL_PCD_EP_Receive
 .text.HAL_PCD_EP_GetRxCount
                0x08001bf8       0x30 ./Drivers/STM32F4xx_HAL_Driver/Src/stm32f4xx_hal_pcd.o
                0x08001bf8                HAL_PCD_EP_GetRxCount
 .text.HAL_PCD_EP_Transmit
                0x08001c28       0x74 ./Drivers/STM32F4xx_HAL_Driver/Src/stm32f4xx_hal_pcd.o
                0x08001c28                HAL_PCD_EP_Transmit
 .text.HAL_PCD_EP_SetStall
                0x08001c9c       0xc6 ./Drivers/STM32F4xx_HAL_Driver/Src/stm32f4xx_hal_pcd.o
                0x08001c9c                HAL_PCD_EP_SetStall
 .text.HAL_PCD_EP_ClrStall
                0x08001d62       0xac ./Drivers/STM32F4xx_HAL_Driver/Src/stm32f4xx_hal_pcd.o
                0x08001d62                HAL_PCD_EP_ClrStall
 .text.HAL_PCD_EP_Abort
                0x08001e0e       0x62 ./Drivers/STM32F4xx_HAL_Driver/Src/stm32f4xx_hal_pcd.o
                0x08001e0e                HAL_PCD_EP_Abort
 .text.PCD_WriteEmptyTxFifo
                0x08001e70      0x118 ./Drivers/STM32F4xx_HAL_Driver/Src/stm32f4xx_hal_pcd.o
 .text.PCD_EP_OutXfrComplete_int
                0x08001f88      0x1d0 ./Drivers/STM32F4xx_HAL_Driver/Src/stm32f4xx_hal_pcd.o
 .text.PCD_EP_OutSetupPacket_int
                0x08002158       0x8c ./Drivers/STM32F4xx_HAL_Driver/Src/stm32f4xx_hal_pcd.o
 .text.HAL_PCDEx_SetTxFiFo
                0x080021e4       0x8e ./Drivers/STM32F4xx_HAL_Driver/Src/stm32f4xx_hal_pcd_ex.o
                0x080021e4                HAL_PCDEx_SetTxFiFo
 .text.HAL_PCDEx_SetRxFiFo
                0x08002272       0x22 ./Drivers/STM32F4xx_HAL_Driver/Src/stm32f4xx_hal_pcd_ex.o
                0x08002272                HAL_PCDEx_SetRxFiFo
 .text.HAL_PCDEx_LPM_Callback
                0x08002294       0x18 ./Drivers/STM32F4xx_HAL_Driver/Src/stm32f4xx_hal_pcd_ex.o
                0x08002294                HAL_PCDEx_LPM_Callback
 .text.HAL_RCC_OscConfig
                0x080022ac      0x4f0 ./Drivers/STM32F4xx_HAL_Driver/Src/stm32f4xx_hal_rcc.o
                0x080022ac                HAL_RCC_OscConfig
 .text.HAL_RCC_ClockConfig
                0x0800279c      0x1cc ./Drivers/STM32F4xx_HAL_Driver/Src/stm32f4xx_hal_rcc.o
                0x0800279c                HAL_RCC_ClockConfig
 .text.HAL_RCC_GetSysClockFreq
                0x08002968      0x18c ./Drivers/STM32F4xx_HAL_Driver/Src/stm32f4xx_hal_rcc.o
                0x08002968                HAL_RCC_GetSysClockFreq
 .text.HAL_RCC_GetHCLKFreq
                0x08002af4       0x18 ./Drivers/STM32F4xx_HAL_Driver/Src/stm32f4xx_hal_rcc.o
                0x08002af4                HAL_RCC_GetHCLKFreq
 .text.USB_CoreInit
                0x08002b0c       0xc8 ./Drivers/STM32F4xx_HAL_Driver/Src/stm32f4xx_ll_usb.o
                0x08002b0c                USB_CoreInit
 .text.USB_SetTurnaroundTime
                0x08002bd4      0x144 ./Drivers/STM32F4xx_HAL_Driver/Src/stm32f4xx_ll_usb.o
                0x08002bd4                USB_SetTurnaroundTime
 .text.USB_EnableGlobalInt
                0x08002d18       0x22 ./Drivers/STM32F4xx_HAL_Driver/Src/stm32f4xx_ll_usb.o
                0x08002d18                USB_EnableGlobalInt
 .text.USB_DisableGlobalInt
                0x08002d3a       0x22 ./Drivers/STM32F4xx_HAL_Driver/Src/stm32f4xx_ll_usb.o
                0x08002d3a                USB_DisableGlobalInt
 .text.USB_SetCurrentMode
                0x08002d5c       0x98 ./Drivers/STM32F4xx_HAL_Driver/Src/stm32f4xx_ll_usb.o
                0x08002d5c                USB_SetCurrentMode
 .text.USB_DevInit
                0x08002df4      0x2c8 ./Drivers/STM32F4xx_HAL_Driver/Src/stm32f4xx_ll_usb.o
                0x08002df4                USB_DevInit
 .text.USB_FlushTxFifo
                0x080030bc       0x64 ./Drivers/STM32F4xx_HAL_Driver/Src/stm32f4xx_ll_usb.o
                0x080030bc                USB_FlushTxFifo
 .text.USB_FlushRxFifo
                0x08003120       0x5c ./Drivers/STM32F4xx_HAL_Driver/Src/stm32f4xx_ll_usb.o
                0x08003120                USB_FlushRxFifo
 .text.USB_SetDevSpeed
                0x0800317c       0x32 ./Drivers/STM32F4xx_HAL_Driver/Src/stm32f4xx_ll_usb.o
                0x0800317c                USB_SetDevSpeed
 .text.USB_GetDevSpeed
                0x080031ae       0x4a ./Drivers/STM32F4xx_HAL_Driver/Src/stm32f4xx_ll_usb.o
                0x080031ae                USB_GetDevSpeed
 .text.USB_ActivateEndpoint
                0x080031f8      0x10e ./Drivers/STM32F4xx_HAL_Driver/Src/stm32f4xx_ll_usb.o
                0x080031f8                USB_ActivateEndpoint
 *fill*         0x08003306        0x2 
 .text.USB_DeactivateEndpoint
                0x08003308      0x1b8 ./Drivers/STM32F4xx_HAL_Driver/Src/stm32f4xx_ll_usb.o
                0x08003308                USB_DeactivateEndpoint
 .text.USB_EPStartXfer
                0x080034c0      0x53c ./Drivers/STM32F4xx_HAL_Driver/Src/stm32f4xx_ll_usb.o
                0x080034c0                USB_EPStartXfer
 .text.USB_EPStopXfer
                0x080039fc      0x154 ./Drivers/STM32F4xx_HAL_Driver/Src/stm32f4xx_ll_usb.o
                0x080039fc                USB_EPStopXfer
 .text.USB_WritePacket
                0x08003b50       0x7c ./Drivers/STM32F4xx_HAL_Driver/Src/stm32f4xx_ll_usb.o
                0x08003b50                USB_WritePacket
 .text.USB_ReadPacket
                0x08003bcc       0xb0 ./Drivers/STM32F4xx_HAL_Driver/Src/stm32f4xx_ll_usb.o
                0x08003bcc                USB_ReadPacket
 .text.USB_EPSetStall
                0x08003c7c       0xdc ./Drivers/STM32F4xx_HAL_Driver/Src/stm32f4xx_ll_usb.o
                0x08003c7c                USB_EPSetStall
 .text.USB_EPClearStall
                0x08003d58       0xcc ./Drivers/STM32F4xx_HAL_Driver/Src/stm32f4xx_ll_usb.o
                0x08003d58                USB_EPClearStall
 .text.USB_SetDevAddress
                0x08003e24       0x4c ./Drivers/STM32F4xx_HAL_Driver/Src/stm32f4xx_ll_usb.o
                0x08003e24                USB_SetDevAddress
 .text.USB_DevConnect
                0x08003e70       0x42 ./Drivers/STM32F4xx_HAL_Driver/Src/stm32f4xx_ll_usb.o
                0x08003e70                USB_DevConnect
 .text.USB_DevDisconnect
                0x08003eb2       0x42 ./Drivers/STM32F4xx_HAL_Driver/Src/stm32f4xx_ll_usb.o
                0x08003eb2                USB_DevDisconnect
 .text.USB_ReadInterrupts
                0x08003ef4       0x26 ./Drivers/STM32F4xx_HAL_Driver/Src/stm32f4xx_ll_usb.o
                0x08003ef4                USB_ReadInterrupts
 .text.USB_ReadDevAllOutEpInterrupt
                0x08003f1a       0x34 ./Drivers/STM32F4xx_HAL_Driver/Src/stm32f4xx_ll_usb.o
                0x08003f1a                USB_ReadDevAllOutEpInterrupt
 .text.USB_ReadDevAllInEpInterrupt
                0x08003f4e       0x34 ./Drivers/STM32F4xx_HAL_Driver/Src/stm32f4xx_ll_usb.o
                0x08003f4e                USB_ReadDevAllInEpInterrupt
 .text.USB_ReadDevOutEPInterrupt
                0x08003f82       0x3c ./Drivers/STM32F4xx_HAL_Driver/Src/stm32f4xx_ll_usb.o
                0x08003f82                USB_ReadDevOutEPInterrupt
 .text.USB_ReadDevInEPInterrupt
                0x08003fbe       0x5c ./Drivers/STM32F4xx_HAL_Driver/Src/stm32f4xx_ll_usb.o
                0x08003fbe                USB_ReadDevInEPInterrupt
 .text.USB_GetMode
                0x0800401a       0x1c ./Drivers/STM32F4xx_HAL_Driver/Src/stm32f4xx_ll_usb.o
                0x0800401a                USB_GetMode
 .text.USB_ActivateSetup
                0x08004036       0x46 ./Drivers/STM32F4xx_HAL_Driver/Src/stm32f4xx_ll_usb.o
                0x08004036                USB_ActivateSetup
 .text.USB_EP0_OutStart
                0x0800407c       0xbc ./Drivers/STM32F4xx_HAL_Driver/Src/stm32f4xx_ll_usb.o
                0x0800407c                USB_EP0_OutStart
 .text.USB_CoreReset
                0x08004138       0x62 ./Drivers/STM32F4xx_HAL_Driver/Src/stm32f4xx_ll_usb.o
 .text.USBD_MIDI_Init
                0x0800419a       0x66 ./Middlewares/ST/STM32_USB_Device_Library/Class/MIDI/Src/usbd_midi.o
                0x0800419a                USBD_MIDI_Init
 .text.USBD_MIDI_DeInit
                0x08004200       0x90 ./Middlewares/ST/STM32_USB_Device_Library/Class/MIDI/Src/usbd_midi.o
                0x08004200                USBD_MIDI_DeInit
 .text.USBD_MIDI_DataIn
                0x08004290       0xdc ./Middlewares/ST/STM32_USB_Device_Library/Class/MIDI/Src/usbd_midi.o
                0x08004290                USBD_MIDI_DataIn
 .text.USBD_MIDI_DataOut
                0x0800436c       0xb8 ./Middlewares/ST/STM32_USB_Device_Library/Class/MIDI/Src/usbd_midi.o
                0x0800436c                USBD_MIDI_DataOut
 .text.USBD_MIDI_RegisterInterface
                0x08004424       0x38 ./Middlewares/ST/STM32_USB_Device_Library/Class/MIDI/Src/usbd_midi.o
                0x08004424                USBD_MIDI_RegisterInterface
 .text.USBD_MIDI_GetCfgDesc
                0x0800445c       0x20 ./Middlewares/ST/STM32_USB_Device_Library/Class/MIDI/Src/usbd_midi.o
                0x0800445c                USBD_MIDI_GetCfgDesc
 .text.USBD_Init
                0x0800447c       0x60 ./Middlewares/ST/STM32_USB_Device_Library/Core/Src/usbd_core.o
                0x0800447c                USBD_Init
 .text.USBD_RegisterClass
                0x080044dc       0x6c ./Middlewares/ST/STM32_USB_Device_Library/Core/Src/usbd_core.o
                0x080044dc                USBD_RegisterClass
 .text.USBD_Start
                0x08004548       0x18 ./Middlewares/ST/STM32_USB_Device_Library/Core/Src/usbd_core.o
                0x08004548                USBD_Start
 .text.USBD_RunTestMode
                0x08004560       0x16 ./Middlewares/ST/STM32_USB_Device_Library/Core/Src/usbd_core.o
                0x08004560                USBD_RunTestMode
 .text.USBD_SetClassConfig
                0x08004576       0x38 ./Middlewares/ST/STM32_USB_Device_Library/Core/Src/usbd_core.o
                0x08004576                USBD_SetClassConfig
 .text.USBD_ClrClassConfig
                0x080045ae       0x34 ./Middlewares/ST/STM32_USB_Device_Library/Core/Src/usbd_core.o
                0x080045ae                USBD_ClrClassConfig
 .text.USBD_LL_SetupStage
                0x080045e2       0xaa ./Middlewares/ST/STM32_USB_Device_Library/Core/Src/usbd_core.o
                0x080045e2                USBD_LL_SetupStage
 .text.USBD_LL_DataOutStage
                0x0800468c      0x166 ./Middlewares/ST/STM32_USB_Device_Library/Core/Src/usbd_core.o
                0x0800468c                USBD_LL_DataOutStage
 .text.USBD_LL_DataInStage
                0x080047f2      0x164 ./Middlewares/ST/STM32_USB_Device_Library/Core/Src/usbd_core.o
                0x080047f2                USBD_LL_DataInStage
 .text.USBD_LL_Reset
                0x08004956       0xa4 ./Middlewares/ST/STM32_USB_Device_Library/Core/Src/usbd_core.o
                0x08004956                USBD_LL_Reset
 .text.USBD_LL_SetSpeed
                0x080049fa       0x20 ./Middlewares/ST/STM32_USB_Device_Library/Core/Src/usbd_core.o
                0x080049fa                USBD_LL_SetSpeed
 .text.USBD_LL_Suspend
                0x08004a1a       0x38 ./Middlewares/ST/STM32_USB_Device_Library/Core/Src/usbd_core.o
                0x08004a1a                USBD_LL_Suspend
 .text.USBD_LL_Resume
                0x08004a52       0x30 ./Middlewares/ST/STM32_USB_Device_Library/Core/Src/usbd_core.o
                0x08004a52                USBD_LL_Resume
 .text.USBD_LL_SOF
                0x08004a82       0x40 ./Middlewares/ST/STM32_USB_Device_Library/Core/Src/usbd_core.o
                0x08004a82                USBD_LL_SOF
 .text.USBD_LL_IsoINIncomplete
                0x08004ac2       0x64 ./Middlewares/ST/STM32_USB_Device_Library/Core/Src/usbd_core.o
                0x08004ac2                USBD_LL_IsoINIncomplete
 .text.USBD_LL_IsoOUTIncomplete
                0x08004b26       0x64 ./Middlewares/ST/STM32_USB_Device_Library/Core/Src/usbd_core.o
                0x08004b26                USBD_LL_IsoOUTIncomplete
 .text.USBD_LL_DevConnected
                0x08004b8a       0x16 ./Middlewares/ST/STM32_USB_Device_Library/Core/Src/usbd_core.o
                0x08004b8a                USBD_LL_DevConnected
 .text.USBD_LL_DevDisconnected
                0x08004ba0       0x46 ./Middlewares/ST/STM32_USB_Device_Library/Core/Src/usbd_core.o
                0x08004ba0                USBD_LL_DevDisconnected
 .text.USBD_CoreFindIF
                0x08004be6       0x1a ./Middlewares/ST/STM32_USB_Device_Library/Core/Src/usbd_core.o
                0x08004be6                USBD_CoreFindIF
 .text.USBD_CoreFindEP
                0x08004c00       0x1a ./Middlewares/ST/STM32_USB_Device_Library/Core/Src/usbd_core.o
                0x08004c00                USBD_CoreFindEP
 .text.SWAPBYTE
                0x08004c1a       0x3e ./Middlewares/ST/STM32_USB_Device_Library/Core/Src/usbd_ctlreq.o
 .text.USBD_StdDevReq
                0x08004c58       0xe4 ./Middlewares/ST/STM32_USB_Device_Library/Core/Src/usbd_ctlreq.o
                0x08004c58                USBD_StdDevReq
 .text.USBD_StdItfReq
                0x08004d3c       0xd8 ./Middlewares/ST/STM32_USB_Device_Library/Core/Src/usbd_ctlreq.o
                0x08004d3c                USBD_StdItfReq
 .text.USBD_StdEPReq
                0x08004e14      0x33a ./Middlewares/ST/STM32_USB_Device_Library/Core/Src/usbd_ctlreq.o
                0x08004e14                USBD_StdEPReq
 *fill*         0x0800514e        0x2 
 .text.USBD_GetDescriptor
                0x08005150      0x2d4 ./Middlewares/ST/STM32_USB_Device_Library/Core/Src/usbd_ctlreq.o
 .text.USBD_SetAddress
                0x08005424       0x88 ./Middlewares/ST/STM32_USB_Device_Library/Core/Src/usbd_ctlreq.o
 .text.USBD_SetConfig
                0x080054ac      0x154 ./Middlewares/ST/STM32_USB_Device_Library/Core/Src/usbd_ctlreq.o
 .text.USBD_GetConfig
                0x08005600       0x6c ./Middlewares/ST/STM32_USB_Device_Library/Core/Src/usbd_ctlreq.o
 .text.USBD_GetStatus
                0x0800566c       0x68 ./Middlewares/ST/STM32_USB_Device_Library/Core/Src/usbd_ctlreq.o
 .text.USBD_SetFeature
                0x080056d4       0x52 ./Middlewares/ST/STM32_USB_Device_Library/Core/Src/usbd_ctlreq.o
 .text.USBD_ClrFeature
                0x08005726       0x44 ./Middlewares/ST/STM32_USB_Device_Library/Core/Src/usbd_ctlreq.o
 .text.USBD_ParseSetupRequest
                0x0800576a       0x74 ./Middlewares/ST/STM32_USB_Device_Library/Core/Src/usbd_ctlreq.o
                0x0800576a                USBD_ParseSetupRequest
 .text.USBD_CtlError
                0x080057de       0x22 ./Middlewares/ST/STM32_USB_Device_Library/Core/Src/usbd_ctlreq.o
                0x080057de                USBD_CtlError
 .text.USBD_GetString
                0x08005800       0xa4 ./Middlewares/ST/STM32_USB_Device_Library/Core/Src/usbd_ctlreq.o
                0x08005800                USBD_GetString
 .text.USBD_GetLen
                0x080058a4       0x34 ./Middlewares/ST/STM32_USB_Device_Library/Core/Src/usbd_ctlreq.o
 .text.USBD_CtlSendData
                0x080058d8       0x36 ./Middlewares/ST/STM32_USB_Device_Library/Core/Src/usbd_ioreq.o
                0x080058d8                USBD_CtlSendData
 .text.USBD_CtlContinueSendData
                0x0800590e       0x22 ./Middlewares/ST/STM32_USB_Device_Library/Core/Src/usbd_ioreq.o
                0x0800590e                USBD_CtlContinueSendData
 .text.USBD_CtlContinueRx
                0x08005930       0x22 ./Middlewares/ST/STM32_USB_Device_Library/Core/Src/usbd_ioreq.o
                0x08005930                USBD_CtlContinueRx
 .text.USBD_CtlSendStatus
                0x08005952       0x26 ./Middlewares/ST/STM32_USB_Device_Library/Core/Src/usbd_ioreq.o
                0x08005952                USBD_CtlSendStatus
 .text.USBD_CtlReceiveStatus
                0x08005978       0x26 ./Middlewares/ST/STM32_USB_Device_Library/Core/Src/usbd_ioreq.o
                0x08005978                USBD_CtlReceiveStatus
 *fill*         0x0800599e        0x2 
 .text.MX_USB_DEVICE_Init
                0x080059a0       0x60 ./USB_DEVICE/App/usb_device.o
                0x080059a0                MX_USB_DEVICE_Init
 .text.USBD_FS_DeviceDescriptor
                0x08005a00       0x24 ./USB_DEVICE/App/usbd_desc.o
                0x08005a00                USBD_FS_DeviceDescriptor
 .text.USBD_FS_LangIDStrDescriptor
                0x08005a24       0x24 ./USB_DEVICE/App/usbd_desc.o
                0x08005a24                USBD_FS_LangIDStrDescriptor
 .text.USBD_FS_ProductStrDescriptor
                0x08005a48       0x3c ./USB_DEVICE/App/usbd_desc.o
                0x08005a48                USBD_FS_ProductStrDescriptor
 .text.USBD_FS_ManufacturerStrDescriptor
                0x08005a84       0x28 ./USB_DEVICE/App/usbd_desc.o
                0x08005a84                USBD_FS_ManufacturerStrDescriptor
 .text.USBD_FS_SerialStrDescriptor
                0x08005aac       0x30 ./USB_DEVICE/App/usbd_desc.o
                0x08005aac                USBD_FS_SerialStrDescriptor
 .text.USBD_FS_ConfigStrDescriptor
                0x08005adc       0x3c ./USB_DEVICE/App/usbd_desc.o
                0x08005adc                USBD_FS_ConfigStrDescriptor
 .text.USBD_FS_InterfaceStrDescriptor
                0x08005b18       0x3c ./USB_DEVICE/App/usbd_desc.o
                0x08005b18                USBD_FS_InterfaceStrDescriptor
 .text.USBD_MidiMessage
                0x08005b54       0x52 ./USB_DEVICE/App/usbd_midi_if.o
                0x08005b54                USBD_MidiMessage
 *fill*         0x08005ba6        0x2 
 .text.MIDI_DataTx
                0x08005ba8       0x60 ./USB_DEVICE/App/usbd_midi_if.o
 .text.MIDI_Init_FS
                0x08005c08       0x10 ./USB_DEVICE/App/usbd_midi_if.o
                0x08005c08                MIDI_Init_FS
 .text.MIDI_DeInit_FS
                0x08005c18       0x10 ./USB_DEVICE/App/usbd_midi_if.o
                0x08005c18                MIDI_DeInit_FS
 .text.MIDI_DataIn_FS
                0x08005c28       0x1a ./USB_DEVICE/App/usbd_midi_if.o
                0x08005c28                MIDI_DataIn_FS
 .text.MIDI_DataOut_FS
                0x08005c42       0x2a ./USB_DEVICE/App/usbd_midi_if.o
                0x08005c42                MIDI_DataOut_FS
 .text.MIDI_Receive_FS
                0x08005c6c       0x1a ./USB_DEVICE/App/usbd_midi_if.o
                0x08005c6c                MIDI_Receive_FS
 .text.MIDI_GetState_FS
                0x08005c86       0x10 ./USB_DEVICE/App/usbd_midi_if.o
                0x08005c86                MIDI_GetState_FS
 *fill*         0x08005c96        0x2 
 .text.HAL_PCD_MspInit
                0x08005c98       0xa8 ./USB_DEVICE/Target/usbd_conf.o
                0x08005c98                HAL_PCD_MspInit
 .text.HAL_PCD_SetupStageCallback
                0x08005d40       0x24 ./USB_DEVICE/Target/usbd_conf.o
                0x08005d40                HAL_PCD_SetupStageCallback
 .text.HAL_PCD_DataOutStageCallback
                0x08005d64       0x36 ./USB_DEVICE/Target/usbd_conf.o
                0x08005d64                HAL_PCD_DataOutStageCallback
 .text.HAL_PCD_DataInStageCallback
                0x08005d9a       0x34 ./USB_DEVICE/Target/usbd_conf.o
                0x08005d9a                HAL_PCD_DataInStageCallback
 .text.HAL_PCD_SOFCallback
                0x08005dce       0x1c ./USB_DEVICE/Target/usbd_conf.o
                0x08005dce                HAL_PCD_SOFCallback
 .text.HAL_PCD_ResetCallback
                0x08005dea       0x3c ./USB_DEVICE/Target/usbd_conf.o
                0x08005dea                HAL_PCD_ResetCallback
 *fill*         0x08005e26        0x2 
 .text.HAL_PCD_SuspendCallback
                0x08005e28       0x4c ./USB_DEVICE/Target/usbd_conf.o
                0x08005e28                HAL_PCD_SuspendCallback
 .text.HAL_PCD_ResumeCallback
                0x08005e74       0x1c ./USB_DEVICE/Target/usbd_conf.o
                0x08005e74                HAL_PCD_ResumeCallback
 .text.HAL_PCD_ISOOUTIncompleteCallback
                0x08005e90       0x24 ./USB_DEVICE/Target/usbd_conf.o
                0x08005e90                HAL_PCD_ISOOUTIncompleteCallback
 .text.HAL_PCD_ISOINIncompleteCallback
                0x08005eb4       0x24 ./USB_DEVICE/Target/usbd_conf.o
                0x08005eb4                HAL_PCD_ISOINIncompleteCallback
 .text.HAL_PCD_ConnectCallback
                0x08005ed8       0x1c ./USB_DEVICE/Target/usbd_conf.o
                0x08005ed8                HAL_PCD_ConnectCallback
 .text.HAL_PCD_DisconnectCallback
                0x08005ef4       0x1c ./USB_DEVICE/Target/usbd_conf.o
                0x08005ef4                HAL_PCD_DisconnectCallback
 .text.USBD_LL_Init
                0x08005f10       0x98 ./USB_DEVICE/Target/usbd_conf.o
                0x08005f10                USBD_LL_Init
 .text.USBD_LL_Start
                0x08005fa8       0x36 ./USB_DEVICE/Target/usbd_conf.o
                0x08005fa8                USBD_LL_Start
 .text.USBD_LL_OpenEP
                0x08005fde       0x4c ./USB_DEVICE/Target/usbd_conf.o
                0x08005fde                USBD_LL_OpenEP
 .text.USBD_LL_CloseEP
                0x0800602a       0x3e ./USB_DEVICE/Target/usbd_conf.o
                0x0800602a                USBD_LL_CloseEP
 .text.USBD_LL_StallEP
                0x08006068       0x3e ./USB_DEVICE/Target/usbd_conf.o
                0x08006068                USBD_LL_StallEP
 .text.USBD_LL_ClearStallEP
                0x080060a6       0x3e ./USB_DEVICE/Target/usbd_conf.o
                0x080060a6                USBD_LL_ClearStallEP
 .text.USBD_LL_IsStallEP
                0x080060e4       0x58 ./USB_DEVICE/Target/usbd_conf.o
                0x080060e4                USBD_LL_IsStallEP
 .text.USBD_LL_SetUSBAddress
                0x0800613c       0x3e ./USB_DEVICE/Target/usbd_conf.o
                0x0800613c                USBD_LL_SetUSBAddress
 .text.USBD_LL_Transmit
                0x0800617a       0x42 ./USB_DEVICE/Target/usbd_conf.o
                0x0800617a                USBD_LL_Transmit
 .text.USBD_LL_PrepareReceive
                0x080061bc       0x42 ./USB_DEVICE/Target/usbd_conf.o
                0x080061bc                USBD_LL_PrepareReceive
 .text.USBD_LL_GetRxDataSize
                0x080061fe       0x26 ./USB_DEVICE/Target/usbd_conf.o
                0x080061fe                USBD_LL_GetRxDataSize
 .text.USBD_static_malloc
                0x08006224       0x1c ./USB_DEVICE/Target/usbd_conf.o
                0x08006224                USBD_static_malloc
 .text.USBD_static_free
                0x08006240       0x14 ./USB_DEVICE/Target/usbd_conf.o
                0x08006240                USBD_static_free
 .text.USBD_Get_USB_Status
                0x08006254       0x58 ./USB_DEVICE/Target/usbd_conf.o
                0x08006254                USBD_Get_USB_Status
 .text.memset   0x080062ac       0x10 C:/ST/STM32CubeIDE_1.17.0/STM32CubeIDE/plugins/com.st.stm32cube.ide.mcu.externaltools.gnu-tools-for-stm32.13.3.rel1.win32_1.0.0.202411081344/tools/bin/../lib/gcc/arm-none-eabi/13.3.1/../../../../arm-none-eabi/lib/thumb/v7e-m+fp/hard\libc_nano.a(libc_a-memset.o)
                0x080062ac                memset
 .text.__libc_init_array
                0x080062bc       0x48 C:/ST/STM32CubeIDE_1.17.0/STM32CubeIDE/plugins/com.st.stm32cube.ide.mcu.externaltools.gnu-tools-for-stm32.13.3.rel1.win32_1.0.0.202411081344/tools/bin/../lib/gcc/arm-none-eabi/13.3.1/../../../../arm-none-eabi/lib/thumb/v7e-m+fp/hard\libc_nano.a(libc_a-init.o)
                0x080062bc                __libc_init_array
 *(.glue_7)
 .glue_7        0x08006304        0x0 linker stubs
 *(.glue_7t)
 .glue_7t       0x08006304        0x0 linker stubs
 *(.eh_frame)
 .eh_frame      0x08006304        0x0 C:/ST/STM32CubeIDE_1.17.0/STM32CubeIDE/plugins/com.st.stm32cube.ide.mcu.externaltools.gnu-tools-for-stm32.13.3.rel1.win32_1.0.0.202411081344/tools/bin/../lib/gcc/arm-none-eabi/13.3.1/thumb/v7e-m+fp/hard/crtbegin.o
 *(.init)
 .init          0x08006304        0x4 C:/ST/STM32CubeIDE_1.17.0/STM32CubeIDE/plugins/com.st.stm32cube.ide.mcu.externaltools.gnu-tools-for-stm32.13.3.rel1.win32_1.0.0.202411081344/tools/bin/../lib/gcc/arm-none-eabi/13.3.1/thumb/v7e-m+fp/hard/crti.o
                0x08006304                _init
 .init          0x08006308        0x8 C:/ST/STM32CubeIDE_1.17.0/STM32CubeIDE/plugins/com.st.stm32cube.ide.mcu.externaltools.gnu-tools-for-stm32.13.3.rel1.win32_1.0.0.202411081344/tools/bin/../lib/gcc/arm-none-eabi/13.3.1/thumb/v7e-m+fp/hard/crtn.o
 *(.fini)
 .fini          0x08006310        0x4 C:/ST/STM32CubeIDE_1.17.0/STM32CubeIDE/plugins/com.st.stm32cube.ide.mcu.externaltools.gnu-tools-for-stm32.13.3.rel1.win32_1.0.0.202411081344/tools/bin/../lib/gcc/arm-none-eabi/13.3.1/thumb/v7e-m+fp/hard/crti.o
                0x08006310                _fini
 .fini          0x08006314        0x8 C:/ST/STM32CubeIDE_1.17.0/STM32CubeIDE/plugins/com.st.stm32cube.ide.mcu.externaltools.gnu-tools-for-stm32.13.3.rel1.win32_1.0.0.202411081344/tools/bin/../lib/gcc/arm-none-eabi/13.3.1/thumb/v7e-m+fp/hard/crtn.o
                0x0800631c                        . = ALIGN (0x4)
                0x0800631c                        _etext = .

.vfp11_veneer   0x0800631c        0x0
 .vfp11_veneer  0x0800631c        0x0 linker stubs

.v4_bx          0x0800631c        0x0
 .v4_bx         0x0800631c        0x0 linker stubs

.iplt           0x0800631c        0x0
 .iplt          0x0800631c        0x0 C:/ST/STM32CubeIDE_1.17.0/STM32CubeIDE/plugins/com.st.stm32cube.ide.mcu.externaltools.gnu-tools-for-stm32.13.3.rel1.win32_1.0.0.202411081344/tools/bin/../lib/gcc/arm-none-eabi/13.3.1/thumb/v7e-m+fp/hard/crtbegin.o

.rodata         0x0800631c       0x60
                0x0800631c                        . = ALIGN (0x4)
 *(.rodata)
 .rodata        0x0800631c       0x4f ./USB_DEVICE/App/usbd_desc.o
 *(.rodata*)
 *fill*         0x0800636b        0x1 
 .rodata.AHBPrescTable
                0x0800636c       0x10 ./Core/Src/system_stm32f4xx.o
                0x0800636c                AHBPrescTable
                0x0800637c                        . = ALIGN (0x4)

.ARM.extab      0x0800637c        0x0
                0x0800637c                        . = ALIGN (0x4)
 *(.ARM.extab* .gnu.linkonce.armextab.*)
                0x0800637c                        . = ALIGN (0x4)

.ARM            0x0800637c        0x8
                0x0800637c                        . = ALIGN (0x4)
                0x0800637c                        __exidx_start = .
 *(.ARM.exidx*)
 .ARM.exidx     0x0800637c        0x8 C:/ST/STM32CubeIDE_1.17.0/STM32CubeIDE/plugins/com.st.stm32cube.ide.mcu.externaltools.gnu-tools-for-stm32.13.3.rel1.win32_1.0.0.202411081344/tools/bin/../lib/gcc/arm-none-eabi/13.3.1/thumb/v7e-m+fp/hard\libgcc.a(_udivmoddi4.o)
                0x08006384                        __exidx_end = .
                0x08006384                        . = ALIGN (0x4)

.preinit_array  0x08006384        0x0
                0x08006384                        . = ALIGN (0x4)
                0x08006384                        PROVIDE (__preinit_array_start = .)
 *(.preinit_array*)
                0x08006384                        PROVIDE (__preinit_array_end = .)
                0x08006384                        . = ALIGN (0x4)

.init_array     0x08006384        0x4
                0x08006384                        . = ALIGN (0x4)
                0x08006384                        PROVIDE (__init_array_start = .)
 *(SORT_BY_NAME(.init_array.*))
 *(.init_array*)
 .init_array    0x08006384        0x4 C:/ST/STM32CubeIDE_1.17.0/STM32CubeIDE/plugins/com.st.stm32cube.ide.mcu.externaltools.gnu-tools-for-stm32.13.3.rel1.win32_1.0.0.202411081344/tools/bin/../lib/gcc/arm-none-eabi/13.3.1/thumb/v7e-m+fp/hard/crtbegin.o
                0x08006388                        PROVIDE (__init_array_end = .)
                0x08006388                        . = ALIGN (0x4)

.fini_array     0x08006388        0x4
                0x08006388                        . = ALIGN (0x4)
                [!provide]                        PROVIDE (__fini_array_start = .)
 *(SORT_BY_NAME(.fini_array.*))
 *(.fini_array*)
 .fini_array    0x08006388        0x4 C:/ST/STM32CubeIDE_1.17.0/STM32CubeIDE/plugins/com.st.stm32cube.ide.mcu.externaltools.gnu-tools-for-stm32.13.3.rel1.win32_1.0.0.202411081344/tools/bin/../lib/gcc/arm-none-eabi/13.3.1/thumb/v7e-m+fp/hard/crtbegin.o
                [!provide]                        PROVIDE (__fini_array_end = .)
                0x0800638c                        . = ALIGN (0x4)
                0x0800638c                        _sidata = LOADADDR (.data)

.rel.dyn        0x0800638c        0x0
 .rel.iplt      0x0800638c        0x0 C:/ST/STM32CubeIDE_1.17.0/STM32CubeIDE/plugins/com.st.stm32cube.ide.mcu.externaltools.gnu-tools-for-stm32.13.3.rel1.win32_1.0.0.202411081344/tools/bin/../lib/gcc/arm-none-eabi/13.3.1/thumb/v7e-m+fp/hard/crtbegin.o

.data           0x20000000      0x174 load address 0x0800638c
                0x20000000                        . = ALIGN (0x4)
                0x20000000                        _sdata = .
 *(.data)
 *(.data*)
 .data.SystemCoreClock
                0x20000000        0x4 ./Core/Src/system_stm32f4xx.o
                0x20000000                SystemCoreClock
 .data.uwTickPrio
                0x20000004        0x4 ./Drivers/STM32F4xx_HAL_Driver/Src/stm32f4xx_hal.o
                0x20000004                uwTickPrio
 .data.uwTickFreq
                0x20000008        0x1 ./Drivers/STM32F4xx_HAL_Driver/Src/stm32f4xx_hal.o
                0x20000008                uwTickFreq
 *fill*         0x20000009        0x3 
 .data.USBD_MIDI
                0x2000000c       0x38 ./Middlewares/ST/STM32_USB_Device_Library/Class/MIDI/Src/usbd_midi.o
                0x2000000c                USBD_MIDI
 .data.USBD_MIDI_CfgDesc
                0x20000044       0xc5 ./Middlewares/ST/STM32_USB_Device_Library/Class/MIDI/Src/usbd_midi.o
                0x20000044                USBD_MIDI_CfgDesc
 *fill*         0x20000109        0x3 
 .data.FS_Desc  0x2000010c       0x1c ./USB_DEVICE/App/usbd_desc.o
                0x2000010c                FS_Desc
 .data.USBD_FS_DeviceDesc
                0x20000128       0x12 ./USB_DEVICE/App/usbd_desc.o
                0x20000128                USBD_FS_DeviceDesc
 *fill*         0x2000013a        0x2 
 .data.USBD_LangIDDesc
                0x2000013c        0x4 ./USB_DEVICE/App/usbd_desc.o
                0x2000013c                USBD_LangIDDesc
 .data.USBD_StringSerial
                0x20000140       0x1a ./USB_DEVICE/App/usbd_desc.o
                0x20000140                USBD_StringSerial
 *fill*         0x2000015a        0x2 
 .data.USBD_MIDI_fops_FS
                0x2000015c       0x18 ./USB_DEVICE/App/usbd_midi_if.o
                0x2000015c                USBD_MIDI_fops_FS
 *(.RamFunc)
 *(.RamFunc*)
                0x20000174                        . = ALIGN (0x4)
                0x20000174                        _edata = .

.igot.plt       0x20000174        0x0 load address 0x08006500
 .igot.plt      0x20000174        0x0 C:/ST/STM32CubeIDE_1.17.0/STM32CubeIDE/plugins/com.st.stm32cube.ide.mcu.externaltools.gnu-tools-for-stm32.13.3.rel1.win32_1.0.0.202411081344/tools/bin/../lib/gcc/arm-none-eabi/13.3.1/thumb/v7e-m+fp/hard/crtbegin.o
                0x20000174                        . = ALIGN (0x4)

.bss            0x20000174      0xa7c load address 0x08006500
                0x20000174                        _sbss = .
                0x20000174                        __bss_start__ = _sbss
 *(.bss)
 .bss           0x20000174       0x1c C:/ST/STM32CubeIDE_1.17.0/STM32CubeIDE/plugins/com.st.stm32cube.ide.mcu.externaltools.gnu-tools-for-stm32.13.3.rel1.win32_1.0.0.202411081344/tools/bin/../lib/gcc/arm-none-eabi/13.3.1/thumb/v7e-m+fp/hard/crtbegin.o
 *(.bss*)
 .bss.uwTick    0x20000190        0x4 ./Drivers/STM32F4xx_HAL_Driver/Src/stm32f4xx_hal.o
                0x20000190                uwTick
 .bss.APP_Rx_ptr_in
                0x20000194        0x4 ./Middlewares/ST/STM32_USB_Device_Library/Class/MIDI/Src/usbd_midi.o
                0x20000194                APP_Rx_ptr_in
 .bss.APP_Rx_ptr_out
                0x20000198        0x4 ./Middlewares/ST/STM32_USB_Device_Library/Class/MIDI/Src/usbd_midi.o
                0x20000198                APP_Rx_ptr_out
 .bss.APP_Rx_length
                0x2000019c        0x4 ./Middlewares/ST/STM32_USB_Device_Library/Class/MIDI/Src/usbd_midi.o
                0x2000019c                APP_Rx_length
 .bss.USB_Tx_State
                0x200001a0        0x1 ./Middlewares/ST/STM32_USB_Device_Library/Class/MIDI/Src/usbd_midi.o
                0x200001a0                USB_Tx_State
 *fill*         0x200001a1        0x3 
 .bss.APP_Rx_Buffer
                0x200001a4       0x40 ./Middlewares/ST/STM32_USB_Device_Library/Class/MIDI/Src/usbd_midi.o
                0x200001a4                APP_Rx_Buffer
 .bss.cfgidx.0  0x200001e4        0x1 ./Middlewares/ST/STM32_USB_Device_Library/Core/Src/usbd_ctlreq.o
 *fill*         0x200001e5        0x3 
 .bss.hUsbDeviceFS
                0x200001e8      0x2dc ./USB_DEVICE/App/usb_device.o
                0x200001e8                hUsbDeviceFS
 .bss.USBD_StrDesc
                0x200004c4      0x200 ./USB_DEVICE/App/usbd_desc.o
                0x200004c4                USBD_StrDesc
 .bss.hpcd_USB_OTG_FS
                0x200006c4      0x4e4 ./USB_DEVICE/Target/usbd_conf.o
                0x200006c4                hpcd_USB_OTG_FS
 .bss.mem.0     0x20000ba8       0x48 ./USB_DEVICE/Target/usbd_conf.o
 *(COMMON)
                0x20000bf0                        . = ALIGN (0x4)
                0x20000bf0                        _ebss = .
                0x20000bf0                        __bss_end__ = _ebss

._user_heap_stack
                0x20000bf0      0x600 load address 0x08006500
                0x20000bf0                        . = ALIGN (0x8)
                [!provide]                        PROVIDE (end = .)
                0x20000bf0                        PROVIDE (_end = .)
                0x20000df0                        . = (. + _Min_Heap_Size)
 *fill*         0x20000bf0      0x200 
                0x200011f0                        . = (. + _Min_Stack_Size)
 *fill*         0x20000df0      0x400 
                0x200011f0                        . = ALIGN (0x8)

/DISCARD/
 libc.a(*)
 libm.a(*)
 libgcc.a(*)

.ARM.attributes
                0x00000000       0x30
 *(.ARM.attributes)
 .ARM.attributes
                0x00000000       0x22 C:/ST/STM32CubeIDE_1.17.0/STM32CubeIDE/plugins/com.st.stm32cube.ide.mcu.externaltools.gnu-tools-for-stm32.13.3.rel1.win32_1.0.0.202411081344/tools/bin/../lib/gcc/arm-none-eabi/13.3.1/thumb/v7e-m+fp/hard/crti.o
 .ARM.attributes
                0x00000022       0x34 C:/ST/STM32CubeIDE_1.17.0/STM32CubeIDE/plugins/com.st.stm32cube.ide.mcu.externaltools.gnu-tools-for-stm32.13.3.rel1.win32_1.0.0.202411081344/tools/bin/../lib/gcc/arm-none-eabi/13.3.1/thumb/v7e-m+fp/hard/crtbegin.o
 .ARM.attributes
                0x00000056       0x34 ./Core/Src/gpio.o
 .ARM.attributes
                0x0000008a       0x34 ./Core/Src/main.o
 .ARM.attributes
                0x000000be       0x34 ./Core/Src/stm32f4xx_hal_msp.o
 .ARM.attributes
                0x000000f2       0x34 ./Core/Src/stm32f4xx_it.o
 .ARM.attributes
                0x00000126       0x34 ./Core/Src/system_stm32f4xx.o
 .ARM.attributes
                0x0000015a       0x21 ./Core/Startup/startup_stm32f411ceux.o
 .ARM.attributes
                0x0000017b       0x34 ./Drivers/STM32F4xx_HAL_Driver/Src/stm32f4xx_hal.o
 .ARM.attributes
                0x000001af       0x34 ./Drivers/STM32F4xx_HAL_Driver/Src/stm32f4xx_hal_cortex.o
 .ARM.attributes
                0x000001e3       0x34 ./Drivers/STM32F4xx_HAL_Driver/Src/stm32f4xx_hal_gpio.o
 .ARM.attributes
                0x00000217       0x34 ./Drivers/STM32F4xx_HAL_Driver/Src/stm32f4xx_hal_pcd.o
 .ARM.attributes
                0x0000024b       0x34 ./Drivers/STM32F4xx_HAL_Driver/Src/stm32f4xx_hal_pcd_ex.o
 .ARM.attributes
                0x0000027f       0x34 ./Drivers/STM32F4xx_HAL_Driver/Src/stm32f4xx_hal_rcc.o
 .ARM.attributes
                0x000002b3       0x34 ./Drivers/STM32F4xx_HAL_Driver/Src/stm32f4xx_ll_usb.o
 .ARM.attributes
                0x000002e7       0x34 ./Middlewares/ST/STM32_USB_Device_Library/Class/MIDI/Src/usbd_midi.o
 .ARM.attributes
                0x0000031b       0x34 ./Middlewares/ST/STM32_USB_Device_Library/Core/Src/usbd_core.o
 .ARM.attributes
                0x0000034f       0x34 ./Middlewares/ST/STM32_USB_Device_Library/Core/Src/usbd_ctlreq.o
 .ARM.attributes
                0x00000383       0x34 ./Middlewares/ST/STM32_USB_Device_Library/Core/Src/usbd_ioreq.o
 .ARM.attributes
                0x000003b7       0x34 ./USB_DEVICE/App/usb_device.o
 .ARM.attributes
                0x000003eb       0x34 ./USB_DEVICE/App/usbd_desc.o
 .ARM.attributes
                0x0000041f       0x34 ./USB_DEVICE/App/usbd_midi_if.o
 .ARM.attributes
                0x00000453       0x34 ./USB_DEVICE/Target/usbd_conf.o
 .ARM.attributes
                0x00000487       0x34 C:/ST/STM32CubeIDE_1.17.0/STM32CubeIDE/plugins/com.st.stm32cube.ide.mcu.externaltools.gnu-tools-for-stm32.13.3.rel1.win32_1.0.0.202411081344/tools/bin/../lib/gcc/arm-none-eabi/13.3.1/../../../../arm-none-eabi/lib/thumb/v7e-m+fp/hard\libc_nano.a(libc_a-memset.o)
 .ARM.attributes
                0x000004bb       0x34 C:/ST/STM32CubeIDE_1.17.0/STM32CubeIDE/plugins/com.st.stm32cube.ide.mcu.externaltools.gnu-tools-for-stm32.13.3.rel1.win32_1.0.0.202411081344/tools/bin/../lib/gcc/arm-none-eabi/13.3.1/../../../../arm-none-eabi/lib/thumb/v7e-m+fp/hard\libc_nano.a(libc_a-init.o)
 .ARM.attributes
                0x000004ef       0x22 C:/ST/STM32CubeIDE_1.17.0/STM32CubeIDE/plugins/com.st.stm32cube.ide.mcu.externaltools.gnu-tools-for-stm32.13.3.rel1.win32_1.0.0.202411081344/tools/bin/../lib/gcc/arm-none-eabi/13.3.1/thumb/v7e-m+fp/hard\libgcc.a(_aeabi_uldivmod.o)
 .ARM.attributes
                0x00000511       0x34 C:/ST/STM32CubeIDE_1.17.0/STM32CubeIDE/plugins/com.st.stm32cube.ide.mcu.externaltools.gnu-tools-for-stm32.13.3.rel1.win32_1.0.0.202411081344/tools/bin/../lib/gcc/arm-none-eabi/13.3.1/thumb/v7e-m+fp/hard\libgcc.a(_udivmoddi4.o)
 .ARM.attributes
                0x00000545       0x22 C:/ST/STM32CubeIDE_1.17.0/STM32CubeIDE/plugins/com.st.stm32cube.ide.mcu.externaltools.gnu-tools-for-stm32.13.3.rel1.win32_1.0.0.202411081344/tools/bin/../lib/gcc/arm-none-eabi/13.3.1/thumb/v7e-m+fp/hard\libgcc.a(_dvmd_tls.o)
 .ARM.attributes
                0x00000567       0x22 C:/ST/STM32CubeIDE_1.17.0/STM32CubeIDE/plugins/com.st.stm32cube.ide.mcu.externaltools.gnu-tools-for-stm32.13.3.rel1.win32_1.0.0.202411081344/tools/bin/../lib/gcc/arm-none-eabi/13.3.1/thumb/v7e-m+fp/hard/crtn.o
OUTPUT(USB_MIDI.elf elf32-littlearm)
LOAD linker stubs
LOAD C:/ST/STM32CubeIDE_1.17.0/STM32CubeIDE/plugins/com.st.stm32cube.ide.mcu.externaltools.gnu-tools-for-stm32.13.3.rel1.win32_1.0.0.202411081344/tools/bin/../lib/gcc/arm-none-eabi/13.3.1/../../../../arm-none-eabi/lib/thumb/v7e-m+fp/hard\libc.a
LOAD C:/ST/STM32CubeIDE_1.17.0/STM32CubeIDE/plugins/com.st.stm32cube.ide.mcu.externaltools.gnu-tools-for-stm32.13.3.rel1.win32_1.0.0.202411081344/tools/bin/../lib/gcc/arm-none-eabi/13.3.1/../../../../arm-none-eabi/lib/thumb/v7e-m+fp/hard\libm.a
LOAD C:/ST/STM32CubeIDE_1.17.0/STM32CubeIDE/plugins/com.st.stm32cube.ide.mcu.externaltools.gnu-tools-for-stm32.13.3.rel1.win32_1.0.0.202411081344/tools/bin/../lib/gcc/arm-none-eabi/13.3.1/thumb/v7e-m+fp/hard\libgcc.a

.debug_info     0x00000000     0xca77
 .debug_info    0x00000000      0x291 ./Core/Src/gpio.o
 .debug_info    0x00000291      0xa68 ./Core/Src/main.o
 .debug_info    0x00000cf9      0x291 ./Core/Src/stm32f4xx_hal_msp.o
 .debug_info    0x00000f8a      0x627 ./Core/Src/stm32f4xx_it.o
 .debug_info    0x000015b1      0x53e ./Core/Src/system_stm32f4xx.o
 .debug_info    0x00001aef       0x30 ./Core/Startup/startup_stm32f411ceux.o
 .debug_info    0x00001b1f      0x8c4 ./Drivers/STM32F4xx_HAL_Driver/Src/stm32f4xx_hal.o
 .debug_info    0x000023e3      0xcfc ./Drivers/STM32F4xx_HAL_Driver/Src/stm32f4xx_hal_cortex.o
 .debug_info    0x000030df      0x6f9 ./Drivers/STM32F4xx_HAL_Driver/Src/stm32f4xx_hal_gpio.o
 .debug_info    0x000037d8     0x1577 ./Drivers/STM32F4xx_HAL_Driver/Src/stm32f4xx_hal_pcd.o
 .debug_info    0x00004d4f      0x6ea ./Drivers/STM32F4xx_HAL_Driver/Src/stm32f4xx_hal_pcd_ex.o
 .debug_info    0x00005439      0x8f0 ./Drivers/STM32F4xx_HAL_Driver/Src/stm32f4xx_hal_rcc.o
 .debug_info    0x00005d29     0x1993 ./Drivers/STM32F4xx_HAL_Driver/Src/stm32f4xx_ll_usb.o
 .debug_info    0x000076bc      0x9de ./Middlewares/ST/STM32_USB_Device_Library/Class/MIDI/Src/usbd_midi.o
 .debug_info    0x0000809a      0xe05 ./Middlewares/ST/STM32_USB_Device_Library/Core/Src/usbd_core.o
 .debug_info    0x00008e9f      0xade ./Middlewares/ST/STM32_USB_Device_Library/Core/Src/usbd_ctlreq.o
 .debug_info    0x0000997d      0x755 ./Middlewares/ST/STM32_USB_Device_Library/Core/Src/usbd_ioreq.o
 .debug_info    0x0000a0d2      0x6c0 ./USB_DEVICE/App/usb_device.o
 .debug_info    0x0000a792      0x3a1 ./USB_DEVICE/App/usbd_desc.o
 .debug_info    0x0000ab33      0x33f ./USB_DEVICE/App/usbd_midi_if.o
 .debug_info    0x0000ae72     0x1c05 ./USB_DEVICE/Target/usbd_conf.o

.debug_abbrev   0x00000000     0x2974
 .debug_abbrev  0x00000000       0xd8 ./Core/Src/gpio.o
 .debug_abbrev  0x000000d8      0x281 ./Core/Src/main.o
 .debug_abbrev  0x00000359       0xd8 ./Core/Src/stm32f4xx_hal_msp.o
 .debug_abbrev  0x00000431      0x1a4 ./Core/Src/stm32f4xx_it.o
 .debug_abbrev  0x000005d5      0x11a ./Core/Src/system_stm32f4xx.o
 .debug_abbrev  0x000006ef       0x24 ./Core/Startup/startup_stm32f411ceux.o
 .debug_abbrev  0x00000713      0x24b ./Drivers/STM32F4xx_HAL_Driver/Src/stm32f4xx_hal.o
 .debug_abbrev  0x0000095e      0x31d ./Drivers/STM32F4xx_HAL_Driver/Src/stm32f4xx_hal_cortex.o
 .debug_abbrev  0x00000c7b      0x1d3 ./Drivers/STM32F4xx_HAL_Driver/Src/stm32f4xx_hal_gpio.o
 .debug_abbrev  0x00000e4e      0x2b6 ./Drivers/STM32F4xx_HAL_Driver/Src/stm32f4xx_hal_pcd.o
 .debug_abbrev  0x00001104      0x1da ./Drivers/STM32F4xx_HAL_Driver/Src/stm32f4xx_hal_pcd_ex.o
 .debug_abbrev  0x000012de      0x2b6 ./Drivers/STM32F4xx_HAL_Driver/Src/stm32f4xx_hal_rcc.o
 .debug_abbrev  0x00001594      0x2b3 ./Drivers/STM32F4xx_HAL_Driver/Src/stm32f4xx_ll_usb.o
 .debug_abbrev  0x00001847      0x240 ./Middlewares/ST/STM32_USB_Device_Library/Class/MIDI/Src/usbd_midi.o
 .debug_abbrev  0x00001a87      0x27c ./Middlewares/ST/STM32_USB_Device_Library/Core/Src/usbd_core.o
 .debug_abbrev  0x00001d03      0x26f ./Middlewares/ST/STM32_USB_Device_Library/Core/Src/usbd_ctlreq.o
 .debug_abbrev  0x00001f72      0x19a ./Middlewares/ST/STM32_USB_Device_Library/Core/Src/usbd_ioreq.o
 .debug_abbrev  0x0000210c      0x1a4 ./USB_DEVICE/App/usb_device.o
 .debug_abbrev  0x000022b0      0x1a9 ./USB_DEVICE/App/usbd_desc.o
 .debug_abbrev  0x00002459      0x1dc ./USB_DEVICE/App/usbd_midi_if.o
 .debug_abbrev  0x00002635      0x33f ./USB_DEVICE/Target/usbd_conf.o

.debug_aranges  0x00000000      0xb20
 .debug_aranges
                0x00000000       0x20 ./Core/Src/gpio.o
 .debug_aranges
                0x00000020       0x30 ./Core/Src/main.o
 .debug_aranges
                0x00000050       0x20 ./Core/Src/stm32f4xx_hal_msp.o
 .debug_aranges
                0x00000070       0x68 ./Core/Src/stm32f4xx_it.o
 .debug_aranges
                0x000000d8       0x28 ./Core/Src/system_stm32f4xx.o
 .debug_aranges
                0x00000100       0x28 ./Core/Startup/startup_stm32f411ceux.o
 .debug_aranges
                0x00000128       0xf0 ./Drivers/STM32F4xx_HAL_Driver/Src/stm32f4xx_hal.o
 .debug_aranges
                0x00000218      0x130 ./Drivers/STM32F4xx_HAL_Driver/Src/stm32f4xx_hal_cortex.o
 .debug_aranges
                0x00000348       0x58 ./Drivers/STM32F4xx_HAL_Driver/Src/stm32f4xx_hal_gpio.o
 .debug_aranges
                0x000003a0      0x148 ./Drivers/STM32F4xx_HAL_Driver/Src/stm32f4xx_hal_pcd.o
 .debug_aranges
                0x000004e8       0x38 ./Drivers/STM32F4xx_HAL_Driver/Src/stm32f4xx_hal_pcd_ex.o
 .debug_aranges
                0x00000520       0x88 ./Drivers/STM32F4xx_HAL_Driver/Src/stm32f4xx_hal_rcc.o
 .debug_aranges
                0x000005a8      0x1a0 ./Drivers/STM32F4xx_HAL_Driver/Src/stm32f4xx_ll_usb.o
 .debug_aranges
                0x00000748       0x48 ./Middlewares/ST/STM32_USB_Device_Library/Class/MIDI/Src/usbd_midi.o
 .debug_aranges
                0x00000790       0xd8 ./Middlewares/ST/STM32_USB_Device_Library/Core/Src/usbd_core.o
 .debug_aranges
                0x00000868       0x90 ./Middlewares/ST/STM32_USB_Device_Library/Core/Src/usbd_ctlreq.o
 .debug_aranges
                0x000008f8       0x50 ./Middlewares/ST/STM32_USB_Device_Library/Core/Src/usbd_ioreq.o
 .debug_aranges
                0x00000948       0x20 ./USB_DEVICE/App/usb_device.o
 .debug_aranges
                0x00000968       0x50 ./USB_DEVICE/App/usbd_desc.o
 .debug_aranges
                0x000009b8       0x58 ./USB_DEVICE/App/usbd_midi_if.o
 .debug_aranges
                0x00000a10      0x110 ./USB_DEVICE/Target/usbd_conf.o

.debug_rnglists
                0x00000000      0x827
 .debug_rnglists
                0x00000000       0x13 ./Core/Src/gpio.o
 .debug_rnglists
                0x00000013       0x20 ./Core/Src/main.o
 .debug_rnglists
                0x00000033       0x13 ./Core/Src/stm32f4xx_hal_msp.o
 .debug_rnglists
                0x00000046       0x49 ./Core/Src/stm32f4xx_it.o
 .debug_rnglists
                0x0000008f       0x1a ./Core/Src/system_stm32f4xx.o
 .debug_rnglists
                0x000000a9       0x19 ./Core/Startup/startup_stm32f411ceux.o
 .debug_rnglists
                0x000000c2       0xaf ./Drivers/STM32F4xx_HAL_Driver/Src/stm32f4xx_hal.o
 .debug_rnglists
                0x00000171       0xe0 ./Drivers/STM32F4xx_HAL_Driver/Src/stm32f4xx_hal_cortex.o
 .debug_rnglists
                0x00000251       0x3f ./Drivers/STM32F4xx_HAL_Driver/Src/stm32f4xx_hal_gpio.o
 .debug_rnglists
                0x00000290       0xfa ./Drivers/STM32F4xx_HAL_Driver/Src/stm32f4xx_hal_pcd.o
 .debug_rnglists
                0x0000038a       0x26 ./Drivers/STM32F4xx_HAL_Driver/Src/stm32f4xx_hal_pcd_ex.o
 .debug_rnglists
                0x000003b0       0x66 ./Drivers/STM32F4xx_HAL_Driver/Src/stm32f4xx_hal_rcc.o
 .debug_rnglists
                0x00000416      0x147 ./Drivers/STM32F4xx_HAL_Driver/Src/stm32f4xx_ll_usb.o
 .debug_rnglists
                0x0000055d       0x34 ./Middlewares/ST/STM32_USB_Device_Library/Class/MIDI/Src/usbd_midi.o
 .debug_rnglists
                0x00000591       0xa1 ./Middlewares/ST/STM32_USB_Device_Library/Core/Src/usbd_core.o
 .debug_rnglists
                0x00000632       0x6e ./Middlewares/ST/STM32_USB_Device_Library/Core/Src/usbd_ctlreq.o
 .debug_rnglists
                0x000006a0       0x37 ./Middlewares/ST/STM32_USB_Device_Library/Core/Src/usbd_ioreq.o
 .debug_rnglists
                0x000006d7       0x13 ./USB_DEVICE/App/usb_device.o
 .debug_rnglists
                0x000006ea       0x37 ./USB_DEVICE/App/usbd_desc.o
 .debug_rnglists
                0x00000721       0x3d ./USB_DEVICE/App/usbd_midi_if.o
 .debug_rnglists
                0x0000075e       0xc9 ./USB_DEVICE/Target/usbd_conf.o

.debug_macro    0x00000000    0x17de5
 .debug_macro   0x00000000      0x1e8 ./Core/Src/gpio.o
 .debug_macro   0x000001e8      0xad8 ./Core/Src/gpio.o
 .debug_macro   0x00000cc0      0x295 ./Core/Src/gpio.o
 .debug_macro   0x00000f55       0x2e ./Core/Src/gpio.o
 .debug_macro   0x00000f83       0x28 ./Core/Src/gpio.o
 .debug_macro   0x00000fab       0x22 ./Core/Src/gpio.o
 .debug_macro   0x00000fcd       0x8e ./Core/Src/gpio.o
 .debug_macro   0x0000105b       0x51 ./Core/Src/gpio.o
 .debug_macro   0x000010ac      0x103 ./Core/Src/gpio.o
 .debug_macro   0x000011af       0x6a ./Core/Src/gpio.o
 .debug_macro   0x00001219      0x1df ./Core/Src/gpio.o
 .debug_macro   0x000013f8       0x1c ./Core/Src/gpio.o
 .debug_macro   0x00001414       0x22 ./Core/Src/gpio.o
 .debug_macro   0x00001436       0xfb ./Core/Src/gpio.o
 .debug_macro   0x00001531     0x1011 ./Core/Src/gpio.o
 .debug_macro   0x00002542      0x11f ./Core/Src/gpio.o
 .debug_macro   0x00002661     0xb953 ./Core/Src/gpio.o
 .debug_macro   0x0000dfb4       0x6d ./Core/Src/gpio.o
 .debug_macro   0x0000e021     0x369a ./Core/Src/gpio.o
 .debug_macro   0x000116bb      0x190 ./Core/Src/gpio.o
 .debug_macro   0x0001184b       0x5c ./Core/Src/gpio.o
 .debug_macro   0x000118a7      0x45c ./Core/Src/gpio.o
 .debug_macro   0x00011d03      0x9e9 ./Core/Src/gpio.o
 .debug_macro   0x000126ec      0x115 ./Core/Src/gpio.o
 .debug_macro   0x00012801      0x11b ./Core/Src/gpio.o
 .debug_macro   0x0001291c       0xa5 ./Core/Src/gpio.o
 .debug_macro   0x000129c1      0x15f ./Core/Src/gpio.o
 .debug_macro   0x00012b20      0x287 ./Core/Src/gpio.o
 .debug_macro   0x00012da7       0x5f ./Core/Src/gpio.o
 .debug_macro   0x00012e06      0x236 ./Core/Src/gpio.o
 .debug_macro   0x0001303c      0x132 ./Core/Src/gpio.o
 .debug_macro   0x0001316e      0x264 ./Core/Src/gpio.o
 .debug_macro   0x000133d2       0x2e ./Core/Src/gpio.o
 .debug_macro   0x00013400      0x127 ./Core/Src/gpio.o
 .debug_macro   0x00013527       0x85 ./Core/Src/gpio.o
 .debug_macro   0x000135ac       0x89 ./Core/Src/gpio.o
 .debug_macro   0x00013635      0x293 ./Core/Src/gpio.o
 .debug_macro   0x000138c8       0xba ./Core/Src/gpio.o
 .debug_macro   0x00013982      0x126 ./Core/Src/gpio.o
 .debug_macro   0x00013aa8      0x395 ./Core/Src/main.o
 .debug_macro   0x00013e3d       0x61 ./Core/Src/main.o
 .debug_macro   0x00013e9e       0x2a ./Core/Src/main.o
 .debug_macro   0x00013ec8       0x43 ./Core/Src/main.o
 .debug_macro   0x00013f0b       0x34 ./Core/Src/main.o
 .debug_macro   0x00013f3f       0x16 ./Core/Src/main.o
 .debug_macro   0x00013f55       0x3c ./Core/Src/main.o
 .debug_macro   0x00013f91      0x370 ./Core/Src/main.o
 .debug_macro   0x00014301       0x10 ./Core/Src/main.o
 .debug_macro   0x00014311       0x16 ./Core/Src/main.o
 .debug_macro   0x00014327       0x4a ./Core/Src/main.o
 .debug_macro   0x00014371       0x34 ./Core/Src/main.o
 .debug_macro   0x000143a5       0x10 ./Core/Src/main.o
 .debug_macro   0x000143b5       0x58 ./Core/Src/main.o
 .debug_macro   0x0001440d       0x8e ./Core/Src/main.o
 .debug_macro   0x0001449b       0x1c ./Core/Src/main.o
 .debug_macro   0x000144b7      0x185 ./Core/Src/main.o
 .debug_macro   0x0001463c       0x16 ./Core/Src/main.o
 .debug_macro   0x00014652       0x16 ./Core/Src/main.o
 .debug_macro   0x00014668      0x146 ./Core/Src/main.o
 .debug_macro   0x000147ae       0x16 ./Core/Src/main.o
 .debug_macro   0x000147c4       0x16 ./Core/Src/main.o
 .debug_macro   0x000147da       0x29 ./Core/Src/main.o
 .debug_macro   0x00014803       0x16 ./Core/Src/main.o
 .debug_macro   0x00014819       0x20 ./Core/Src/main.o
 .debug_macro   0x00014839       0x65 ./Core/Src/main.o
 .debug_macro   0x0001489e      0x20f ./Core/Src/main.o
 .debug_macro   0x00014aad       0x82 ./Core/Src/main.o
 .debug_macro   0x00014b2f      0x1de ./Core/Src/stm32f4xx_hal_msp.o
 .debug_macro   0x00014d0d      0x1e8 ./Core/Src/stm32f4xx_it.o
 .debug_macro   0x00014ef5      0x1d4 ./Core/Src/system_stm32f4xx.o
 .debug_macro   0x000150c9      0x234 ./Drivers/STM32F4xx_HAL_Driver/Src/stm32f4xx_hal.o
 .debug_macro   0x000152fd      0x1d4 ./Drivers/STM32F4xx_HAL_Driver/Src/stm32f4xx_hal_cortex.o
 .debug_macro   0x000154d1      0x1da ./Drivers/STM32F4xx_HAL_Driver/Src/stm32f4xx_hal_gpio.o
 .debug_macro   0x000156ab      0x1e0 ./Drivers/STM32F4xx_HAL_Driver/Src/stm32f4xx_hal_pcd.o
 .debug_macro   0x0001588b      0x1d4 ./Drivers/STM32F4xx_HAL_Driver/Src/stm32f4xx_hal_pcd_ex.o
 .debug_macro   0x00015a5f      0x1f8 ./Drivers/STM32F4xx_HAL_Driver/Src/stm32f4xx_hal_rcc.o
 .debug_macro   0x00015c57      0x1d4 ./Drivers/STM32F4xx_HAL_Driver/Src/stm32f4xx_ll_usb.o
 .debug_macro   0x00015e2b      0x36d ./Middlewares/ST/STM32_USB_Device_Library/Class/MIDI/Src/usbd_midi.o
 .debug_macro   0x00016198       0x9e ./Middlewares/ST/STM32_USB_Device_Library/Class/MIDI/Src/usbd_midi.o
 .debug_macro   0x00016236      0x112 ./Middlewares/ST/STM32_USB_Device_Library/Class/MIDI/Src/usbd_midi.o
 .debug_macro   0x00016348       0x56 ./Middlewares/ST/STM32_USB_Device_Library/Class/MIDI/Src/usbd_midi.o
 .debug_macro   0x0001639e      0x354 ./Middlewares/ST/STM32_USB_Device_Library/Core/Src/usbd_core.o
 .debug_macro   0x000166f2      0x215 ./Middlewares/ST/STM32_USB_Device_Library/Core/Src/usbd_core.o
 .debug_macro   0x00016907      0x35e ./Middlewares/ST/STM32_USB_Device_Library/Core/Src/usbd_ctlreq.o
 .debug_macro   0x00016c65      0x35a ./Middlewares/ST/STM32_USB_Device_Library/Core/Src/usbd_ioreq.o
 .debug_macro   0x00016fbf      0x394 ./USB_DEVICE/App/usb_device.o
 .debug_macro   0x00017353       0x10 ./USB_DEVICE/App/usb_device.o
 .debug_macro   0x00017363      0x398 ./USB_DEVICE/App/usbd_desc.o
 .debug_macro   0x000176fb      0x373 ./USB_DEVICE/App/usbd_midi_if.o
 .debug_macro   0x00017a6e      0x377 ./USB_DEVICE/Target/usbd_conf.o

.debug_line     0x00000000     0xf6ea
 .debug_line    0x00000000      0x741 ./Core/Src/gpio.o
 .debug_line    0x00000741      0xa88 ./Core/Src/main.o
 .debug_line    0x000011c9      0x744 ./Core/Src/stm32f4xx_hal_msp.o
 .debug_line    0x0000190d      0x80b ./Core/Src/stm32f4xx_it.o
 .debug_line    0x00002118      0x7c9 ./Core/Src/system_stm32f4xx.o
 .debug_line    0x000028e1       0x7a ./Core/Startup/startup_stm32f411ceux.o
 .debug_line    0x0000295b      0xa36 ./Drivers/STM32F4xx_HAL_Driver/Src/stm32f4xx_hal.o
 .debug_line    0x00003391      0xd06 ./Drivers/STM32F4xx_HAL_Driver/Src/stm32f4xx_hal_cortex.o
 .debug_line    0x00004097      0xb52 ./Drivers/STM32F4xx_HAL_Driver/Src/stm32f4xx_hal_gpio.o
 .debug_line    0x00004be9     0x147b ./Drivers/STM32F4xx_HAL_Driver/Src/stm32f4xx_hal_pcd.o
 .debug_line    0x00006064      0x7ff ./Drivers/STM32F4xx_HAL_Driver/Src/stm32f4xx_hal_pcd_ex.o
 .debug_line    0x00006863      0xe43 ./Drivers/STM32F4xx_HAL_Driver/Src/stm32f4xx_hal_rcc.o
 .debug_line    0x000076a6     0x1d01 ./Drivers/STM32F4xx_HAL_Driver/Src/stm32f4xx_ll_usb.o
 .debug_line    0x000093a7      0xb55 ./Middlewares/ST/STM32_USB_Device_Library/Class/MIDI/Src/usbd_midi.o
 .debug_line    0x00009efc      0xf46 ./Middlewares/ST/STM32_USB_Device_Library/Core/Src/usbd_core.o
 .debug_line    0x0000ae42     0x1123 ./Middlewares/ST/STM32_USB_Device_Library/Core/Src/usbd_ctlreq.o
 .debug_line    0x0000bf65      0xa5c ./Middlewares/ST/STM32_USB_Device_Library/Core/Src/usbd_ioreq.o
 .debug_line    0x0000c9c1      0xa28 ./USB_DEVICE/App/usb_device.o
 .debug_line    0x0000d3e9      0xa3c ./USB_DEVICE/App/usbd_desc.o
 .debug_line    0x0000de25      0xac8 ./USB_DEVICE/App/usbd_midi_if.o
 .debug_line    0x0000e8ed      0xdfd ./USB_DEVICE/Target/usbd_conf.o

.debug_str      0x00000000    0x86efe
 .debug_str     0x00000000    0x86efe ./Core/Src/gpio.o
                              0x7f56c (size before relaxing)
 .debug_str     0x00086efe    0x84190 ./Core/Src/main.o
 .debug_str     0x00086efe    0x7f56c ./Core/Src/stm32f4xx_hal_msp.o
 .debug_str     0x00086efe    0x7f913 ./Core/Src/stm32f4xx_it.o
 .debug_str     0x00086efe    0x7f61c ./Core/Src/system_stm32f4xx.o
 .debug_str     0x00086efe       0x8e ./Core/Startup/startup_stm32f411ceux.o
 .debug_str     0x00086efe    0x80048 ./Drivers/STM32F4xx_HAL_Driver/Src/stm32f4xx_hal.o
 .debug_str     0x00086efe    0x7fdb2 ./Drivers/STM32F4xx_HAL_Driver/Src/stm32f4xx_hal_cortex.o
 .debug_str     0x00086efe    0x7f797 ./Drivers/STM32F4xx_HAL_Driver/Src/stm32f4xx_hal_gpio.o
 .debug_str     0x00086efe    0x800e8 ./Drivers/STM32F4xx_HAL_Driver/Src/stm32f4xx_hal_pcd.o
 .debug_str     0x00086efe    0x7f9d8 ./Drivers/STM32F4xx_HAL_Driver/Src/stm32f4xx_hal_pcd_ex.o
 .debug_str     0x00086efe    0x7fa50 ./Drivers/STM32F4xx_HAL_Driver/Src/stm32f4xx_hal_rcc.o
 .debug_str     0x00086efe    0x7ffc3 ./Drivers/STM32F4xx_HAL_Driver/Src/stm32f4xx_ll_usb.o
 .debug_str     0x00086efe    0x840fb ./Middlewares/ST/STM32_USB_Device_Library/Class/MIDI/Src/usbd_midi.o
 .debug_str     0x00086efe    0x83fd7 ./Middlewares/ST/STM32_USB_Device_Library/Core/Src/usbd_core.o
 .debug_str     0x00086efe    0x83e02 ./Middlewares/ST/STM32_USB_Device_Library/Core/Src/usbd_ctlreq.o
 .debug_str     0x00086efe    0x83cd7 ./Middlewares/ST/STM32_USB_Device_Library/Core/Src/usbd_ioreq.o
 .debug_str     0x00086efe    0x83f8f ./USB_DEVICE/App/usb_device.o
 .debug_str     0x00086efe    0x83b34 ./USB_DEVICE/App/usbd_desc.o
 .debug_str     0x00086efe    0x83bc7 ./USB_DEVICE/App/usbd_midi_if.o
 .debug_str     0x00086efe    0x84d2f ./USB_DEVICE/Target/usbd_conf.o

.comment        0x00000000       0x43
 .comment       0x00000000       0x43 ./Core/Src/gpio.o
                                 0x44 (size before relaxing)
 .comment       0x00000043       0x44 ./Core/Src/main.o
 .comment       0x00000043       0x44 ./Core/Src/stm32f4xx_hal_msp.o
 .comment       0x00000043       0x44 ./Core/Src/stm32f4xx_it.o
 .comment       0x00000043       0x44 ./Core/Src/system_stm32f4xx.o
 .comment       0x00000043       0x44 ./Drivers/STM32F4xx_HAL_Driver/Src/stm32f4xx_hal.o
 .comment       0x00000043       0x44 ./Drivers/STM32F4xx_HAL_Driver/Src/stm32f4xx_hal_cortex.o
 .comment       0x00000043       0x44 ./Drivers/STM32F4xx_HAL_Driver/Src/stm32f4xx_hal_gpio.o
 .comment       0x00000043       0x44 ./Drivers/STM32F4xx_HAL_Driver/Src/stm32f4xx_hal_pcd.o
 .comment       0x00000043       0x44 ./Drivers/STM32F4xx_HAL_Driver/Src/stm32f4xx_hal_pcd_ex.o
 .comment       0x00000043       0x44 ./Drivers/STM32F4xx_HAL_Driver/Src/stm32f4xx_hal_rcc.o
 .comment       0x00000043       0x44 ./Drivers/STM32F4xx_HAL_Driver/Src/stm32f4xx_ll_usb.o
 .comment       0x00000043       0x44 ./Middlewares/ST/STM32_USB_Device_Library/Class/MIDI/Src/usbd_midi.o
 .comment       0x00000043       0x44 ./Middlewares/ST/STM32_USB_Device_Library/Core/Src/usbd_core.o
 .comment       0x00000043       0x44 ./Middlewares/ST/STM32_USB_Device_Library/Core/Src/usbd_ctlreq.o
 .comment       0x00000043       0x44 ./Middlewares/ST/STM32_USB_Device_Library/Core/Src/usbd_ioreq.o
 .comment       0x00000043       0x44 ./USB_DEVICE/App/usb_device.o
 .comment       0x00000043       0x44 ./USB_DEVICE/App/usbd_desc.o
 .comment       0x00000043       0x44 ./USB_DEVICE/App/usbd_midi_if.o
 .comment       0x00000043       0x44 ./USB_DEVICE/Target/usbd_conf.o

.debug_frame    0x00000000     0x2b9c
 .debug_frame   0x00000000       0x38 ./Core/Src/gpio.o
 .debug_frame   0x00000038       0x68 ./Core/Src/main.o
 .debug_frame   0x000000a0       0x38 ./Core/Src/stm32f4xx_hal_msp.o
 .debug_frame   0x000000d8      0x120 ./Core/Src/stm32f4xx_it.o
 .debug_frame   0x000001f8       0x58 ./Core/Src/system_stm32f4xx.o
 .debug_frame   0x00000250      0x374 ./Drivers/STM32F4xx_HAL_Driver/Src/stm32f4xx_hal.o
 .debug_frame   0x000005c4      0x508 ./Drivers/STM32F4xx_HAL_Driver/Src/stm32f4xx_hal_cortex.o
 .debug_frame   0x00000acc      0x14c ./Drivers/STM32F4xx_HAL_Driver/Src/stm32f4xx_hal_gpio.o
 .debug_frame   0x00000c18      0x5b8 ./Drivers/STM32F4xx_HAL_Driver/Src/stm32f4xx_hal_pcd.o
 .debug_frame   0x000011d0       0xb0 ./Drivers/STM32F4xx_HAL_Driver/Src/stm32f4xx_hal_pcd_ex.o
 .debug_frame   0x00001280      0x1f4 ./Drivers/STM32F4xx_HAL_Driver/Src/stm32f4xx_hal_rcc.o
 .debug_frame   0x00001474      0x7c0 ./Drivers/STM32F4xx_HAL_Driver/Src/stm32f4xx_ll_usb.o
 .debug_frame   0x00001c34       0xf0 ./Middlewares/ST/STM32_USB_Device_Library/Class/MIDI/Src/usbd_midi.o
 .debug_frame   0x00001d24      0x390 ./Middlewares/ST/STM32_USB_Device_Library/Core/Src/usbd_core.o
 .debug_frame   0x000020b4      0x23c ./Middlewares/ST/STM32_USB_Device_Library/Core/Src/usbd_ctlreq.o
 .debug_frame   0x000022f0      0x10c ./Middlewares/ST/STM32_USB_Device_Library/Core/Src/usbd_ioreq.o
 .debug_frame   0x000023fc       0x2c ./USB_DEVICE/App/usb_device.o
 .debug_frame   0x00002428      0x114 ./USB_DEVICE/App/usbd_desc.o
 .debug_frame   0x0000253c      0x138 ./USB_DEVICE/App/usbd_midi_if.o
 .debug_frame   0x00002674      0x47c ./USB_DEVICE/Target/usbd_conf.o
 .debug_frame   0x00002af0       0x20 C:/ST/STM32CubeIDE_1.17.0/STM32CubeIDE/plugins/com.st.stm32cube.ide.mcu.externaltools.gnu-tools-for-stm32.13.3.rel1.win32_1.0.0.202411081344/tools/bin/../lib/gcc/arm-none-eabi/13.3.1/../../../../arm-none-eabi/lib/thumb/v7e-m+fp/hard\libc_nano.a(libc_a-memset.o)
 .debug_frame   0x00002b10       0x2c C:/ST/STM32CubeIDE_1.17.0/STM32CubeIDE/plugins/com.st.stm32cube.ide.mcu.externaltools.gnu-tools-for-stm32.13.3.rel1.win32_1.0.0.202411081344/tools/bin/../lib/gcc/arm-none-eabi/13.3.1/../../../../arm-none-eabi/lib/thumb/v7e-m+fp/hard\libc_nano.a(libc_a-init.o)
 .debug_frame   0x00002b3c       0x2c C:/ST/STM32CubeIDE_1.17.0/STM32CubeIDE/plugins/com.st.stm32cube.ide.mcu.externaltools.gnu-tools-for-stm32.13.3.rel1.win32_1.0.0.202411081344/tools/bin/../lib/gcc/arm-none-eabi/13.3.1/thumb/v7e-m+fp/hard\libgcc.a(_aeabi_uldivmod.o)
 .debug_frame   0x00002b68       0x34 C:/ST/STM32CubeIDE_1.17.0/STM32CubeIDE/plugins/com.st.stm32cube.ide.mcu.externaltools.gnu-tools-for-stm32.13.3.rel1.win32_1.0.0.202411081344/tools/bin/../lib/gcc/arm-none-eabi/13.3.1/thumb/v7e-m+fp/hard\libgcc.a(_udivmoddi4.o)

.debug_line_str
                0x00000000       0x72
 .debug_line_str
                0x00000000       0x72 ./Core/Startup/startup_stm32f411ceux.o
